--------- beginning of main
01-22 19:08:36.989  1749  2331 E WifiStaIfaceHidlImpl: getLinkLayerStatsV1_5 failed with status: {.code = ERROR_UNKNOWN, .description = unknown}
01-22 19:08:37.055  1086  1086 I BufferQueueProducer: [StatusBar#85](this:0xb400007e9a8508f8,id:-1,api:0,p:-1,c:1086) queueBuffer: fps=0.17 dur=6050.07 max=6050.07 min=6050.07
01-22 19:08:37.079   954  1023 I sensors-hal-OriginChannel: wise light debug, data[2].type is 65627,data[2].sensor is 91:[79.000000,,25.000000,,22.000000,0.000000,51430773517551]
01-22 19:08:37.257  3203  3203 D AtCmdIndication: handleMessage what:1001
01-22 19:08:37.257  3203  3203 D AtCmdParser: [PHONE0]< com.oplus.telephony.AtCmdParser$2@b7d4230 urc ind:+ECSQ: 24,60,-292,1,1,-32,-324,4096,74,5
01-22 19:08:37.279   954  1023 I sensors-hal-OriginChannel: wise light debug, data[2].type is 65627,data[2].sensor is 91:[113.000000,,25.000000,,4.000000,0.000000,51430973511445]
01-22 19:08:37.431   989  1069 D vendor.oplus.hardware.charger-V3-service: BmsAcOnline: ac_online = 0
01-22 19:08:37.432   989  1069 D vendor.oplus.hardware.charger-V3-service: BmsAcOnline: usb online and usb_type = 1.
01-22 19:08:37.432   989  1069 D vendor.oplus.hardware.charger-V3-service: BmsAcOnline: usb online and usb charging
01-22 19:08:37.440  3134  3554 D CommonScenarios-103-10305: transportLayerQosChange TransportLayerData{link_index=34, uid=10305, uplink_srtt=0, uplink_packets=0, uplink_retrans_packets=0, uplink_retrans_rate=0, downlink_srtt=0, downlink_packets=0, downlink_retrans_packets=0, downlink_retrans_rate=0, downlink_rate=0, uplink_udp_packets=0, downlink_udp_packets=0, uplink_tcp_rate=0, uplink_udp_rate=0, downlink_tcp_rate=0, downlink_udp_rate=0}
01-22 19:08:37.441  3134  3554 D CommonScenarios-103-10305: ActiveState process message 2
01-22 19:08:37.441  3134  3554 D CommonScenarios-103-10305: ActiveState EVENT_NETWORK_KPI_CHANGE
01-22 19:08:37.441  3134  3554 D CommonScenarios-103-10305: transport layer data is invalid
01-22 19:08:37.441  3134  3554 D CommonScenarios-103-10305: ActiveState EVENT_NETWORK_KPI_CHANGE score is invalid
01-22 19:08:37.479   954  1023 I sensors-hal-OriginChannel: wise light debug, data[2].type is 65627,data[2].sensor is 91:[150.000000,,25.000000,,4.000000,0.000000,51431173441321]
01-22 19:08:37.679   954  1023 I sensors-hal-OriginChannel: wise light debug, data[2].type is 65627,data[2].sensor is 91:[152.000000,,150.000000,,6.000000,0.000000,51431373496109]
01-22 19:08:37.881   954  1023 I sensors-hal-OriginChannel: wise light debug, data[2].type is 65627,data[2].sensor is 91:[148.000000,,125.000000,,5.000000,0.000000,51431573610946]
01-22 19:08:38.037  1390  1390 I thermal_repeater: [recvMdThermalInfo] ret=29, strLen=127,  3, 29, -127, 0, 32767, 10441
01-22 19:08:38.080   954  1023 I sensors-hal-OriginChannel: wise light debug, data[2].type is 65627,data[2].sensor is 91:[136.000000,,125.000000,,5.000000,0.000000,51431773556484]
01-22 19:08:38.145  3203  3203 D AtCmdIndication: handleMessage what:1001
01-22 19:08:38.145  3203  3203 D AtCmdParser: [PHONE0]< com.oplus.telephony.AtCmdParser$2@b7d4230 urc ind:+ECSQ: 255,255,1,1,1,1,1,4096,32767,5
01-22 19:08:38.281   954  1023 I sensors-hal-OriginChannel: wise light debug, data[2].type is 65627,data[2].sensor is 91:[128.000000,,150.000000,,15.000000,0.000000,51431973321412]
01-22 19:08:38.466  3134  3554 D CommonScenarios-103-10305: transportLayerQosChange TransportLayerData{link_index=34, uid=10305, uplink_srtt=0, uplink_packets=0, uplink_retrans_packets=0, uplink_retrans_rate=0, downlink_srtt=0, downlink_packets=0, downlink_retrans_packets=0, downlink_retrans_rate=0, downlink_rate=0, uplink_udp_packets=0, downlink_udp_packets=0, uplink_tcp_rate=0, uplink_udp_rate=0, downlink_tcp_rate=0, downlink_udp_rate=0}
01-22 19:08:38.466  3134  3554 D CommonScenarios-103-10305: ActiveState process message 2
01-22 19:08:38.466  3134  3554 D CommonScenarios-103-10305: ActiveState EVENT_NETWORK_KPI_CHANGE
01-22 19:08:38.466  3134  3554 D CommonScenarios-103-10305: transport layer data is invalid
01-22 19:08:38.466  3134  3554 D CommonScenarios-103-10305: ActiveState EVENT_NETWORK_KPI_CHANGE score is invalid
01-22 19:08:38.480   954  1023 I sensors-hal-OriginChannel: wise light debug, data[2].type is 65627,data[2].sensor is 91:[134.000000,,150.000000,,16.000000,0.000000,51432173513989]
01-22 19:08:38.624  3203  3203 D AtCmdIndication: handleMessage what:1001
01-22 19:08:38.624  3203  3203 D AtCmdParser: parserAtcmdUrc can not find parser for +EPHYCONFIGN
01-22 19:08:38.628  3203  3203 D AtCmdIndication: handleMessage what:1001
01-22 19:08:38.628  3203  3203 D AtCmdParser: parserAtcmdUrc can not find parser for +EPHYCONFIGN
01-22 19:08:38.630  3203  3203 D AtCmdIndication: handleMessage what:1001
01-22 19:08:38.630  3203  3203 D AtCmdParser: parserAtcmdUrc can not find parser for +EPHYCONFIG
01-22 19:08:38.632  3203  3203 D AtCmdIndication: handleMessage what:1001
01-22 19:08:38.632  3203  3203 D AtCmdParser: parserAtcmdUrc can not find parser for +EPHYCONFIGN
01-22 19:08:38.681   954  1023 I sensors-hal-OriginChannel: wise light debug, data[2].type is 65627,data[2].sensor is 91:[156.000000,,100.000000,,6.000000,0.000000,51432373350076]
01-22 19:08:38.718  3203  3203 D AtCmdIndication: handleMessage what:1001
01-22 19:08:38.719  3203  3203 D AtCmdParser: [PHONE0]< com.oplus.telephony.AtCmdParser$2@b7d4230 urc ind:+ECSQ: 255,255,1,1,1,1,1,4096,32767,-1
01-22 19:08:38.860   989  1074 D vendor.oplus.hardware.charger-V3-service: read content:,289,-2740,4415,4415,-355,500,2200,100,100,1,4,-1,4962,100,1,1048704,1,1,0,0,4425,0,10,0,10,0,0,0,292,0,4,1,0,0,61,61,61,0,0,0,0,0,0,0,0,0,0
01-22 19:08:38.860   989  1074 D vendor.oplus.hardware.charger-V3-service: , ret_value:141
01-22 19:08:38.861   989  1074 D vendor.oplus.hardware.charger-V3-service: gmtime: 2026-01-22-19-08-38
01-22 19:08:38.880   954  1023 I sensors-hal-OriginChannel: wise light debug, data[4].type is 65627,data[4].sensor is 91:[156.000000,,200.000000,,6.000000,0.000000,51432573508854]
--------- beginning of system
01-22 19:08:38.883  1749  1949 D OplusSmartBrightnessController: handleMessage MSG_LUX_CHANGED, mLux:15.068396 luxQueue=[15.068396, 15.068396, 15.068396, 15.068396, 15.068396, 15.068396, 15.068396, 15.068396, 15.068396, 15.068396, 15.068396]
01-22 19:08:39.080   954  1023 I sensors-hal-OriginChannel: wise light debug, data[2].type is 65627,data[2].sensor is 91:[157.000000,,175.000000,,6.000000,0.000000,51432773320518]
01-22 19:08:39.281   954  1023 I sensors-hal-OriginChannel: wise light debug, data[2].type is 65627,data[2].sensor is 91:[156.000000,,175.000000,,6.000000,0.000000,51432973525220]
01-22 19:08:39.481   954  1023 I sensors-hal-OriginChannel: wise light debug, data[2].type is 65627,data[2].sensor is 91:[156.000000,,175.000000,,6.000000,0.000000,51433173710724]
01-22 19:08:39.490  3134  3554 D CommonScenarios-103-10305: transportLayerQosChange TransportLayerData{link_index=34, uid=10305, uplink_srtt=0, uplink_packets=0, uplink_retrans_packets=0, uplink_retrans_rate=0, downlink_srtt=0, downlink_packets=0, downlink_retrans_packets=0, downlink_retrans_rate=0, downlink_rate=0, uplink_udp_packets=0, downlink_udp_packets=0, uplink_tcp_rate=0, uplink_udp_rate=0, downlink_tcp_rate=0, downlink_udp_rate=0}
01-22 19:08:39.490  3134  3554 D CommonScenarios-103-10305: ActiveState process message 2
01-22 19:08:39.490  3134  3554 D CommonScenarios-103-10305: ActiveState EVENT_NETWORK_KPI_CHANGE
01-22 19:08:39.490  3134  3554 D CommonScenarios-103-10305: transport layer data is invalid
01-22 19:08:39.490  3134  3554 D CommonScenarios-103-10305: ActiveState EVENT_NETWORK_KPI_CHANGE score is invalid
01-22 19:08:39.681   954  1023 I sensors-hal-OriginChannel: wise light debug, data[2].type is 65627,data[2].sensor is 91:[155.000000,,125.000000,,6.000000,0.000000,51433373351335]
01-22 19:08:39.881   954  1023 I sensors-hal-OriginChannel: wise light debug, data[2].type is 65627,data[2].sensor is 91:[156.000000,,200.000000,,4.000000,0.000000,51433573780965]
01-22 19:08:40.017  2434  2434 I android.hardware.wifi@1.0-service-lazy: WifiCommand::requestResponse err=-14
01-22 19:08:40.017  2434  2434 I WifiHAL : wifi_get_link_stats: result=-1
01-22 19:08:40.018  1749  2331 E WifiStaIfaceHidlImpl: getLinkLayerStatsV1_5 failed with status: {.code = ERROR_UNKNOWN, .description = unknown}
01-22 19:08:40.080   954  1023 I sensors-hal-OriginChannel: wise light debug, data[3].type is 65627,data[3].sensor is 91:[156.000000,,175.000000,,6.000000,0.000000,51433773029234]
01-22 19:08:40.282   954  1023 I sensors-hal-OriginChannel: wise light debug, data[2].type is 65627,data[2].sensor is 91:[154.000000,,175.000000,,6.000000,0.000000,51433974087912]
01-22 19:08:40.481   954  1023 I sensors-hal-OriginChannel: wise light debug, data[2].type is 65627,data[2].sensor is 91:[154.000000,,175.000000,,4.000000,0.000000,51434173356200]
01-22 19:08:40.513  3134  3554 D CommonScenarios-103-10305: transportLayerQosChange TransportLayerData{link_index=34, uid=10305, uplink_srtt=0, uplink_packets=0, uplink_retrans_packets=0, uplink_retrans_rate=0, downlink_srtt=0, downlink_packets=0, downlink_retrans_packets=0, downlink_retrans_rate=0, downlink_rate=0, uplink_udp_packets=0, downlink_udp_packets=0, uplink_tcp_rate=0, uplink_udp_rate=0, downlink_tcp_rate=0, downlink_udp_rate=0}
01-22 19:08:40.514  3134  3554 D CommonScenarios-103-10305: ActiveState process message 2
01-22 19:08:40.514  3134  3554 D CommonScenarios-103-10305: ActiveState EVENT_NETWORK_KPI_CHANGE
01-22 19:08:40.514  3134  3554 D CommonScenarios-103-10305: transport layer data is invalid
01-22 19:08:40.514  3134  3554 D CommonScenarios-103-10305: ActiveState EVENT_NETWORK_KPI_CHANGE score is invalid
01-22 19:08:40.601  1749  2732 E OplusNetworkStatsNative: bpfGetAppPurStatsTotal return 0
01-22 19:08:40.601  3134  3554 D OplusUidPurStatsSerivce-NAS: checkLoopProcess mLastStatsValue:0; curStats:0
01-22 19:08:40.681   954  1023 I sensors-hal-OriginChannel: wise light debug, data[2].type is 65627,data[2].sensor is 91:[155.000000,,175.000000,,4.000000,0.000000,51434373526027]
01-22 19:08:40.701 12246 20835 D ShellSubscriberWorkerThread: the first 8 bytes empty, and RestData length > 8 
01-22 19:08:40.746  1749  1914 D AES     : AEEIOCTL_GET/SET_SF_STATE IOCTL,cmd= 1074294797, lParam=0. 
01-22 19:08:40.747  1749  1914 D AES     : AEEIOCTL_RT_MON_Kick IOCTL,cmd= 2147774474, lParam=300. 
01-22 19:08:40.881   954  1023 I sensors-hal-OriginChannel: wise light debug, data[4].type is 65627,data[4].sensor is 91:[155.000000,,175.000000,,6.000000,0.000000,51434573509171]
01-22 19:08:40.883  1749  1949 D OplusSmartBrightnessController: handleMessage MSG_LUX_CHANGED, mLux:15.068396 luxQueue=[15.068396, 15.068396, 15.068396, 15.068396, 15.068396, 15.068396, 15.068396, 15.068396, 15.068396, 15.068396]
01-22 19:08:41.080   954  1023 I sensors-hal-OriginChannel: wise light debug, data[2].type is 65627,data[2].sensor is 91:[154.000000,,175.000000,,6.000000,0.000000,51434773318931]
01-22 19:08:41.281   954  1023 I sensors-hal-OriginChannel: wise light debug, data[1].type is 65627,data[1].sensor is 91:[154.000000,,175.000000,,4.000000,0.000000,51434973535849]
01-22 19:08:41.481   954  1023 I sensors-hal-OriginChannel: wise light debug, data[2].type is 65627,data[2].sensor is 91:[155.000000,,150.000000,,6.000000,0.000000,51435173325040]
01-22 19:08:41.536  3134  3554 D CommonScenarios-103-10305: transportLayerQosChange TransportLayerData{link_index=34, uid=10305, uplink_srtt=0, uplink_packets=0, uplink_retrans_packets=0, uplink_retrans_rate=0, downlink_srtt=0, downlink_packets=0, downlink_retrans_packets=0, downlink_retrans_rate=0, downlink_rate=0, uplink_udp_packets=0, downlink_udp_packets=0, uplink_tcp_rate=0, uplink_udp_rate=0, downlink_tcp_rate=0, downlink_udp_rate=0}
01-22 19:08:41.537  3134  3554 D CommonScenarios-103-10305: ActiveState process message 2
01-22 19:08:41.537  3134  3554 D CommonScenarios-103-10305: ActiveState EVENT_NETWORK_KPI_CHANGE
01-22 19:08:41.537  3134  3554 D CommonScenarios-103-10305: transport layer data is invalid
01-22 19:08:41.537  3134  3554 D CommonScenarios-103-10305: ActiveState EVENT_NETWORK_KPI_CHANGE score is invalid
01-22 19:08:41.578  1749  2663 I Osense-BaseDecisionMaker: notifySceneToAthenaPolicy: SCENE_IDLE_RECOVER, bundle: Bundle[{scene=SCENE_IDLE_RECOVER}]
01-22 19:08:41.592  1749  2663 I Osense-BaseDecisionMaker: scene: SCENE_IDLE_RECOVER, excutingPolicy: cpn
01-22 19:08:41.592  1749  2663 D Osense-BaseDecisionMaker: invoke cpn policy
01-22 19:08:41.592  1749  2663 I Osense-BaseDecisionMaker: scene: SCENE_IDLE_RECOVER, excutingPolicy: respreload
01-22 19:08:41.592  1749  2663 D Osense-BaseDecisionMaker: invoke process preload policy
01-22 19:08:41.593  1749  2663 I Osense-BaseDecisionMaker: scene: SCENE_IDLE_RECOVER, excutingPolicy: clear
01-22 19:08:41.593  1749  2663 D Osense-BaseDecisionMaker: invoke clear policy,type: unforbid
01-22 19:08:41.593  1749  2663 I OsenseKillAction: KillAction: unhandled request: id=854, enable=true, scene=SCENE_IDLE_RECOVER, type=unforbid, cchOnly=false
01-22 19:08:41.681   954  1023 I sensors-hal-OriginChannel: wise light debug, data[2].type is 65627,data[2].sensor is 91:[154.000000,,200.000000,,4.000000,0.000000,51435373672820]
01-22 19:08:41.683  1086  4132 D SurfaceFlinger: captureDisplay from pid 1086 uid -1 display 4627039422300187648
01-22 19:08:41.881   954  1023 I sensors-hal-OriginChannel: wise light debug, data[1].type is 65627,data[1].sensor is 91:[154.000000,,175.000000,,4.000000,0.000000,51435573290935]
01-22 19:08:42.081   954  1023 I sensors-hal-OriginChannel: wise light debug, data[4].type is 65627,data[4].sensor is 91:[154.000000,,200.000000,,6.000000,0.000000,51435773735839]
01-22 19:08:42.281   954  1023 I sensors-hal-OriginChannel: wise light debug, data[2].type is 65627,data[2].sensor is 91:[154.000000,,200.000000,,4.000000,0.000000,51435973576440]
01-22 19:08:42.457 12246 13066 D ScreenStatusProducer: Current queue status: isIdle = true, isPolling = true
01-22 19:08:42.481   954  1023 I sensors-hal-OriginChannel: wise light debug, data[2].type is 65627,data[2].sensor is 91:[154.000000,,175.000000,,6.000000,0.000000,51436173379738]
01-22 19:08:42.541 10082 26471 E Oms-SDK.: [WearableApiManager]Service---->true
01-22 19:08:42.544  1749 10642 W ActivityManager: Unable to start service Intent { act=com.heytap.wearable.oms.SERVICE pkg=com.heytap.health mCallingUid=10099 } U=0: not found
01-22 19:08:42.561  3134  3554 D CommonScenarios-103-10305: transportLayerQosChange TransportLayerData{link_index=34, uid=10305, uplink_srtt=0, uplink_packets=0, uplink_retrans_packets=0, uplink_retrans_rate=0, downlink_srtt=0, downlink_packets=0, downlink_retrans_packets=0, downlink_retrans_rate=0, downlink_rate=0, uplink_udp_packets=0, downlink_udp_packets=0, uplink_tcp_rate=0, uplink_udp_rate=0, downlink_tcp_rate=0, downlink_udp_rate=0}
01-22 19:08:42.561  3134  3554 D CommonScenarios-103-10305: ActiveState process message 2
01-22 19:08:42.561  3134  3554 D CommonScenarios-103-10305: ActiveState EVENT_NETWORK_KPI_CHANGE
01-22 19:08:42.562  3134  3554 D CommonScenarios-103-10305: transport layer data is invalid
01-22 19:08:42.562  3134  3554 D CommonScenarios-103-10305: ActiveState EVENT_NETWORK_KPI_CHANGE score is invalid
01-22 19:08:42.681   954  1023 I sensors-hal-OriginChannel: wise light debug, data[2].type is 65627,data[2].sensor is 91:[154.000000,,175.000000,,4.000000,0.000000,51436373518248]
01-22 19:08:42.880   954  1023 I sensors-hal-OriginChannel: wise light debug, data[2].type is 65627,data[2].sensor is 91:[155.000000,,150.000000,,4.000000,0.000000,51436573306247]
01-22 19:08:42.884  1749  1949 D OplusSmartBrightnessController: handleMessage MSG_LUX_CHANGED, mLux:28.40894 luxQueue=[28.40894, 28.40894, 28.40894, 28.40894, 28.40894, 28.40894]
01-22 19:08:43.039  2434  2434 I android.hardware.wifi@1.0-service-lazy: WifiCommand::requestResponse err=-14
01-22 19:08:43.039  2434  2434 I WifiHAL : wifi_get_link_stats: result=-1
01-22 19:08:43.040  1749  2331 E WifiStaIfaceHidlImpl: getLinkLayerStatsV1_5 failed with status: {.code = ERROR_UNKNOWN, .description = unknown}
01-22 19:08:43.079   954  1023 I sensors-hal-OriginChannel: wise light debug, data[1].type is 65627,data[1].sensor is 91:[154.000000,,175.000000,,6.000000,0.000000,51436773526330]
01-22 19:08:43.099  1086  1086 I BufferQueueProducer: [StatusBar#85](this:0xb400007e9a8508f8,id:-1,api:0,p:-1,c:1086) queueBuffer: fps=0.17 dur=6043.89 max=6043.89 min=6043.89
01-22 19:08:43.280   954  1023 I sensors-hal-OriginChannel: wise light debug, data[2].type is 65627,data[2].sensor is 91:[154.000000,,175.000000,,4.000000,0.000000,51436973520811]
01-22 19:08:43.393   989  1069 D vendor.oplus.hardware.charger-V3-service: BmsAcOnline: ac_online = 0
01-22 19:08:43.393   989  1069 D vendor.oplus.hardware.charger-V3-service: BmsAcOnline: usb online and usb_type = 1.
01-22 19:08:43.393   989  1069 D vendor.oplus.hardware.charger-V3-service: BmsAcOnline: usb online and usb charging
01-22 19:08:43.412  3203  3203 D AtCmdIndication: handleMessage what:1001
01-22 19:08:43.412  3203  3203 D AtCmdParser: parserAtcmdUrc can not find parser for +EPHYCONFIGN
01-22 19:08:43.434  3203  3203 D AtCmdIndication: handleMessage what:1001
01-22 19:08:43.434  3203  3203 D AtCmdParser: parserAtcmdUrc can not find parser for +EPHYCONFIGN
01-22 19:08:43.437  3203  3203 D AtCmdIndication: handleMessage what:1001
01-22 19:08:43.437  3203  3203 D AtCmdParser: parserAtcmdUrc can not find parser for +EPHYCONFIG
01-22 19:08:43.439  3203  3203 D AtCmdIndication: handleMessage what:1001
01-22 19:08:43.439  3203  3203 D AtCmdParser: parserAtcmdUrc can not find parser for +EPHYCONFIGN
01-22 19:08:43.479   954  1023 I sensors-hal-OriginChannel: wise light debug, data[2].type is 65627,data[2].sensor is 91:[154.000000,,150.000000,,6.000000,0.000000,51437173325465]
01-22 19:08:43.585  3134  3554 D CommonScenarios-103-10305: transportLayerQosChange TransportLayerData{link_index=34, uid=10305, uplink_srtt=0, uplink_packets=0, uplink_retrans_packets=0, uplink_retrans_rate=0, downlink_srtt=0, downlink_packets=0, downlink_retrans_packets=0, downlink_retrans_rate=0, downlink_rate=0, uplink_udp_packets=0, downlink_udp_packets=0, uplink_tcp_rate=0, uplink_udp_rate=0, downlink_tcp_rate=0, downlink_udp_rate=0}
01-22 19:08:43.586  3134  3554 D CommonScenarios-103-10305: ActiveState process message 2
01-22 19:08:43.586  3134  3554 D CommonScenarios-103-10305: ActiveState EVENT_NETWORK_KPI_CHANGE
01-22 19:08:43.586  3134  3554 D CommonScenarios-103-10305: transport layer data is invalid
01-22 19:08:43.586  3134  3554 D CommonScenarios-103-10305: ActiveState EVENT_NETWORK_KPI_CHANGE score is invalid
01-22 19:08:43.649  2593  2593 I SystemUi--Statusbar: BatteryControllerExt-->handleBroadcast() : broadcast = android.intent.action.BATTERY_CHANGED, charging = false, wirelessCharging = false, wirelessChargingReverse = false, pluggedIn = true, full = true, error = false, plugged = 2, status = 5, notifyCode = 100000000000010000000, wirelessReverseChgType = 0, level = 100
01-22 19:08:43.649  2593  2593 I SystemUi--Statusbar: BatteryRepository-->model: BatteryStateModel:(level: 100, pluggedInWireless: false, charging: false, wirelessChargingReverse: false)
01-22 19:08:43.650  2593  2593 W SystemUi--Keyguard: ChargingAnimationImpl-->BatteryStatus is same as last time , return
01-22 19:08:43.650  3203  3203 D SubsysBroadcastManager: onReceive action:android.intent.action.BATTERY_CHANGED
01-22 19:08:43.654  5050  5121 E Battery : a: getAISleepDuration: predictResult is null.
01-22 19:08:43.654  5050  5121 E Battery : ChargeProtectionUtils: mCanlendarTmp.isEmpty()!
01-22 19:08:43.679   954  1023 I sensors-hal-OriginChannel: wise light debug, data[1].type is 65627,data[1].sensor is 91:[155.000000,,150.000000,,6.000000,0.000000,51437373531349]
01-22 19:08:43.863   989  1074 D vendor.oplus.hardware.charger-V3-service: read content:,289,-2740,4410,4410,-310,500,2200,100,100,1,4,-1,4956,100,1,1048704,1,1,0,0,4425,0,10,0,10,0,0,0,292,0,4,1,0,0,61,61,61,0,0,0,0,0,0,0,0,0,0
01-22 19:08:43.863   989  1074 D vendor.oplus.hardware.charger-V3-service: , ret_value:141
01-22 19:08:43.864   989  1074 D vendor.oplus.hardware.charger-V3-service: gmtime: 2026-01-22-19-08-43
01-22 19:08:43.879   954  1023 I sensors-hal-OriginChannel: wise light debug, data[2].type is 65627,data[2].sensor is 91:[153.000000,,175.000000,,4.000000,0.000000,51437573366042]
01-22 19:08:44.081   954  1023 I sensors-hal-OriginChannel: wise light debug, data[4].type is 65627,data[4].sensor is 91:[154.000000,,175.000000,,6.000000,0.000000,51437773290970]
01-22 19:08:44.281   954  1023 I sensors-hal-OriginChannel: wise light debug, data[2].type is 65627,data[2].sensor is 91:[155.000000,,175.000000,,4.000000,0.000000,51437973497114]
01-22 19:08:44.481   954  1023 I sensors-hal-OriginChannel: wise light debug, data[2].type is 65627,data[2].sensor is 91:[154.000000,,200.000000,,6.000000,0.000000,51438173646047]
01-22 19:08:44.610  3134  3554 D CommonScenarios-103-10305: transportLayerQosChange TransportLayerData{link_index=34, uid=10305, uplink_srtt=0, uplink_packets=0, uplink_retrans_packets=0, uplink_retrans_rate=0, downlink_srtt=0, downlink_packets=0, downlink_retrans_packets=0, downlink_retrans_rate=0, downlink_rate=0, uplink_udp_packets=0, downlink_udp_packets=0, uplink_tcp_rate=0, uplink_udp_rate=0, downlink_tcp_rate=0, downlink_udp_rate=0}
01-22 19:08:44.610  3134  3554 D CommonScenarios-103-10305: ActiveState process message 2
01-22 19:08:44.610  3134  3554 D CommonScenarios-103-10305: ActiveState EVENT_NETWORK_KPI_CHANGE
01-22 19:08:44.610  3134  3554 D CommonScenarios-103-10305: transport layer data is invalid
01-22 19:08:44.610  3134  3554 D CommonScenarios-103-10305: ActiveState EVENT_NETWORK_KPI_CHANGE score is invalid
01-22 19:08:44.681   954  1023 I sensors-hal-OriginChannel: wise light debug, data[4].type is 65627,data[4].sensor is 91:[155.000000,,175.000000,,6.000000,0.000000,51438373111657]
01-22 19:08:44.881   954  1023 I sensors-hal-OriginChannel: wise light debug, data[1].type is 65627,data[1].sensor is 91:[154.000000,,125.000000,,6.000000,0.000000,51438573512499]
01-22 19:08:44.885  1749  1949 D OplusSmartBrightnessController: handleMessage MSG_LUX_CHANGED, mLux:28.40894 luxQueue=[28.40894, 28.40894, 28.40894, 28.40894, 28.40894, 28.40894, 28.40894, 28.40894, 28.40894, 28.40894]
01-22 19:08:45.081   954  1023 I sensors-hal-OriginChannel: wise light debug, data[2].type is 65627,data[2].sensor is 91:[154.000000,,150.000000,,4.000000,0.000000,51438773525214]
01-22 19:08:45.279   954  1023 I sensors-hal-OriginChannel: wise light debug, data[2].type is 65627,data[2].sensor is 91:[154.000000,,150.000000,,8.000000,0.000000,51438973331282]
01-22 19:08:45.481   954  1023 I sensors-hal-OriginChannel: wise light debug, data[1].type is 65627,data[1].sensor is 91:[100.000000,,25.000000,,4.000000,0.000000,51439173521152]
01-22 19:08:45.633  3134  3554 D CommonScenarios-103-10305: transportLayerQosChange TransportLayerData{link_index=34, uid=10305, uplink_srtt=0, uplink_packets=0, uplink_retrans_packets=0, uplink_retrans_rate=0, downlink_srtt=0, downlink_packets=0, downlink_retrans_packets=0, downlink_retrans_rate=0, downlink_rate=0, uplink_udp_packets=0, downlink_udp_packets=0, uplink_tcp_rate=0, uplink_udp_rate=0, downlink_tcp_rate=0, downlink_udp_rate=0}
01-22 19:08:45.634  3134  3554 D CommonScenarios-103-10305: ActiveState process message 2
01-22 19:08:45.634  3134  3554 D CommonScenarios-103-10305: ActiveState EVENT_NETWORK_KPI_CHANGE
01-22 19:08:45.634  3134  3554 D CommonScenarios-103-10305: transport layer data is invalid
01-22 19:08:45.634  3134  3554 D CommonScenarios-103-10305: ActiveState EVENT_NETWORK_KPI_CHANGE score is invalid
01-22 19:08:45.681   954  1023 I sensors-hal-OriginChannel: wise light debug, data[2].type is 65627,data[2].sensor is 91:[98.000000,,125.000000,,7.000000,0.000000,51439373324243]
01-22 19:08:45.702 12246 20835 D ShellSubscriberWorkerThread: the first 8 bytes empty, and RestData length > 8 
01-22 19:08:45.827  4248  4302 I midasd  : OplusObrainService::notifyEventInt eventId:21 iParam:0
01-22 19:08:45.829 12246 13956 I OplusObrain: OplusObrainClientInvoke.nativeGetTelephonyInfo
01-22 19:08:45.831 12246 13956 I OplusObrain: OplusObrainClientInvoke.nativeGetTrafficTypeInfoForNetworkType networkType 0
01-22 19:08:45.832  1749 10642 D KernelStatsHelper: getKernelStats start!
01-22 19:08:45.835  1749  2403 D OplusNetlinkSocket: handleNetlinkRecvKernelMessage:nlmsghdr:StructNlMsgHdr{ nlmsg_len{3004}, nlmsg_type{29()}, nlmsg_flags{0()}, nlmsg_seq{0}, nlmsg_pid{114624867} }
01-22 19:08:45.835  1749  2403 D KernelStatsHelper: get magic :[-1, -1, -1, 77, 65, 71, 73, 67]
01-22 19:08:45.835  1749  2403 D KernelStatsHelper: magic matched count:63 data_len:3276
01-22 19:08:45.835  1749  2403 D OplusNetlinkSocket: handleNetlinkRecvKernelMessage:nlmsghdr:StructNlMsgHdr{ nlmsg_len{336}, nlmsg_type{29()}, nlmsg_flags{0()}, nlmsg_seq{0}, nlmsg_pid{114624867} }
01-22 19:08:45.835  1749  2403 D KernelStatsHelper: data over! check: true
01-22 19:08:45.864 12246 13956 E MIDASApplication: PackageManagerUtil: getAudioPackageList err android.content.pm.PackageManager$NameNotFoundException: Others
01-22 19:08:45.866 12246 13956 E MIDASApplication: PackageManagerUtil: getAudioPackageList err android.content.pm.PackageManager$NameNotFoundException: Others
01-22 19:08:45.879   954  1023 I sensors-hal-OriginChannel: wise light debug, data[2].type is 65627,data[2].sensor is 91:[97.000000,,200.000000,,5.000000,0.000000,51439573520339]
01-22 19:08:46.064  2434  2434 I android.hardware.wifi@1.0-service-lazy: WifiCommand::requestResponse err=-14
01-22 19:08:46.064  2434  2434 I WifiHAL : wifi_get_link_stats: result=-1
01-22 19:08:46.065  1749  2331 E WifiStaIfaceHidlImpl: getLinkLayerStatsV1_5 failed with status: {.code = ERROR_UNKNOWN, .description = unknown}
01-22 19:08:46.080   954  1023 I sensors-hal-OriginChannel: wise light debug, data[4].type is 65627,data[4].sensor is 91:[94.000000,,200.000000,,5.000000,0.000000,51439773704248]
01-22 19:08:46.134  1086  1086 I BufferQueueProducer: [StatusBar#85](this:0xb400007e9a8508f8,id:-1,api:0,p:-1,c:1086) queueBuffer: fps=0.33 dur=3035.11 max=3035.11 min=3035.11
01-22 19:08:46.281   954  1023 I sensors-hal-OriginChannel: wise light debug, data[2].type is 65627,data[2].sensor is 91:[93.000000,,175.000000,,5.000000,0.000000,51439973701869]
01-22 19:08:46.481   954  1023 I sensors-hal-OriginChannel: wise light debug, data[2].type is 65627,data[2].sensor is 91:[92.000000,,200.000000,,8.000000,0.000000,51440173656845]
01-22 19:08:46.657  3134  3554 D CommonScenarios-103-10305: transportLayerQosChange TransportLayerData{link_index=34, uid=10305, uplink_srtt=0, uplink_packets=0, uplink_retrans_packets=0, uplink_retrans_rate=0, downlink_srtt=0, downlink_packets=0, downlink_retrans_packets=0, downlink_retrans_rate=0, downlink_rate=0, uplink_udp_packets=0, downlink_udp_packets=0, uplink_tcp_rate=0, uplink_udp_rate=0, downlink_tcp_rate=0, downlink_udp_rate=0}
01-22 19:08:46.658  3134  3554 D CommonScenarios-103-10305: ActiveState process message 2
01-22 19:08:46.658  3134  3554 D CommonScenarios-103-10305: ActiveState EVENT_NETWORK_KPI_CHANGE
01-22 19:08:46.658  3134  3554 D CommonScenarios-103-10305: transport layer data is invalid
01-22 19:08:46.658  3134  3554 D CommonScenarios-103-10305: ActiveState EVENT_NETWORK_KPI_CHANGE score is invalid
01-22 19:08:46.681   954  1023 I sensors-hal-OriginChannel: wise light debug, data[3].type is 65627,data[3].sensor is 91:[92.000000,,175.000000,,5.000000,0.000000,51440373602739]
01-22 19:08:46.880   954  1023 I sensors-hal-OriginChannel: wise light debug, data[2].type is 65627,data[2].sensor is 91:[92.000000,,175.000000,,8.000000,0.000000,51440573924552]
01-22 19:08:46.883  1086  4132 D SurfaceFlinger: captureDisplay from pid 1086 uid -1 display 4627039422300187648
01-22 19:08:46.885  1749  1949 D OplusSmartBrightnessController: handleMessage MSG_LUX_CHANGED, mLux:28.40894 luxQueue=[28.40894, 28.40894, 28.40894, 28.40894, 28.40894, 28.40894, 28.40894, 28.40894, 28.40894, 28.40894]
01-22 19:08:47.081   954  1023 I sensors-hal-OriginChannel: wise light debug, data[2].type is 65627,data[2].sensor is 91:[93.000000,,150.000000,,5.000000,0.000000,51440773327638]
01-22 19:08:47.281   954  1023 I sensors-hal-OriginChannel: wise light debug, data[2].type is 65627,data[2].sensor is 91:[93.000000,,150.000000,,5.000000,0.000000,51440973540955]
01-22 19:08:47.481   954  1023 I sensors-hal-OriginChannel: wise light debug, data[2].type is 65627,data[2].sensor is 91:[93.000000,,200.000000,,2.000000,0.000000,51441173506191]
01-22 19:08:47.679   954  1023 I sensors-hal-OriginChannel: wise light debug, data[2].type is 65627,data[2].sensor is 91:[95.000000,,175.000000,,2.000000,0.000000,51441373321916]
01-22 19:08:47.680  3134  3554 D CommonScenarios-103-10305: transportLayerQosChange TransportLayerData{link_index=34, uid=10305, uplink_srtt=0, uplink_packets=0, uplink_retrans_packets=0, uplink_retrans_rate=0, downlink_srtt=0, downlink_packets=0, downlink_retrans_packets=0, downlink_retrans_rate=0, downlink_rate=0, uplink_udp_packets=0, downlink_udp_packets=0, uplink_tcp_rate=0, uplink_udp_rate=0, downlink_tcp_rate=0, downlink_udp_rate=0}
01-22 19:08:47.680  3134  3554 D CommonScenarios-103-10305: ActiveState process message 2
01-22 19:08:47.680  3134  3554 D CommonScenarios-103-10305: ActiveState EVENT_NETWORK_KPI_CHANGE
01-22 19:08:47.680  3134  3554 D CommonScenarios-103-10305: transport layer data is invalid
01-22 19:08:47.680  3134  3554 D CommonScenarios-103-10305: ActiveState EVENT_NETWORK_KPI_CHANGE score is invalid
01-22 19:08:47.881   954  1023 I sensors-hal-OriginChannel: wise light debug, data[2].type is 65627,data[2].sensor is 91:[98.000000,,175.000000,,5.000000,0.000000,51441573522826]
01-22 19:08:48.050  1390  1390 I thermal_repeater: [recvMdThermalInfo] ret=29, strLen=127,  3, 31, -127, 0, 32767, 10441
01-22 19:08:48.081   954  1023 I sensors-hal-OriginChannel: wise light debug, data[4].type is 65627,data[4].sensor is 91:[155.000000,,25.000000,,14.000000,0.000000,51441773319749]
01-22 19:08:48.279   954  1023 I sensors-hal-OriginChannel: wise light debug, data[1].type is 65627,data[1].sensor is 91:[154.000000,,200.000000,,6.000000,0.000000,51441973508566]
