--------- beginning of system
01-22 19:58:38.428  1749  1912 I WindowManager: defer call onFirstWindowDrawn until mainwindow drawn:Window{c0ad258 u0 com.heytap.browser}
--------- beginning of main
01-22 19:58:38.431  2593  2710 E OplusShellTransition: couldn't get animation style packageName, android.window.OplusTransitionExtendedInfo.getAnimationStylePackageName []
01-22 19:58:38.431  2593  2710 W OplusShellTransition: no system app in targets, skip loading oplus animation
01-22 19:58:38.432  2593  2710 V WindowManagerShell: loadAnimation: anim=android.view.animation.AnimationSet@4907cbc animAttr=0x4 type=OPEN isEntrance=true
01-22 19:58:38.446  1086  4134 E BufferQueueDebug: [Left Edge Extension#3806](this:0xb400007e9a8d28f8,id:-1,api:0,p:-1,c:-1) id info cannot be read from 'Left Edge Extension#3806'
01-22 19:58:38.446  1086  4134 I BufferQueueDebug: [Left Edge Extension#3806](this:0xb400007e9a8d28f8,id:-1,api:0,p:-1,c:-1) BufferQueue core=(1086:/system/bin/surfaceflinger)
01-22 19:58:38.447  1086  4134 D OplusLayer: setProcInfo (3806,Left Edge Extension#3806,com.android.systemui)
01-22 19:58:38.447  1086  4134 D SurfaceFlinger: captureLayers from pid 2593 uid -1
01-22 19:58:38.448  1086  1086 E BufferQueueDebug: [Screenshot Parent#3807](this:0xb400007e9a9b88f8,id:-1,api:0,p:-1,c:-1) id info cannot be read from 'Screenshot Parent#3807'
01-22 19:58:38.448  1086  1086 I BufferQueueDebug: [Screenshot Parent#3807](this:0xb400007e9a9b88f8,id:-1,api:0,p:-1,c:-1) BufferQueue core=(1086:/system/bin/surfaceflinger)
01-22 19:58:38.452  1086  1086 I BufferQueueDebug: [Screenshot Parent#3807](this:0xb400007e9a9b88f8,id:-1,api:0,p:-1,c:1086) onDestructor()
01-22 19:58:38.452  1086  1086 E Layer   : detect multiple ~Layer
01-22 19:58:38.453  1086  4134 E BufferQueueDebug: [bbq-wrapper Left Edge Extension#3806#3808](this:0xb400007e9a9988f8,id:-1,api:0,p:-1,c:-1) id info cannot be read from 'bbq-wrapper Left Edge Extension#3806#3808'
01-22 19:58:38.454  1086  4134 I BufferQueueDebug: [bbq-wrapper Left Edge Extension#3806#3808](this:0xb400007e9a9988f8,id:-1,api:0,p:-1,c:-1) BufferQueue core=(1086:/system/bin/surfaceflinger)
01-22 19:58:38.454  2593  2710 D BufferQueueConsumer: [](id:a2100000247,api:0,p:-1,c:2593) connect: controlledByApp=false
01-22 19:58:38.454  2593  2710 D BLASTBufferQueue: [bbq-adapter#550](f:0,a:0) constructor() width=108 height=2412 format=-1
01-22 19:58:38.456  2593  2710 D OpenGLRenderer: RenderProxy::destroy: this=0xb4000070f3cf3d00, mContext=0xb4000070e8f98140
01-22 19:58:38.461  2593  2727 D BLASTBufferQueue: [bbq-adapter#550](f:0,a:1) acquireNextBufferLocked size=108x2412 mFrameNumber=1 applyTransaction=true mTimestamp=15345465543144(auto) mPendingTransactions.size=0 graphicBufferId=11136850201508 transform=0
01-22 19:58:38.461  2593  2727 D OpenGLRenderer: SkiaOpenGLPipeline::setSurface: this=0xb4000071f9415d40, surface=NULL
01-22 19:58:38.463  2593  2710 V WindowManagerShell:  animated by com.android.wm.shell.transition.DefaultTransitionHandler@b4cc00e
01-22 19:58:38.463  2593  2710 D OplusShellTransition: dispatchTransition, animated mHandler: com.android.wm.shell.transition.DefaultTransitionHandler@b4cc00e
01-22 19:58:38.465  2593  2720 D FSS_OplusFoldSwitchStateObserver: onAnimationStart reset mPendingFoldAnimationTrigger
01-22 19:58:38.465  2593  2720 D FSS_OplusFoldSwitchStateObserver: onAnimationStart reset mPendingFoldAnimationTrigger
01-22 19:58:38.479   954  1023 I sensors-hal-OriginChannel: wise light debug, data[0].type is 65627,data[0].sensor is 91:[80.000000,,175.000000,,6.000000,0.000000,54432173310234]
01-22 19:58:38.563  1749 10572 I InputDispatcher: updateFocusedWindow, 26601f4 com.voidwarp.android/com.voidwarp.android.MainActivity on display 0, reason: Window became focusable. Previous reason: NOT_VISIBLE, result:   FocusedWindows:
01-22 19:58:38.563  1749 10572 I InputDispatcher:     displayId=0, name='26601f4 com.voidwarp.android/com.voidwarp.android.MainActivity'
01-22 19:58:38.563 31475 31475 D VRI[MainActivity]: onFocusEvent true
01-22 19:58:38.569  1749 10572 D InputMethodManagerService: isSecurity: attribute.packageName = com.voidwarp.android mCurMethodId = com.baidu.input_oppo/.ImeService isSecurity = false ( enable = true needShow = false inBlackList = false isExist = true )
01-22 19:58:38.569  1749 10572 I ImeTracker: com.voidwarp.android:c46820f5: onRequestHide at ORIGIN_SERVER_HIDE_INPUT reason HIDE_UNSPECIFIED_WINDOW
01-22 19:58:38.569  1749 10572 I ImeTracker: com.voidwarp.android:c46820f5: onCancelled at PHASE_SERVER_SHOULD_HIDE
01-22 19:58:38.573  1086  4134 E BufferQueueDebug: [Surface(name=b0a9f49 InputMethod)/@0xd4e705 - animation-leash of insets_animation#3809](this:0xb400007e9a9eb8f8,id:-1,api:0,p:-1,c:-1) id info cannot be read from 'Surface(name=b0a9f49 InputMethod)/@0xd4e705 - animation-leash of insets_animation#3809'
01-22 19:58:38.573 11513 11513 W bdoppoime_ImeService: onStartInput called, restarting = false, initialSelStart = -1, initialSelEnd = -1, inputType = 0, fieldId = 0, imeOptions = 0
01-22 19:58:38.573  1086  4134 I BufferQueueDebug: [Surface(name=b0a9f49 InputMethod)/@0xd4e705 - animation-leash of insets_animation#3809](this:0xb400007e9a9eb8f8,id:-1,api:0,p:-1,c:-1) BufferQueue core=(1086:/system/bin/surfaceflinger)
01-22 19:58:38.573 11513 13804 W bdoppoime_ImeGlobalSettingsObserver: start init data statistics
01-22 19:58:38.573 11513 13804 W bdoppoime_ImeGlobalSettingsObserver: end init data statistics
01-22 19:58:38.573 11513 11513 W bdoppoime_ImeService: [, , 0]:onEvaluateInputViewShownSuper, shouldShowImeWithHardKeyboard:true
01-22 19:58:38.574 11513 11513 W bdoppoime_ImeService: onEvaluateInputViewShownSuper, shouldShowImeWithHardKeyboard:true
01-22 19:58:38.575 11513 11513 W bdoppoime_ImeService: onStartInput called
01-22 19:58:38.578  1086  1086 D OplusLayer: setGameMode b0a9f49 InputMethod#128, gameMode 0, parentLayer Surface(name=b0a9f49 InputMethod)/@0xd4e705 - animation-leash of insets_animation#3788.
01-22 19:58:38.578  1086  1086 D Layer   : reparent to null sequence=3788, seq[4], name=Surface(name=b0a9f49 InputMethod)/@0xd4e705 - animation-leash of insets_animation#3788
01-22 19:58:38.579 11513 11513 W bdoppoime_KbModeManager: isDockMode: false; isPipModefalse
01-22 19:58:38.580 11513 11513 W bdoppoime_ImeService: [, , 0]:onEvaluateInputViewShownSuper, shouldShowImeWithHardKeyboard:true
01-22 19:58:38.581 11513 11513 W bdoppoime_ImeService: onEvaluateInputViewShownSuper, shouldShowImeWithHardKeyboard:true
01-22 19:58:38.581 11513 11513 W bdoppoime_SysInfo: getSysParam screenW = 1080, needExpandKeyboardToNotchArea = true
01-22 19:58:38.582 11513 11513 W bdoppoime_SysInfo: SysInfo.getSysParam: orientation=1||config d=480,w=1080,h=2305||metrics d=3.0, densityDpi =480||sdk=34,stausH=107||appScale=3.3, selfScacle=3.3, sysScale=3.0,isPadMode=false, boardw=1080, boardH=637, candH=144, boardL=0, boardR=1080, ver=8.5.301.366, realW=1080, realH=2412, lang=zh, region=CN, split=false, miniMapMode: 0, splitScreenLeftRect=null, inputWay: 0, isFoldExpand: false, CUID: DFCCC9-G9G699-E8001E-686625-9B878D-02, isLuXunDevice : false
01-22 19:58:38.585 11513 11513 E sug_info: checkMatch:com.voidwarp.android_0_0_null
01-22 19:58:38.585 11513 11513 E sug_info: true_true_true_true_false_true_true
01-22 19:58:38.594  1086  1086 I BufferQueueDebug: [Surface(name=b0a9f49 InputMethod)/@0xd4e705 - animation-leash of insets_animation#3788](this:0xb400007e89efa8f8,id:-1,api:0,p:-1,c:1086) onDestructor()
01-22 19:58:38.594  1086  1086 E Layer   : detect multiple ~Layer
01-22 19:58:38.594  1749  1912 I WindowManager: defer call onFirstWindowDrawn until mainwindow drawn:Window{c0ad258 u0 com.heytap.browser}
01-22 19:58:38.630   945  1252 W hwcomposer: [DRMDEV] paramIsSame(), id 1034, w 108/108, h 2412/2412, pitch 128/128, format 0x1/0x2, secure 0/0  
01-22 19:58:38.631   945  1252 W hwcomposer: [DRMDEV] paramIsSame(), id 1033, w 1080/1080, h 2412/2412, pitch 1088/1088, format 0x1/0x2, secure 0/0  
01-22 19:58:38.679   954  1023 I sensors-hal-OriginChannel: wise light debug, data[2].type is 65627,data[2].sensor is 91:[80.000000,,175.000000,,6.000000,0.000000,54432373104108]
01-22 19:58:38.739  1006  4307 I mtkpower@impl: [libpowerhal_setCpuIdle] set cpu idle from uah, idx = 1
01-22 19:58:38.784  3134  3554 D CommonScenarios-103-10305: transportLayerQosChange TransportLayerData{link_index=34, uid=10305, uplink_srtt=0, uplink_packets=0, uplink_retrans_packets=0, uplink_retrans_rate=0, downlink_srtt=0, downlink_packets=0, downlink_retrans_packets=0, downlink_retrans_rate=0, downlink_rate=0, uplink_udp_packets=0, downlink_udp_packets=0, uplink_tcp_rate=0, uplink_udp_rate=0, downlink_tcp_rate=0, downlink_udp_rate=0}
01-22 19:58:38.785  3134  3554 D CommonScenarios-103-10305: ActiveState process message 2
01-22 19:58:38.785  3134  3554 D CommonScenarios-103-10305: ActiveState EVENT_NETWORK_KPI_CHANGE
01-22 19:58:38.785  3134  3554 D CommonScenarios-103-10305: transport layer data is invalid
01-22 19:58:38.785  3134  3554 D CommonScenarios-103-10305: ActiveState EVENT_NETWORK_KPI_CHANGE score is invalid
01-22 19:58:38.879   954  1023 I sensors-hal-OriginChannel: wise light debug, data[4].type is 65627,data[4].sensor is 91:[81.000000,,150.000000,,6.000000,0.000000,54432573433104]
01-22 19:58:38.939  2593  2710 V WindowManagerShell: Transition animation finished (aborted=false), notifying core (#240)android.os.BinderProxy@1601719@0
01-22 19:58:38.941  2593  2710 D BLASTBufferQueue: [bbq-adapter#549](f:0,a:1) destructor()
01-22 19:58:38.941  2593  2710 D BufferQueueConsumer: [bbq-adapter#549(BLAST Consumer)549](id:a2100000246,api:0,p:-1,c:2593) disconnect
01-22 19:58:38.943  2593  2710 D BLASTBufferQueue: [bbq-adapter#550](f:0,a:1) destructor()
01-22 19:58:38.943  2593  2710 D BufferQueueConsumer: [bbq-adapter#550(BLAST Consumer)550](id:a2100000247,api:0,p:-1,c:2593) disconnect
01-22 19:58:38.946  1086  1086 D Layer   : reparent to null sequence=3806, seq[3], name=Left Edge Extension#3806
01-22 19:58:38.946  1086  1086 D Layer   : reparent to null sequence=3803, seq[3], name=Right Edge Extension#3803
01-22 19:58:38.947  1086  1086 D Layer   : reparent to null sequence=3801, seq[2], name=Transition Root: ActivityRecord{1666f3a u0 com.voidwarp.android/.MainActivity t59}#3801
01-22 19:58:38.947  1749  1907 V WindowManager: Finish Transition #240: created at 01-22 19:58:38.102 collect-started=0.117ms request-sent=15.091ms started=18.062ms ready=30.629ms sent=300.649ms finished=843.807ms
01-22 19:58:38.947  1086  1086 D OplusLayer: setGameMode ActivityRecord{ffa85d4 u0 com.voidwarp.android/.MainActivity t59}#3761, gameMode 0, parentLayer .
01-22 19:58:38.947  1086  1086 D OplusLayer: setGameMode 869c37d ActivityRecordInputSink com.voidwarp.android/.MainActivity#3769, gameMode 0, parentLayer ActivityRecord{ffa85d4 u0 com.voidwarp.android/.MainActivity t59}#3761.
01-22 19:58:38.947  1086  1086 D OplusLayer: setGameMode 7a58afa com.voidwarp.android/com.voidwarp.android.MainActivity#3779, gameMode 0, parentLayer ActivityRecord{ffa85d4 u0 com.voidwarp.android/.MainActivity t59}#3761.
01-22 19:58:38.948  1086  1086 D OplusLayer: setGameMode com.voidwarp.android/com.voidwarp.android.MainActivity#3784, gameMode 0, parentLayer 7a58afa com.voidwarp.android/com.voidwarp.android.MainActivity#3779.
01-22 19:58:38.949  1749  2690 I OplusAppSwitchManagerService:  handleAppVisible , r = ActivityRecord{1666f3a u0 com.voidwarp.android/.MainActivity t59}
01-22 19:58:38.950 31475 31558 D VRI[MainActivity]: dispatchAppVisibility visible:false
01-22 19:58:38.952  1749  2690 D OplusTransitionController: finishTransition, transition: TransitionRecord{d7163e1 id=240 type=OPEN flags=0x0}
01-22 19:58:38.952  1749  2690 D OplusTransitionAnimationManager: commitVisibilityWhenFinishTransition type=1, ar.isVisibleRequested=true, ar.isVisible=true, ar.isVisibleRequested=true, ar=ActivityRecord{1666f3a u0 com.voidwarp.android/.MainActivity t59} ar type 1 ar state :RESUMED displayid :0, participants={ActivityRecord{1666f3a u0 com.voidwarp.android/.MainActivity t59}, ActivityRecord{ffa85d4 u0 com.voidwarp.android/.MainActivity t59}}
01-22 19:58:38.952  1749  2690 D OplusTransitionAnimationManager: commitVisibilityWhenFinishTransition type=1, ar.isVisibleRequested=false, ar.isVisible=false, ar.isVisibleRequested=false, ar=ActivityRecord{ffa85d4 u0 com.voidwarp.android/.MainActivity t59} ar type 1 ar state :PAUSED displayid :0, participants={ActivityRecord{1666f3a u0 com.voidwarp.android/.MainActivity t59}, ActivityRecord{ffa85d4 u0 com.voidwarp.android/.MainActivity t59}}
01-22 19:58:38.952  1749  2690 D OplusTransitionAnimationManager: updateTaskVisibleWhenFinishTransition task=Task{e468272 #59 type=standard A=10305:com.voidwarp.android} top = ActivityRecord{1666f3a u0 com.voidwarp.android/.MainActivity t59}
01-22 19:58:38.953  1749  2690 D TransitionController: NFW_send RECOMPUTE_FOCUS in finishTransition
01-22 19:58:38.954  2593  2710 D ShellTaskOrganizer: onTransitionFinish, isRecent:false
01-22 19:58:38.954  2593  2710 V WindowManagerShell: Track 0 became idle
01-22 19:58:38.954  2593  2710 V WindowManagerShell: All active transition animations finished
01-22 19:58:38.957  1749  1910 I PowerHalWrapper: amsBoostNotify pid:31475,activity:com.voidwarp.android.MainActivity, package:com.voidwarp.android, mProcessCreatePackcom.voidwarp.android 
01-22 19:58:38.957  1749  1910 I PowerHalWrapper: state: 0 
01-22 19:58:38.960  1749  1910 I mtkpower_client: [Legacy][PowerHal_Wrap_notifyAppState] com.voidwarp.android/com.voidwarp.android.MainActivity pid=31475 state:0
01-22 19:58:38.961  1749  1910 I PowerHalWrapper: amsBoostNotify AMS_BOOST_PROCESS_CREATE_BOOST:true 
01-22 19:58:38.962  1086  1086 D Layer   : reparent to null sequence=3801, seq[2], name=Transition Root: ActivityRecord{1666f3a u0 com.voidwarp.android/.MainActivity t59}#3801
01-22 19:58:38.963  1086  1086 I BufferQueueDebug: [Right Edge Extension#3803](this:0xb400007e89ef68f8,id:-1,api:0,p:-1,c:1086) onDestructor()
01-22 19:58:38.963  1086  1086 E Layer   : detect multiple ~Layer
01-22 19:58:38.964  1086  1086 I BufferQueueDebug: [bbq-wrapper Right Edge Extension#3803#3805](this:0xb400007e9a8538f8,id:-1,api:0,p:-1,c:1086) onDestructor()
01-22 19:58:38.964  1086  1086 E Layer   : detect multiple ~Layer
01-22 19:58:38.964  1086  1086 I BufferQueueDebug: [Left Edge Extension#3806](this:0xb400007e9a8d28f8,id:-1,api:0,p:-1,c:1086) onDestructor()
01-22 19:58:38.964  1086  1086 E Layer   : detect multiple ~Layer
01-22 19:58:38.964  1086  1086 I BufferQueueDebug: [bbq-wrapper Left Edge Extension#3806#3808](this:0xb400007e9a9988f8,id:-1,api:0,p:-1,c:1086) onDestructor()
01-22 19:58:38.964  1086  1086 E Layer   : detect multiple ~Layer
01-22 19:58:38.968  1749  1912 I WindowManager: defer call onFirstWindowDrawn until mainwindow drawn:Window{c0ad258 u0 com.heytap.browser}
01-22 19:58:38.968 31475 31475 D OpenGLRenderer: RenderProxy::destroy: this=0xd7ae4180, mContext=0xc528a380
01-22 19:58:38.968 31475 31520 D OpenGLRenderer: SkiaOpenGLPipeline::setSurface: this=0xdb37b000, surface=NULL
01-22 19:58:38.978 31475 31475 D ViewRootImplExtImpl: wrapConfigInfoIntoFlags rotation=0, smallestScreenWidthDp=360, relayoutAsync=false, newFlags=23592960, title=com.voidwarp.android/com.voidwarp.android.MainActivity
01-22 19:58:38.979  1086  1086 I BufferQueueDebug: [Transition Root: ActivityRecord{1666f3a u0 com.voidwarp.android/.MainActivity t59}#3801](this:0xb400007e89e878f8,id:-1,api:0,p:-1,c:1086) onDestructor()
01-22 19:58:38.979  1086  1086 E Layer   : detect multiple ~Layer
01-22 19:58:38.981  1749  2690 D WindowManagerServiceExtImpl: extractConfigInfoAndRealFlags rotation=0, screenDp=360, win=Window{7a58afa u0 com.voidwarp.android/com.voidwarp.android.MainActivity}
01-22 19:58:38.983  1749  2690 V WindowManager: Relayout Window{7a58afa u0 com.voidwarp.android/com.voidwarp.android.MainActivity}: viewVisibility=8, oldvis=0, req=1080x2412, vsysui=
01-22 19:58:39.006 31475 31475 D VRI[MainActivity]: relayoutWindow result, sizeChanged:false, surfaceControlChanged:true, transformHintChanged:false, mSurfaceSize:Point(1080, 2412), mLastSurfaceSize:Point(1080, 2412), mWidth:1080, mHeight:2412, requestedWidth:1080, requestedHeight:2412, transformHint:0, lastTransformHint:0, installOrientation:0, displayRotation:0, isSurfaceValid:false, attr.flag:-2122252032, useBlast:true, tmpFrames:ClientWindowFrames{frame=[0,0][1080,2412] display=[0,0][1080,2412] parentFrame=[0,0][0,0]}
01-22 19:58:39.008 31475 31475 D BLASTBufferQueue: [VRI[MainActivity]#0](f:0,a:3) destructor()
01-22 19:58:39.008 31475 31475 D BufferQueueConsumer: [VRI[MainActivity]#0(BLAST Consumer)0](id:7af300000000,api:0,p:-1,c:31475) disconnect
01-22 19:58:39.014  1749  1912 I WindowManager: defer call onFirstWindowDrawn until mainwindow drawn:Window{c0ad258 u0 com.heytap.browser}
01-22 19:58:39.014 31475 31475 D VRI[MainActivity]: setWindowStopped stopped:true
01-22 19:58:39.027 31475 31475 I Quality : Skipped: false 2 cost 47.813416 refreshRate 16725090 bit false processName com.voidwarp.android
01-22 19:58:39.031  1749  2690 I WindowManager: Window{7a58afa u0 com.voidwarp.android/com.voidwarp.android.MainActivity} state from HAS_DRAWN to NO_SURFACE; reason: destroySurface
01-22 19:58:39.033  1749  2690 D ActivityTaskManager: Clearing startingData for token=null
01-22 19:58:39.046  1086  1086 D Layer   : reparent to null sequence=3784, seq[6], name=com.voidwarp.android/com.voidwarp.android.MainActivity#3784
01-22 19:58:39.047  1749  1912 I WindowManager: defer call onFirstWindowDrawn until mainwindow drawn:Window{c0ad258 u0 com.heytap.browser}
01-22 19:58:39.063  1086  1086 I BufferQueueDebug: [com.voidwarp.android/com.voidwarp.android.MainActivity#3784](this:0xb400007e899ff8f8,id:-1,api:0,p:-1,c:1086) onDestructor()
01-22 19:58:39.064  1086  1086 E Layer   : detect multiple ~Layer
01-22 19:58:39.080   954  1023 I sensors-hal-OriginChannel: wise light debug, data[2].type is 65627,data[2].sensor is 91:[93.000000,,150.000000,,8.000000,0.000000,54432773772792]
01-22 19:58:39.281   954  1023 I sensors-hal-OriginChannel: wise light debug, data[2].type is 65627,data[2].sensor is 91:[93.000000,,150.000000,,8.000000,0.000000,54432973566546]
01-22 19:58:39.408 31475 31557 D OplusScrollToTopManager: com.voidwarp.android/com.voidwarp.android.MainActivity,This DecorView@6a56e4b[MainActivity] change focus to false
01-22 19:58:39.481   954  1023 I sensors-hal-OriginChannel: wise light debug, data[4].type is 65627,data[4].sensor is 91:[86.000000,,175.000000,,2.000000,0.000000,54433173364379]
01-22 19:58:39.569 31475 31557 D OplusScrollToTopManager: com.voidwarp.android/com.voidwarp.android.MainActivity,This DecorView@c226b5f[MainActivity] change focus to true
01-22 19:58:39.682   954  1023 I sensors-hal-OriginChannel: wise light debug, data[1].type is 65627,data[1].sensor is 91:[86.000000,,200.000000,,5.000000,0.000000,54433373533398]
01-22 19:58:39.810  3134  3554 D CommonScenarios-103-10305: transportLayerQosChange TransportLayerData{link_index=34, uid=10305, uplink_srtt=0, uplink_packets=0, uplink_retrans_packets=0, uplink_retrans_rate=0, downlink_srtt=0, downlink_packets=0, downlink_retrans_packets=0, downlink_retrans_rate=0, downlink_rate=0, uplink_udp_packets=0, downlink_udp_packets=0, uplink_tcp_rate=0, uplink_udp_rate=0, downlink_tcp_rate=0, downlink_udp_rate=0}
01-22 19:58:39.810  3134  3554 D CommonScenarios-103-10305: ActiveState process message 2
01-22 19:58:39.810  3134  3554 D CommonScenarios-103-10305: ActiveState EVENT_NETWORK_KPI_CHANGE
01-22 19:58:39.810  3134  3554 D CommonScenarios-103-10305: transport layer data is invalid
01-22 19:58:39.810  3134  3554 D CommonScenarios-103-10305: ActiveState EVENT_NETWORK_KPI_CHANGE score is invalid
01-22 19:58:39.880   954  1023 I sensors-hal-OriginChannel: wise light debug, data[2].type is 65627,data[2].sensor is 91:[80.000000,,150.000000,,3.000000,0.000000,54433573315590]
01-22 19:58:40.019   989  1074 D vendor.oplus.hardware.charger-V3-service: read content:,298,-2740,4388,4388,0,500,2200,100,100,1,4,-1,5068,100,1,1048704,1,1,0,0,4425,0,10,0,10,0,1,0,302,0,4,2,0,0,61,61,61,0,0,0,0,0,0,0,0,0,0
01-22 19:58:40.019   989  1074 D vendor.oplus.hardware.charger-V3-service: , ret_value:138
01-22 19:58:40.019   989  1074 D vendor.oplus.hardware.charger-V3-service: gmtime: 2026-01-22-19-58-40
01-22 19:58:40.081   954  1023 I sensors-hal-OriginChannel: wise light debug, data[4].type is 65627,data[4].sensor is 91:[80.000000,,200.000000,,9.000000,0.000000,54433773519518]
01-22 19:58:40.084  1749  1947 I OplusSmartBrightnessController: deltaLux = 2.1380615, scale = 1.0
01-22 19:58:40.085  1749  1949 D OplusSmartBrightnessController: handleMessage MSG_LUX_CHANGED, mLux:14.5009575 luxQueue=[14.500957, 14.500957, 14.500957, 14.500957, 14.500957, 14.500957, 14.500957, 14.500957, 14.500957, 14.500957, 14.500957, 14.500957]
01-22 19:58:40.281   954  1023 I sensors-hal-OriginChannel: wise light debug, data[2].type is 65627,data[2].sensor is 91:[80.000000,,175.000000,,6.000000,0.000000,54433973303181]
01-22 19:58:40.337  2434  2434 I android.hardware.wifi@1.0-service-lazy: WifiCommand::requestResponse err=-14
01-22 19:58:40.338  2434  2434 I WifiHAL : wifi_get_link_stats: result=-1
01-22 19:58:40.338  1749  2331 E WifiStaIfaceHidlImpl: getLinkLayerStatsV1_5 failed with status: {.code = ERROR_UNKNOWN, .description = unknown}
01-22 19:58:40.462  3203  3203 D AtCmdIndication: handleMessage what:1001
01-22 19:58:40.462  3203  3203 D AtCmdParser: [PHONE0]< com.oplus.telephony.AtCmdParser$2@b7d4230 urc ind:+ECSQ: 20,58,-292,1,1,-40,-332,4096,13,3
01-22 19:58:40.479   954  1023 I sensors-hal-OriginChannel: wise light debug, data[0].type is 65627,data[0].sensor is 91:[80.000000,,175.000000,,6.000000,0.000000,54434173514864]
01-22 19:58:40.681   954  1023 I sensors-hal-OriginChannel: wise light debug, data[3].type is 65627,data[3].sensor is 91:[93.000000,,175.000000,,5.000000,0.000000,54434373162013]
01-22 19:58:40.832  3134  3554 D CommonScenarios-103-10305: transportLayerQosChange TransportLayerData{link_index=34, uid=10305, uplink_srtt=0, uplink_packets=0, uplink_retrans_packets=0, uplink_retrans_rate=0, downlink_srtt=0, downlink_packets=0, downlink_retrans_packets=0, downlink_retrans_rate=0, downlink_rate=0, uplink_udp_packets=0, downlink_udp_packets=0, uplink_tcp_rate=0, uplink_udp_rate=0, downlink_tcp_rate=0, downlink_udp_rate=0}
01-22 19:58:40.833  3134  3554 D CommonScenarios-103-10305: ActiveState process message 2
01-22 19:58:40.833  3134  3554 D CommonScenarios-103-10305: ActiveState EVENT_NETWORK_KPI_CHANGE
01-22 19:58:40.833  3134  3554 D CommonScenarios-103-10305: transport layer data is invalid
01-22 19:58:40.833  3134  3554 D CommonScenarios-103-10305: ActiveState EVENT_NETWORK_KPI_CHANGE score is invalid
01-22 19:58:40.881   954  1023 I sensors-hal-OriginChannel: wise light debug, data[8].type is 65627,data[8].sensor is 91:[93.000000,,150.000000,,8.000000,0.000000,54434573530518]
01-22 19:58:41.005  1749  1914 D AES     : AEEIOCTL_GET/SET_SF_STATE IOCTL,cmd= 1074294797, lParam=0. 
01-22 19:58:41.005  1749  1914 D AES     : AEEIOCTL_RT_MON_Kick IOCTL,cmd= 2147774474, lParam=300. 
01-22 19:58:41.081   954  1023 I sensors-hal-OriginChannel: wise light debug, data[4].type is 65627,data[4].sensor is 91:[93.000000,,200.000000,,5.000000,0.000000,54434773517263]
01-22 19:58:41.122  1749  9925 E TaskPersister: File error accessing recents directory (directory doesn't exist?).
01-22 19:58:41.279   954  1023 I sensors-hal-OriginChannel: wise light debug, data[3].type is 65627,data[3].sensor is 91:[92.000000,,175.000000,,5.000000,0.000000,54434973292595]
01-22 19:58:41.481   954  1023 I sensors-hal-OriginChannel: wise light debug, data[3].type is 65627,data[3].sensor is 91:[92.000000,,200.000000,,5.000000,0.000000,54435173511331]
01-22 19:58:41.681   954  1023 I sensors-hal-OriginChannel: wise light debug, data[2].type is 65627,data[2].sensor is 91:[92.000000,,150.000000,,2.000000,0.000000,54435373449446]
01-22 19:58:41.763  1749  2663 I Osense-BaseDecisionMaker: notifySceneToAthenaPolicy: SCENE_IDLE_RECOVER, bundle: Bundle[{scene=SCENE_IDLE_RECOVER}]
01-22 19:58:41.778  1749  2663 I Osense-BaseDecisionMaker: scene: SCENE_IDLE_RECOVER, excutingPolicy: cpn
01-22 19:58:41.778  1749  2663 D Osense-BaseDecisionMaker: invoke cpn policy
01-22 19:58:41.778  1749  2663 I Osense-BaseDecisionMaker: scene: SCENE_IDLE_RECOVER, excutingPolicy: respreload
01-22 19:58:41.779  1749  2663 D Osense-BaseDecisionMaker: invoke process preload policy
01-22 19:58:41.779  1749  2663 I Osense-BaseDecisionMaker: scene: SCENE_IDLE_RECOVER, excutingPolicy: clear
01-22 19:58:41.779  1749  2663 D Osense-BaseDecisionMaker: invoke clear policy,type: unforbid
01-22 19:58:41.779  1749  2663 I OsenseKillAction: KillAction: unhandled request: id=1033, enable=true, scene=SCENE_IDLE_RECOVER, type=unforbid, cchOnly=false
01-22 19:58:41.842  1749  2690 E OplusNetworkStatsNative: bpfGetAppPurStatsTotal return 0
01-22 19:58:41.842  3134  3554 D OplusUidPurStatsSerivce-NAS: checkLoopProcess mLastStatsValue:0; curStats:0
01-22 19:58:41.856  3134  3554 D CommonScenarios-103-10305: transportLayerQosChange TransportLayerData{link_index=34, uid=10305, uplink_srtt=0, uplink_packets=0, uplink_retrans_packets=0, uplink_retrans_rate=0, downlink_srtt=0, downlink_packets=0, downlink_retrans_packets=0, downlink_retrans_rate=0, downlink_rate=0, uplink_udp_packets=0, downlink_udp_packets=0, uplink_tcp_rate=0, uplink_udp_rate=0, downlink_tcp_rate=0, downlink_udp_rate=0}
01-22 19:58:41.857  3134  3554 D CommonScenarios-103-10305: ActiveState process message 2
01-22 19:58:41.857  3134  3554 D CommonScenarios-103-10305: ActiveState EVENT_NETWORK_KPI_CHANGE
01-22 19:58:41.857  3134  3554 D CommonScenarios-103-10305: transport layer data is invalid
01-22 19:58:41.857  3134  3554 D CommonScenarios-103-10305: ActiveState EVENT_NETWORK_KPI_CHANGE score is invalid
01-22 19:58:41.881   954  1023 I sensors-hal-OriginChannel: wise light debug, data[2].type is 65627,data[2].sensor is 91:[92.000000,,175.000000,,5.000000,0.000000,54435573539042]
01-22 19:58:42.081   954  1023 I sensors-hal-OriginChannel: wise light debug, data[4].type is 65627,data[4].sensor is 91:[92.000000,,200.000000,,8.000000,0.000000,54435773550990]
01-22 19:58:42.279   954  1023 I sensors-hal-OriginChannel: wise light debug, data[2].type is 65627,data[2].sensor is 91:[79.000000,,175.000000,,6.000000,0.000000,54435973293527]
01-22 19:58:42.282  1749  1947 I OplusSmartBrightnessController: deltaLux = 9.536743E-7, scale = 1.0
01-22 19:58:42.283  1749  1949 D OplusSmartBrightnessController: handleMessage MSG_LUX_CHANGED, mLux:14.500957 luxQueue=[14.500957, 14.500957, 14.500957, 14.500957, 14.500957, 14.500957, 14.500957, 14.500957, 14.500957, 14.500957, 14.500957]
01-22 19:58:42.459 12246 12989 D ScreenStatusProducer: Current queue status: isIdle = true, isPolling = true
01-22 19:58:42.481   954  1023 I sensors-hal-OriginChannel: wise light debug, data[0].type is 65627,data[0].sensor is 91:[80.000000,,175.000000,,6.000000,0.000000,54436173789513]
01-22 19:58:42.680   954  1023 I sensors-hal-OriginChannel: wise light debug, data[4].type is 65627,data[4].sensor is 91:[80.000000,,150.000000,,6.000000,0.000000,54436373415263]
01-22 19:58:42.881   954  1023 I sensors-hal-OriginChannel: wise light debug, data[2].type is 65627,data[2].sensor is 91:[82.000000,,150.000000,,6.000000,0.000000,54436573712817]
01-22 19:58:42.882  3134  3554 D CommonScenarios-103-10305: transportLayerQosChange TransportLayerData{link_index=34, uid=10305, uplink_srtt=0, uplink_packets=0, uplink_retrans_packets=0, uplink_retrans_rate=0, downlink_srtt=0, downlink_packets=0, downlink_retrans_packets=0, downlink_retrans_rate=0, downlink_rate=0, uplink_udp_packets=0, downlink_udp_packets=0, uplink_tcp_rate=0, uplink_udp_rate=0, downlink_tcp_rate=0, downlink_udp_rate=0}
01-22 19:58:42.883  3134  3554 D CommonScenarios-103-10305: ActiveState process message 2
01-22 19:58:42.883  3134  3554 D CommonScenarios-103-10305: ActiveState EVENT_NETWORK_KPI_CHANGE
01-22 19:58:42.883  3134  3554 D CommonScenarios-103-10305: transport layer data is invalid
01-22 19:58:42.883  3134  3554 D CommonScenarios-103-10305: ActiveState EVENT_NETWORK_KPI_CHANGE score is invalid
01-22 19:58:42.884  1086  4132 D SurfaceFlinger: captureDisplay from pid 1086 uid -1 display 4627039422300187648
01-22 19:58:43.080   954  1023 I sensors-hal-OriginChannel: wise light debug, data[1].type is 65627,data[1].sensor is 91:[77.000000,,125.000000,,6.000000,0.000000,54436773442057]
01-22 19:58:43.281   954  1023 I sensors-hal-OriginChannel: wise light debug, data[4].type is 65627,data[4].sensor is 91:[71.000000,,175.000000,,3.000000,0.000000,54436973736591]
01-22 19:58:43.311  1390  1390 I thermal_repeater: [recvMdThermalInfo] ret=29, strLen=127,  3, 30, -127, 0, 32767, 10441
01-22 19:58:43.365  2434  2434 I android.hardware.wifi@1.0-service-lazy: WifiCommand::requestResponse err=-14
01-22 19:58:43.365  2434  2434 I WifiHAL : wifi_get_link_stats: result=-1
01-22 19:58:43.365  1749  2331 E WifiStaIfaceHidlImpl: getLinkLayerStatsV1_5 failed with status: {.code = ERROR_UNKNOWN, .description = unknown}
01-22 19:58:43.431  1086  1086 I BufferQueueProducer: [StatusBar#85](this:0xb400007e9a8508f8,id:-1,api:0,p:-1,c:1086) queueBuffer: fps=0.11 dur=9083.26 max=9083.26 min=9083.26
01-22 19:58:43.481   954  1023 I sensors-hal-OriginChannel: wise light debug, data[2].type is 65627,data[2].sensor is 91:[69.000000,,175.000000,,3.000000,0.000000,54437173500827]
01-22 19:58:43.679   954  1023 I sensors-hal-OriginChannel: wise light debug, data[2].type is 65627,data[2].sensor is 91:[64.000000,,150.000000,,7.000000,0.000000,54437373311673]
01-22 19:58:43.881   954  1023 I sensors-hal-OriginChannel: wise light debug, data[2].type is 65627,data[2].sensor is 91:[62.000000,,200.000000,,8.000000,0.000000,54437573643033]
01-22 19:58:43.905  3134  3554 D CommonScenarios-103-10305: transportLayerQosChange TransportLayerData{link_index=34, uid=10305, uplink_srtt=0, uplink_packets=0, uplink_retrans_packets=0, uplink_retrans_rate=0, downlink_srtt=0, downlink_packets=0, downlink_retrans_packets=0, downlink_retrans_rate=0, downlink_rate=0, uplink_udp_packets=0, downlink_udp_packets=0, uplink_tcp_rate=0, uplink_udp_rate=0, downlink_tcp_rate=0, downlink_udp_rate=0}
01-22 19:58:43.905  3134  3554 D CommonScenarios-103-10305: ActiveState process message 2
01-22 19:58:43.905  3134  3554 D CommonScenarios-103-10305: ActiveState EVENT_NETWORK_KPI_CHANGE
01-22 19:58:43.905  3134  3554 D CommonScenarios-103-10305: transport layer data is invalid
01-22 19:58:43.905  3134  3554 D CommonScenarios-103-10305: ActiveState EVENT_NETWORK_KPI_CHANGE score is invalid
01-22 19:58:44.080   954  1023 I sensors-hal-OriginChannel: wise light debug, data[4].type is 65627,data[4].sensor is 91:[59.000000,,175.000000,,4.000000,0.000000,54437772877162]
01-22 19:58:44.281   954  1023 I sensors-hal-OriginChannel: wise light debug, data[1].type is 65627,data[1].sensor is 91:[60.000000,,150.000000,,4.000000,0.000000,54437973545869]
01-22 19:58:44.379  1749  1919 D Theia.TransparentWindow: handleMessage CHECK_TRANS_WINDOW_ERROR_MSG
01-22 19:58:44.479   954  1023 I sensors-hal-OriginChannel: wise light debug, data[0].type is 65627,data[0].sensor is 91:[60.000000,,150.000000,,4.000000,0.000000,54438173528071]
01-22 19:58:44.490   989  1069 D vendor.oplus.hardware.charger-V3-service: BmsAcOnline: ac_online = 0
01-22 19:58:44.490   989  1069 D vendor.oplus.hardware.charger-V3-service: BmsAcOnline: usb online and usb_type = 1.
01-22 19:58:44.490   989  1069 D vendor.oplus.hardware.charger-V3-service: BmsAcOnline: usb online and usb charging
01-22 19:58:44.680   954  1023 I sensors-hal-OriginChannel: wise light debug, data[4].type is 65627,data[4].sensor is 91:[58.000000,,100.000000,,4.000000,0.000000,54438373626148]
01-22 19:58:44.881   954  1023 I sensors-hal-OriginChannel: wise light debug, data[1].type is 65627,data[1].sensor is 91:[58.000000,,200.000000,,4.000000,0.000000,54438573583682]
01-22 19:58:44.930  3134  3554 D CommonScenarios-103-10305: transportLayerQosChange TransportLayerData{link_index=34, uid=10305, uplink_srtt=0, uplink_packets=0, uplink_retrans_packets=0, uplink_retrans_rate=0, downlink_srtt=0, downlink_packets=0, downlink_retrans_packets=0, downlink_retrans_rate=0, downlink_rate=0, uplink_udp_packets=0, downlink_udp_packets=0, uplink_tcp_rate=0, uplink_udp_rate=0, downlink_tcp_rate=0, downlink_udp_rate=0}
01-22 19:58:44.930  3134  3554 D CommonScenarios-103-10305: ActiveState process message 2
01-22 19:58:44.930  3134  3554 D CommonScenarios-103-10305: ActiveState EVENT_NETWORK_KPI_CHANGE
01-22 19:58:44.930  3134  3554 D CommonScenarios-103-10305: transport layer data is invalid
01-22 19:58:44.930  3134  3554 D CommonScenarios-103-10305: ActiveState EVENT_NETWORK_KPI_CHANGE score is invalid
01-22 19:58:45.020   989  1074 D vendor.oplus.hardware.charger-V3-service: read content:,298,-2740,4388,4388,0,500,2200,100,100,1,4,-1,5112,100,1,1048704,1,1,0,0,4425,0,10,0,10,0,1,0,301,0,4,2,0,0,61,61,61,0,0,0,0,0,0,0,0,0,0
01-22 19:58:45.020   989  1074 D vendor.oplus.hardware.charger-V3-service: , ret_value:138
01-22 19:58:45.021   989  1074 D vendor.oplus.hardware.charger-V3-service: gmtime: 2026-01-22-19-58-45
01-22 19:58:45.081   954  1023 I sensors-hal-OriginChannel: wise light debug, data[2].type is 65627,data[2].sensor is 91:[57.000000,,175.000000,,4.000000,0.000000,54438773667994]
01-22 19:58:45.147  3134  3456 I PluginManager: Runtime.getRuntime().gc()
01-22 19:58:45.225  3134  3456 I com.oplus.nas: Explicit concurrent copying GC freed 1789(275KB) AllocSpace objects, 0(0B) LOS objects, 49% free, 2757KB/5514KB, paused 214us,83us total 77.112ms
01-22 19:58:45.281   954  1023 I sensors-hal-OriginChannel: wise light debug, data[4].type is 65627,data[4].sensor is 91:[58.000000,,200.000000,,4.000000,0.000000,54438973536403]
01-22 19:58:45.284  1749  1947 I OplusSmartBrightnessController: deltaLux = 0.28349876, scale = 1.0
01-22 19:58:45.285  1749  1949 D OplusSmartBrightnessController: handleMessage MSG_LUX_CHANGED, mLux:14.217458 luxQueue=[14.217457, 14.217457, 14.217457, 14.217457, 14.217457, 14.217457, 14.217457, 14.217457, 14.217457, 14.217457, 14.217457, 14.217457]
01-22 19:58:45.481   954  1023 I sensors-hal-OriginChannel: wise light debug, data[2].type is 65627,data[2].sensor is 91:[57.000000,,175.000000,,4.000000,0.000000,54439173469330]
01-22 19:58:45.579  3203  3203 D AtCmdIndication: handleMessage what:1001
01-22 19:58:45.579  3203  3203 D AtCmdParser: [PHONE0]< com.oplus.telephony.AtCmdParser$2@b7d4230 urc ind:+ECSQ: 16,57,-286,1,1,-47,-333,4096,10,3
01-22 19:58:45.680   954  1023 I sensors-hal-OriginChannel: wise light debug, data[2].type is 65627,data[2].sensor is 91:[59.000000,,200.000000,,8.000000,0.000000,54439373542854]
01-22 19:58:45.829  4248  4302 I midasd  : OplusObrainService::notifyEventInt eventId:21 iParam:0
01-22 19:58:45.831 12246 12392 I OplusObrain: OplusObrainClientInvoke.nativeGetTelephonyInfo
01-22 19:58:45.833 12246 12392 I OplusObrain: OplusObrainClientInvoke.nativeGetTrafficTypeInfoForNetworkType networkType 0
01-22 19:58:45.834  1749  2690 D KernelStatsHelper: getKernelStats start!
01-22 19:58:45.837  1749  2403 D OplusNetlinkSocket: handleNetlinkRecvKernelMessage:nlmsghdr:StructNlMsgHdr{ nlmsg_len{3004}, nlmsg_type{29()}, nlmsg_flags{0()}, nlmsg_seq{0}, nlmsg_pid{114624867} }
01-22 19:58:45.837  1749  2403 D KernelStatsHelper: get magic :[-1, -1, -1, 77, 65, 71, 73, 67]
01-22 19:58:45.837  1749  2403 D KernelStatsHelper: magic matched count:65 data_len:3380
01-22 19:58:45.837  1749  2403 D OplusNetlinkSocket: handleNetlinkRecvKernelMessage:nlmsghdr:StructNlMsgHdr{ nlmsg_len{440}, nlmsg_type{29()}, nlmsg_flags{0()}, nlmsg_seq{0}, nlmsg_pid{114624867} }
01-22 19:58:45.837  1749  2403 D KernelStatsHelper: data over! check: true
01-22 19:58:45.878 12246 12392 E MIDASApplication: PackageManagerUtil: getAudioPackageList err android.content.pm.PackageManager$NameNotFoundException: Others
01-22 19:58:45.879   954  1023 I sensors-hal-OriginChannel: wise light debug, data[2].type is 65627,data[2].sensor is 91:[58.000000,,150.000000,,4.000000,0.000000,54439573320076]
01-22 19:58:45.880 12246 12392 E MIDASApplication: PackageManagerUtil: getAudioPackageList err android.content.pm.PackageManager$NameNotFoundException: Others
01-22 19:58:45.924  1749  2690 D CompatibilityChangeReporter: Compat change id reported: 161145287; UID 10092; state: ENABLED
01-22 19:58:45.954  3134  3554 D CommonScenarios-103-10305: transportLayerQosChange TransportLayerData{link_index=34, uid=10305, uplink_srtt=0, uplink_packets=0, uplink_retrans_packets=0, uplink_retrans_rate=0, downlink_srtt=0, downlink_packets=0, downlink_retrans_packets=0, downlink_retrans_rate=0, downlink_rate=0, uplink_udp_packets=0, downlink_udp_packets=0, uplink_tcp_rate=0, uplink_udp_rate=0, downlink_tcp_rate=0, downlink_udp_rate=0}
01-22 19:58:45.954  3134  3554 D CommonScenarios-103-10305: ActiveState process message 2
01-22 19:58:45.954  3134  3554 D CommonScenarios-103-10305: ActiveState EVENT_NETWORK_KPI_CHANGE
01-22 19:58:45.954  3134  3554 D CommonScenarios-103-10305: transport layer data is invalid
01-22 19:58:45.954  3134  3554 D CommonScenarios-103-10305: ActiveState EVENT_NETWORK_KPI_CHANGE score is invalid
01-22 19:58:46.079   954  1023 I sensors-hal-OriginChannel: wise light debug, data[3].type is 65627,data[3].sensor is 91:[58.000000,,175.000000,,12.000000,0.000000,54439773507086]
01-22 19:58:46.097  1086  4134 E SurfaceFlinger: midas  refreshRate = 60
01-22 19:58:46.281   954  1023 I sensors-hal-OriginChannel: wise light debug, data[2].type is 65627,data[2].sensor is 91:[57.000000,,150.000000,,4.000000,0.000000,54439973500682]
01-22 19:58:46.389  2434  2434 I android.hardware.wifi@1.0-service-lazy: WifiCommand::requestResponse err=-14
01-22 19:58:46.389  2434  2434 I WifiHAL : wifi_get_link_stats: result=-1
01-22 19:58:46.390  1749  2331 E WifiStaIfaceHidlImpl: getLinkLayerStatsV1_5 failed with status: {.code = ERROR_UNKNOWN, .description = unknown}
01-22 19:58:46.481   954  1023 I sensors-hal-OriginChannel: wise light debug, data[0].type is 65627,data[0].sensor is 91:[56.000000,,125.000000,,4.000000,0.000000,54440173189907]
01-22 19:58:46.681   954  1023 I sensors-hal-OriginChannel: wise light debug, data[3].type is 65627,data[3].sensor is 91:[55.000000,,125.000000,,4.000000,0.000000,54440373512307]
01-22 19:58:46.881   954  1023 I sensors-hal-OriginChannel: wise light debug, data[2].type is 65627,data[2].sensor is 91:[62.000000,,100.000000,,7.000000,0.000000,54440573584336]
01-22 19:58:46.976  3134  3554 D CommonScenarios-103-10305: transportLayerQosChange TransportLayerData{link_index=34, uid=10305, uplink_srtt=0, uplink_packets=0, uplink_retrans_packets=0, uplink_retrans_rate=0, downlink_srtt=0, downlink_packets=0, downlink_retrans_packets=0, downlink_retrans_rate=0, downlink_rate=0, uplink_udp_packets=0, downlink_udp_packets=0, uplink_tcp_rate=0, uplink_udp_rate=0, downlink_tcp_rate=0, downlink_udp_rate=0}
01-22 19:58:46.977  3134  3554 D CommonScenarios-103-10305: ActiveState process message 2
01-22 19:58:46.977  3134  3554 D CommonScenarios-103-10305: ActiveState EVENT_NETWORK_KPI_CHANGE
01-22 19:58:46.977  3134  3554 D CommonScenarios-103-10305: transport layer data is invalid
01-22 19:58:46.977  3134  3554 D CommonScenarios-103-10305: ActiveState EVENT_NETWORK_KPI_CHANGE score is invalid
01-22 19:58:47.081   954  1023 I sensors-hal-OriginChannel: wise light debug, data[2].type is 65627,data[2].sensor is 91:[64.000000,,200.000000,,7.000000,0.000000,54440773496538]
01-22 19:58:47.281   954  1023 I sensors-hal-OriginChannel: wise light debug, data[4].type is 65627,data[4].sensor is 91:[70.000000,,125.000000,,10.000000,0.000000,54440973747976]
01-22 19:58:47.285  1749  1949 D OplusSmartBrightnessController: handleMessage MSG_LUX_CHANGED, mLux:14.217458 luxQueue=[14.217457, 14.217457, 14.217457, 14.217457, 14.217457, 14.217457, 14.217457, 14.217457, 14.217457, 14.217457]
01-22 19:58:47.481   954  1023 I sensors-hal-OriginChannel: wise light debug, data[2].type is 65627,data[2].sensor is 91:[89.000000,,25.000000,,22.000000,0.000000,54441173455365]
01-22 19:58:47.571 10082 31611 E Oms-SDK.: [WearableApiManager]Service---->true
01-22 19:58:47.575  1749 10572 W ActivityManager: Unable to start service Intent { act=com.heytap.wearable.oms.SERVICE pkg=com.heytap.health mCallingUid=10099 } U=0: not found
01-22 19:58:47.680   954  1023 I sensors-hal-OriginChannel: wise light debug, data[2].type is 65627,data[2].sensor is 91:[86.000000,,200.000000,,5.000000,0.000000,54441373739058]
01-22 19:58:47.881   954  1023 I sensors-hal-OriginChannel: wise light debug, data[2].type is 65627,data[2].sensor is 91:[89.000000,,175.000000,,5.000000,0.000000,54441573297812]
01-22 19:58:48.002  3134  3554 D CommonScenarios-103-10305: transportLayerQosChange TransportLayerData{link_index=34, uid=10305, uplink_srtt=0, uplink_packets=0, uplink_retrans_packets=0, uplink_retrans_rate=0, downlink_srtt=0, downlink_packets=0, downlink_retrans_packets=0, downlink_retrans_rate=0, downlink_rate=0, uplink_udp_packets=0, downlink_udp_packets=0, uplink_tcp_rate=0, uplink_udp_rate=0, downlink_tcp_rate=0, downlink_udp_rate=0}
01-22 19:58:48.002  3134  3554 D CommonScenarios-103-10305: ActiveState process message 2
01-22 19:58:48.002  3134  3554 D CommonScenarios-103-10305: ActiveState EVENT_NETWORK_KPI_CHANGE
01-22 19:58:48.002  3134  3554 D CommonScenarios-103-10305: transport layer data is invalid
01-22 19:58:48.002  3134  3554 D CommonScenarios-103-10305: ActiveState EVENT_NETWORK_KPI_CHANGE score is invalid
01-22 19:58:48.080   954  1023 I sensors-hal-OriginChannel: wise light debug, data[3].type is 65627,data[3].sensor is 91:[82.000000,,125.000000,,6.000000,0.000000,54441773519962]
01-22 19:58:48.082  1086  4132 D SurfaceFlinger: captureDisplay from pid 1086 uid -1 display 4627039422300187648
01-22 19:58:48.281   954  1023 I sensors-hal-OriginChannel: wise light debug, data[2].type is 65627,data[2].sensor is 91:[77.000000,,50.000000,,9.000000,0.000000,54441973333385]
01-22 19:58:48.480   954  1023 I sensors-hal-OriginChannel: wise light debug, data[0].type is 65627,data[0].sensor is 91:[74.000000,,125.000000,,6.000000,0.000000,54442173049759]
01-22 19:58:48.681   954  1023 I sensors-hal-OriginChannel: wise light debug, data[3].type is 65627,data[3].sensor is 91:[73.000000,,200.000000,,6.000000,0.000000,54442373899894]
01-22 19:58:48.880   954  1023 I sensors-hal-OriginChannel: wise light debug, data[2].type is 65627,data[2].sensor is 91:[73.000000,,175.000000,,3.000000,0.000000,54442573332817]
01-22 19:58:49.026  3134  3554 D CommonScenarios-103-10305: transportLayerQosChange TransportLayerData{link_index=34, uid=10305, uplink_srtt=0, uplink_packets=0, uplink_retrans_packets=0, uplink_retrans_rate=0, downlink_srtt=0, downlink_packets=0, downlink_retrans_packets=0, downlink_retrans_rate=0, downlink_rate=0, uplink_udp_packets=0, downlink_udp_packets=0, uplink_tcp_rate=0, uplink_udp_rate=0, downlink_tcp_rate=0, downlink_udp_rate=0}
01-22 19:58:49.026  3134  3554 D CommonScenarios-103-10305: ActiveState process message 2
01-22 19:58:49.026  3134  3554 D CommonScenarios-103-10305: ActiveState EVENT_NETWORK_KPI_CHANGE
01-22 19:58:49.026  3134  3554 D CommonScenarios-103-10305: transport layer data is invalid
01-22 19:58:49.026  3134  3554 D CommonScenarios-103-10305: ActiveState EVENT_NETWORK_KPI_CHANGE score is invalid
01-22 19:58:49.081   954  1023 I sensors-hal-OriginChannel: wise light debug, data[2].type is 65627,data[2].sensor is 91:[73.000000,,200.000000,,3.000000,0.000000,54442773120462]
01-22 19:58:49.280   954  1023 I sensors-hal-OriginChannel: wise light debug, data[4].type is 65627,data[4].sensor is 91:[73.000000,,175.000000,,3.000000,0.000000,54442973882000]
01-22 19:58:49.415  2434  2434 I android.hardware.wifi@1.0-service-lazy: WifiCommand::requestResponse err=-14
01-22 19:58:49.415  2434  2434 I WifiHAL : wifi_get_link_stats: result=-1
01-22 19:58:49.415  1749  2331 E WifiStaIfaceHidlImpl: getLinkLayerStatsV1_5 failed with status: {.code = ERROR_UNKNOWN, .description = unknown}
01-22 19:58:49.481   954  1023 I sensors-hal-OriginChannel: wise light debug, data[2].type is 65627,data[2].sensor is 91:[74.000000,,200.000000,,6.000000,0.000000,54443173729457]
01-22 19:58:49.484  1749  1947 I OplusSmartBrightnessController: deltaLux = 0.09004116, scale = 1.0681884
01-22 19:58:49.485  1749  1949 D OplusSmartBrightnessController: handleMessage MSG_LUX_CHANGED, mLux:14.133164 luxQueue=[14.217457, 14.217457, 14.217457, 14.217457, 14.0757065, 14.0757065, 14.0757065, 14.0757065, 14.0757065, 14.0757065, 14.0757065]
01-22 19:58:49.682   954  1023 I sensors-hal-OriginChannel: wise light debug, data[2].type is 65627,data[2].sensor is 91:[73.000000,,175.000000,,10.000000,0.000000,54443373561173]
01-22 19:58:49.882   954  1023 I sensors-hal-OriginChannel: wise light debug, data[3].type is 65627,data[3].sensor is 91:[72.000000,,150.000000,,6.000000,0.000000,54443573695289]
01-22 19:58:50.021   989  1074 D vendor.oplus.hardware.charger-V3-service: read content:,298,-2740,4388,4388,0,500,2200,100,100,1,4,-1,5112,100,1,1048704,1,1,0,0,4425,0,10,0,10,0,1,0,301,0,4,2,0,0,61,61,61,0,0,0,0,0,0,0,0,0,0
01-22 19:58:50.021   989  1074 D vendor.oplus.hardware.charger-V3-service: , ret_value:138
01-22 19:58:50.022   989  1074 D vendor.oplus.hardware.charger-V3-service: gmtime: 2026-01-22-19-58-50
01-22 19:58:50.048  3134  3554 D CommonScenarios-103-10305: transportLayerQosChange TransportLayerData{link_index=34, uid=10305, uplink_srtt=0, uplink_packets=0, uplink_retrans_packets=0, uplink_retrans_rate=0, downlink_srtt=0, downlink_packets=0, downlink_retrans_packets=0, downlink_retrans_rate=0, downlink_rate=0, uplink_udp_packets=0, downlink_udp_packets=0, uplink_tcp_rate=0, uplink_udp_rate=0, downlink_tcp_rate=0, downlink_udp_rate=0}
01-22 19:58:50.049  3134  3554 D CommonScenarios-103-10305: ActiveState process message 2
01-22 19:58:50.049  3134  3554 D CommonScenarios-103-10305: ActiveState EVENT_NETWORK_KPI_CHANGE
01-22 19:58:50.049  3134  3554 D CommonScenarios-103-10305: transport layer data is invalid
01-22 19:58:50.049  3134  3554 D CommonScenarios-103-10305: ActiveState EVENT_NETWORK_KPI_CHANGE score is invalid
01-22 19:58:50.080   954  1023 I sensors-hal-OriginChannel: wise light debug, data[2].type is 65627,data[2].sensor is 91:[72.000000,,175.000000,,3.000000,0.000000,54443773491534]
01-22 19:58:50.279   954  1023 I sensors-hal-OriginChannel: wise light debug, data[2].type is 65627,data[2].sensor is 91:[73.000000,,125.000000,,6.000000,0.000000,54443973304803]
01-22 19:58:50.479   954  1023 I sensors-hal-OriginChannel: wise light debug, data[0].type is 65627,data[0].sensor is 91:[73.000000,,200.000000,,3.000000,0.000000,54444173510067]
01-22 19:58:50.583  1749 10572 E OplusAthenaAm: AthenaAmManagerInternal transact code hello:12,flags:0
01-22 19:58:50.679   954  1023 I sensors-hal-OriginChannel: wise light debug, data[4].type is 65627,data[4].sensor is 91:[73.000000,,175.000000,,3.000000,0.000000,54444373295937]
01-22 19:58:50.700  3203  3203 D AtCmdIndication: handleMessage what:1001
01-22 19:58:50.701  3203  3203 D AtCmdParser: [PHONE0]< com.oplus.telephony.AtCmdParser$2@b7d4230 urc ind:+ECSQ: 21,57,-298,1,1,-37,-335,4096,28,3
01-22 19:58:50.881   954  1023 I sensors-hal-OriginChannel: wise light debug, data[2].type is 65627,data[2].sensor is 91:[73.000000,,200.000000,,6.000000,0.000000,54444573501235]
01-22 19:58:51.074  3134  3554 D CommonScenarios-103-10305: transportLayerQosChange TransportLayerData{link_index=34, uid=10305, uplink_srtt=0, uplink_packets=0, uplink_retrans_packets=0, uplink_retrans_rate=0, downlink_srtt=0, downlink_packets=0, downlink_retrans_packets=0, downlink_retrans_rate=0, downlink_rate=0, uplink_udp_packets=0, downlink_udp_packets=0, uplink_tcp_rate=0, uplink_udp_rate=0, downlink_tcp_rate=0, downlink_udp_rate=0}
01-22 19:58:51.074  3134  3554 D CommonScenarios-103-10305: ActiveState process message 2
01-22 19:58:51.074  3134  3554 D CommonScenarios-103-10305: ActiveState EVENT_NETWORK_KPI_CHANGE
01-22 19:58:51.074  3134  3554 D CommonScenarios-103-10305: transport layer data is invalid
01-22 19:58:51.074  3134  3554 D CommonScenarios-103-10305: ActiveState EVENT_NETWORK_KPI_CHANGE score is invalid
01-22 19:58:51.080   954  1023 I sensors-hal-OriginChannel: wise light debug, data[2].type is 65627,data[2].sensor is 91:[72.000000,,150.000000,,6.000000,0.000000,54444772886500]
01-22 19:58:51.224  1749  2193 I [UAH_CLIENT_WRAPPER]: [UahNotifyWapper] inputflinger, src:1000, type:0
01-22 19:58:51.224  1749  2193 I [UAH_CLIENT]: uahRuleCtl, ruleId:1000, status:0
01-22 19:58:51.224  1749  2193 I [UAH_CLIENT_WRAPPER]: [UahEventAcquireWrapper] eventId:OSENSE_ACTION_TOUCH_BOOST, scene:none, identity:inputflinger, timeout:150
01-22 19:58:51.225  1749  2213 D system_server: addOrUpdateWindow: set 26601f4 com.voidwarp.android/com.voidwarp.android.MainActivity firstDownTimeInTarget to 15358228000000
01-22 19:58:51.225  1749  2193 I [UAH_CLIENT]: UahEventAcquire, cmdid:37, pkg:none, identity:inputflinger
01-22 19:58:51.225  1749  2213 D system_server: addOrUpdateWindow: set [Gesture Monitor] OplusExInputReceiver1 firstDownTimeInTarget to 15358228000000
01-22 19:58:51.225  1749  2213 D system_server: addOrUpdateWindow: set [Gesture Monitor] edge-swipe firstDownTimeInTarget to 15358228000000
01-22 19:58:51.225  1749  2213 D system_server: addOrUpdateWindow: set [Gesture Monitor] swipe-up firstDownTimeInTarget to 15358228000000
01-22 19:58:51.225  1086  1288 D VRR [OTI]: handleIdle from 1 to 0
01-22 19:58:51.225  1086  1288 D VRR [OTI-HW]: isStateReady 0
