01-22 19:58:51.225  1086  1288 D VRR [OTI-HW]: rate range: min {id=0, hwcId=0, resolution=1080x2412, refreshRate=60.00 Hz, dpi=391.89x395.26, group=0} cur {id=0, hwcId=0, resolution=1080x2412, refreshRate=60.00 Hz, dpi=391.89x395.26, group=0} max {id=0, hwcId=0, resolution=1080x2412, refreshRate=60.00 Hz, dpi=391.89x395.26, group=0}
01-22 19:58:51.225  1086  1288 D VRR [OTI-HW]: keep rate.
01-22 19:58:51.225  1749  2441 D OGG_Detector: D:done mCurrStatus: 0
01-22 19:58:51.226  1749  2213 D PowerManagerService: userActivityNoUpdateLocked: groupId=0, eventTime=15358228, event=touch, flags=0x0, uid=1000
01-22 19:58:51.226  2593  2894 I SystemUi--NavBar: NoBackGesture-->display_id_0 Start gesture: 
01-22 19:58:51.227 31475 31475 V AutofillManager: requestHideFillUi(null): anchor = null
01-22 19:58:51.227  2593  2894 I SystemUi--NavBar: SideGestureDetector-->display_id_0 updateNavBarHidden  mNavBarHidden = false display id =0
01-22 19:58:51.227  2593  2894 I SystemUi--NavBar: NoBackGesture-->display_id_0 Not in side gesture area
01-22 19:58:51.238  1749  2193 I [UAH_CLIENT_WRAPPER]: [UahNotifyWapper] inputflinger, src:1000, type:1
01-22 19:58:51.238  1749  2193 I [UAH_CLIENT]: uahRuleCtl, ruleId:1000, status:1
01-22 19:58:51.241 31475 31475 D ViewRootImplExtImpl: the up motion event handled by client, just return
01-22 19:58:51.281   954  1023 I sensors-hal-OriginChannel: wise light debug, data[4].type is 65627,data[4].sensor is 91:[73.000000,,200.000000,,6.000000,0.000000,54444973808990]
01-22 19:58:51.481   954  1023 I sensors-hal-OriginChannel: wise light debug, data[2].type is 65627,data[2].sensor is 91:[72.000000,,175.000000,,6.000000,0.000000,54445173440307]
01-22 19:58:51.484  1749  1947 I OplusSmartBrightnessController: deltaLux = 0.057457924, scale = 1.0
01-22 19:58:51.485  1749  1949 D OplusSmartBrightnessController: handleMessage MSG_LUX_CHANGED, mLux:14.0757065 luxQueue=[14.0757065, 14.0757065, 14.0757065, 14.0757065, 14.0757065, 14.0757065, 14.0757065, 14.0757065, 14.0757065, 14.0757065]
01-22 19:58:51.681   954  1023 I sensors-hal-OriginChannel: wise light debug, data[1].type is 65627,data[1].sensor is 91:[73.000000,,175.000000,,6.000000,0.000000,54445373508398]
01-22 19:58:51.845  1749 10572 E OplusNetworkStatsNative: bpfGetAppPurStatsTotal return 0
01-22 19:58:51.846  3134  3554 D OplusUidPurStatsSerivce-NAS: checkLoopProcess mLastStatsValue:0; curStats:0
01-22 19:58:51.881   954  1023 I sensors-hal-OriginChannel: wise light debug, data[4].type is 65627,data[4].sensor is 91:[73.000000,,150.000000,,6.000000,0.000000,54445573500312]
01-22 19:58:52.023  2593  3335 D OplusMemUtil: Regular memory logging  --  total-pss: 263,  dalvik-pss: 32,  native-pss: 102,  swap-pss: 15 -- total-rss: 400
01-22 19:58:52.080   954  1023 I sensors-hal-OriginChannel: wise light debug, data[2].type is 65627,data[2].sensor is 91:[74.000000,,150.000000,,6.000000,0.000000,54445773604408]
01-22 19:58:52.098  3134  3554 D CommonScenarios-103-10305: transportLayerQosChange TransportLayerData{link_index=34, uid=10305, uplink_srtt=0, uplink_packets=0, uplink_retrans_packets=0, uplink_retrans_rate=0, downlink_srtt=0, downlink_packets=0, downlink_retrans_packets=0, downlink_retrans_rate=0, downlink_rate=0, uplink_udp_packets=0, downlink_udp_packets=0, uplink_tcp_rate=0, uplink_udp_rate=0, downlink_tcp_rate=0, downlink_udp_rate=0}
01-22 19:58:52.098  3134  3554 D CommonScenarios-103-10305: ActiveState process message 2
01-22 19:58:52.098  3134  3554 D CommonScenarios-103-10305: ActiveState EVENT_NETWORK_KPI_CHANGE
01-22 19:58:52.098  3134  3554 D CommonScenarios-103-10305: transport layer data is invalid
01-22 19:58:52.098  3134  3554 D CommonScenarios-103-10305: ActiveState EVENT_NETWORK_KPI_CHANGE score is invalid
01-22 19:58:52.280   954  1023 I sensors-hal-OriginChannel: wise light debug, data[2].type is 65627,data[2].sensor is 91:[73.000000,,200.000000,,3.000000,0.000000,54445973501078]
01-22 19:58:52.441  2434  2434 I android.hardware.wifi@1.0-service-lazy: WifiCommand::requestResponse err=-14
01-22 19:58:52.441  2434  2434 I WifiHAL : wifi_get_link_stats: result=-1
01-22 19:58:52.442  1749  2331 E WifiStaIfaceHidlImpl: getLinkLayerStatsV1_5 failed with status: {.code = ERROR_UNKNOWN, .description = unknown}
01-22 19:58:52.479   954  1023 I sensors-hal-OriginChannel: wise light debug, data[0].type is 65627,data[0].sensor is 91:[73.000000,,175.000000,,3.000000,0.000000,54446173313418]
01-22 19:58:52.514  1086  1086 I BufferQueueProducer: [StatusBar#85](this:0xb400007e9a8508f8,id:-1,api:0,p:-1,c:1086) queueBuffer: fps=0.11 dur=9083.39 max=9083.39 min=9083.39
01-22 19:58:52.681   954  1023 I sensors-hal-OriginChannel: wise light debug, data[4].type is 65627,data[4].sensor is 91:[73.000000,,200.000000,,3.000000,0.000000,54446373529986]
01-22 19:58:52.881   954  1023 I sensors-hal-OriginChannel: wise light debug, data[2].type is 65627,data[2].sensor is 91:[73.000000,,200.000000,,3.000000,0.000000,54446573514380]
01-22 19:58:53.079   954  1023 I sensors-hal-OriginChannel: wise light debug, data[2].type is 65627,data[2].sensor is 91:[73.000000,,175.000000,,3.000000,0.000000,54446773325429]
01-22 19:58:53.122  3134  3554 D CommonScenarios-103-10305: transportLayerQosChange TransportLayerData{link_index=34, uid=10305, uplink_srtt=0, uplink_packets=0, uplink_retrans_packets=0, uplink_retrans_rate=0, downlink_srtt=0, downlink_packets=0, downlink_retrans_packets=0, downlink_retrans_rate=0, downlink_rate=0, uplink_udp_packets=0, downlink_udp_packets=0, uplink_tcp_rate=0, uplink_udp_rate=0, downlink_tcp_rate=0, downlink_udp_rate=0}
01-22 19:58:53.122  3134  3554 D CommonScenarios-103-10305: ActiveState process message 2
01-22 19:58:53.122  3134  3554 D CommonScenarios-103-10305: ActiveState EVENT_NETWORK_KPI_CHANGE
01-22 19:58:53.122  3134  3554 D CommonScenarios-103-10305: transport layer data is invalid
01-22 19:58:53.122  3134  3554 D CommonScenarios-103-10305: ActiveState EVENT_NETWORK_KPI_CHANGE score is invalid
01-22 19:58:53.281   954  1023 I sensors-hal-OriginChannel: wise light debug, data[4].type is 65627,data[4].sensor is 91:[73.000000,,200.000000,,6.000000,0.000000,54446973497962]
01-22 19:58:53.284  1086  4132 D SurfaceFlinger: captureDisplay from pid 1086 uid -1 display 4627039422300187648
01-22 19:58:53.332  1390  1390 I thermal_repeater: [recvMdThermalInfo] ret=29, strLen=127,  3, 31, -127, 0, 32767, 10441
01-22 19:58:53.428 10946 11976 E FileStrategy: java.io.IOException: Read-only file system
01-22 19:58:53.478   954  1023 I sensors-hal-OriginChannel: wise light debug, data[1].type is 65627,data[1].sensor is 91:[73.000000,,175.000000,,6.000000,0.000000,54447172866260]
01-22 19:58:53.633 10946 10957 W .htms:cloudctrl: Reducing the number of considered missed Gc histogram windows from 180 to 100
01-22 19:58:53.679   954  1023 I sensors-hal-OriginChannel: wise light debug, data[2].type is 65627,data[2].sensor is 91:[73.000000,,175.000000,,10.000000,0.000000,54447373484813]
01-22 19:58:53.824 10946 12207 D TrafficStats: tagSocket(89) with statsTag=0xffffffff, statsUid=-1
01-22 19:58:53.878   954  1023 I sensors-hal-OriginChannel: wise light debug, data[4].type is 65627,data[4].sensor is 91:[74.000000,,150.000000,,6.000000,0.000000,54447573082313]
01-22 19:58:53.970 10946 12207 E MSP-LOG-APP-CloudCtrlStatisticsManager: reportConfigUpdateRequest mHasInit == false return
01-22 19:58:53.970 10946 12207 E MSP-LOG-APP-CloudCtrlStatisticsManager: reportConfigUpdateRequest mHasInit == false return
01-22 19:58:53.970 10946 12207 E MSP-LOG-APP-CloudCtrlStatisticsManager: reportConfigUpdateRequest mHasInit == false return
01-22 19:58:53.970 10946 12207 E MSP-LOG-APP-CloudCtrlStatisticsManager: reportConfigUpdateRequest mHasInit == false return
01-22 19:58:53.970 10946 12207 E MSP-LOG-APP-CloudCtrlStatisticsManager: reportConfigUpdateRequest mHasInit == false return
01-22 19:58:53.970 10946 12207 E MSP-LOG-APP-CloudCtrlStatisticsManager: reportConfigUpdateRequest mHasInit == false return
01-22 19:58:53.970 10946 12207 E MSP-LOG-APP-CloudCtrlStatisticsManager: reportConfigUpdateRequest mHasInit == false return
01-22 19:58:53.970 10946 12207 E MSP-LOG-APP-CloudCtrlStatisticsManager: reportConfigUpdateRequest mHasInit == false return
01-22 19:58:53.970 10946 12207 E MSP-LOG-APP-CloudCtrlStatisticsManager: reportConfigUpdateRequest mHasInit == false return
01-22 19:58:53.970 10946 12207 E MSP-LOG-APP-CloudCtrlStatisticsManager: reportConfigUpdateRequest mHasInit == false return
01-22 19:58:53.970 10946 12207 E MSP-LOG-APP-CloudCtrlStatisticsManager: reportConfigUpdateRequest mHasInit == false return
01-22 19:58:53.970 10946 12207 E MSP-LOG-APP-CloudCtrlStatisticsManager: reportConfigUpdateRequest mHasInit == false return
01-22 19:58:53.970 10946 12207 E MSP-LOG-APP-CloudCtrlStatisticsManager: reportConfigUpdateRequest mHasInit == false return
01-22 19:58:53.970 10946 12207 E MSP-LOG-APP-CloudCtrlStatisticsManager: reportConfigUpdateRequest mHasInit == false return
01-22 19:58:53.971 10946 12207 E MSP-LOG-APP-CloudCtrlStatisticsManager: reportConfigUpdateRequest mHasInit == false return
01-22 19:58:53.971 10946 12207 E MSP-LOG-APP-CloudCtrlStatisticsManager: reportConfigUpdateRequest mHasInit == false return
01-22 19:58:53.971 10946 12207 E MSP-LOG-APP-CloudCtrlStatisticsManager: reportConfigUpdateRequest mHasInit == false return
01-22 19:58:53.971 10946 12207 E MSP-LOG-APP-CloudCtrlStatisticsManager: reportConfigUpdateRequest mHasInit == false return
01-22 19:58:53.971 10946 12207 E MSP-LOG-APP-CloudCtrlStatisticsManager: reportConfigUpdateRequest mHasInit == false return
01-22 19:58:53.971 10946 12207 E MSP-LOG-APP-CloudCtrlStatisticsManager: reportConfigUpdateRequest mHasInit == false return
01-22 19:58:53.971 10946 12207 E MSP-LOG-APP-CloudCtrlStatisticsManager: reportConfigUpdateRequest mHasInit == false return
01-22 19:58:53.971 10946 12207 E MSP-LOG-APP-CloudCtrlStatisticsManager: reportConfigUpdateRequest mHasInit == false return
01-22 19:58:53.971 10946 12207 E MSP-LOG-APP-CloudCtrlStatisticsManager: reportConfigUpdateRequest mHasInit == false return
01-22 19:58:53.971 10946 12207 E MSP-LOG-APP-CloudCtrlStatisticsManager: reportConfigUpdateRequest mHasInit == false return
01-22 19:58:53.971 10946 12207 E MSP-LOG-APP-CloudCtrlStatisticsManager: reportConfigUpdateRequest mHasInit == false return
01-22 19:58:53.971 10946 12207 E MSP-LOG-APP-CloudCtrlStatisticsManager: reportConfigUpdateRequest mHasInit == false return
01-22 19:58:53.971 10946 12207 E MSP-LOG-APP-CloudCtrlStatisticsManager: reportConfigUpdateRequest mHasInit == false return
01-22 19:58:53.971 10946 12207 E MSP-LOG-APP-CloudCtrlStatisticsManager: reportConfigUpdateRequest mHasInit == false return
01-22 19:58:53.971 10946 12207 E MSP-LOG-APP-CloudCtrlStatisticsManager: reportConfigUpdateRequest mHasInit == false return
01-22 19:58:53.971 10946 12207 E MSP-LOG-APP-CloudCtrlStatisticsManager: reportConfigUpdateRequest mHasInit == false return
01-22 19:58:53.971 10946 12207 E MSP-LOG-APP-CloudCtrlStatisticsManager: reportConfigUpdateRequest mHasInit == false return
01-22 19:58:53.971 10946 12207 E MSP-LOG-APP-CloudCtrlStatisticsManager: reportConfigUpdateRequest mHasInit == false return
01-22 19:58:53.971 10946 12207 E MSP-LOG-APP-CloudCtrlStatisticsManager: reportConfigUpdateRequest mHasInit == false return
01-22 19:58:53.971 10946 12207 E MSP-LOG-APP-CloudCtrlStatisticsManager: reportConfigUpdateRequest mHasInit == false return
01-22 19:58:53.971 10946 12207 E MSP-LOG-APP-CloudCtrlStatisticsManager: reportConfigUpdateRequest mHasInit == false return
01-22 19:58:53.971 10946 12207 E MSP-LOG-APP-CloudCtrlStatisticsManager: reportConfigUpdateRequest mHasInit == false return
01-22 19:58:53.971 10946 12207 E MSP-LOG-APP-CloudCtrlStatisticsManager: reportConfigUpdateRequest mHasInit == false return
01-22 19:58:53.971 10946 12207 E MSP-LOG-APP-CloudCtrlStatisticsManager: reportConfigUpdateRequest mHasInit == false return
01-22 19:58:53.971 10946 12207 E MSP-LOG-APP-CloudCtrlStatisticsManager: reportConfigUpdateRequest mHasInit == false return
01-22 19:58:53.971 10946 12207 E MSP-LOG-APP-CloudCtrlStatisticsManager: reportConfigUpdateRequest mHasInit == false return
01-22 19:58:53.971 10946 12207 E MSP-LOG-APP-CloudCtrlStatisticsManager: reportConfigUpdateRequest mHasInit == false return
01-22 19:58:53.971 10946 12207 E MSP-LOG-APP-CloudCtrlStatisticsManager: reportConfigUpdateRequest mHasInit == false return
01-22 19:58:53.971 10946 12207 E MSP-LOG-APP-CloudCtrlStatisticsManager: reportConfigUpdateRequest mHasInit == false return
01-22 19:58:53.971 10946 12207 E MSP-LOG-APP-CloudCtrlStatisticsManager: reportConfigUpdateRequest mHasInit == false return
01-22 19:58:53.971 10946 12207 E MSP-LOG-APP-CloudCtrlStatisticsManager: reportConfigUpdateRequest mHasInit == false return
01-22 19:58:53.971 10946 12207 E MSP-LOG-APP-CloudCtrlStatisticsManager: reportConfigUpdateRequest mHasInit == false return
01-22 19:58:53.971 10946 12207 E MSP-LOG-APP-CloudCtrlStatisticsManager: reportConfigUpdateRequest mHasInit == false return
01-22 19:58:53.971 10946 12207 E MSP-LOG-APP-CloudCtrlStatisticsManager: reportConfigUpdateRequest mHasInit == false return
01-22 19:58:53.971 10946 12207 E MSP-LOG-APP-CloudCtrlStatisticsManager: reportConfigUpdateRequest mHasInit == false return
01-22 19:58:53.971 10946 12207 E MSP-LOG-APP-CloudCtrlStatisticsManager: reportConfigUpdateRequest mHasInit == false return
01-22 19:58:53.971 10946 12207 E MSP-LOG-APP-CloudCtrlStatisticsManager: reportConfigUpdateRequest mHasInit == false return
01-22 19:58:53.971 10946 12207 E MSP-LOG-APP-CloudCtrlStatisticsManager: reportConfigUpdateRequest mHasInit == false return
01-22 19:58:53.971 10946 12207 E MSP-LOG-APP-CloudCtrlStatisticsManager: reportConfigUpdateRequest mHasInit == false return
01-22 19:58:53.971 10946 12207 E MSP-LOG-APP-CloudCtrlStatisticsManager: reportConfigUpdateRequest mHasInit == false return
01-22 19:58:53.971 10946 12207 E MSP-LOG-APP-CloudCtrlStatisticsManager: reportConfigUpdateRequest mHasInit == false return
01-22 19:58:53.971 10946 12207 E MSP-LOG-APP-CloudCtrlStatisticsManager: reportConfigUpdateRequest mHasInit == false return
01-22 19:58:53.971 10946 12207 E MSP-LOG-APP-CloudCtrlStatisticsManager: reportConfigUpdateRequest mHasInit == false return
01-22 19:58:53.971 10946 12207 E MSP-LOG-APP-CloudCtrlStatisticsManager: reportConfigUpdateRequest mHasInit == false return
01-22 19:58:53.971 10946 12207 E MSP-LOG-APP-CloudCtrlStatisticsManager: reportConfigUpdateRequest mHasInit == false return
01-22 19:58:53.971 10946 12207 E MSP-LOG-APP-CloudCtrlStatisticsManager: reportConfigUpdateRequest mHasInit == false return
01-22 19:58:53.971 10946 12207 E MSP-LOG-APP-CloudCtrlStatisticsManager: reportConfigUpdateRequest mHasInit == false return
01-22 19:58:53.971 10946 12207 E MSP-LOG-APP-CloudCtrlStatisticsManager: reportConfigUpdateRequest mHasInit == false return
01-22 19:58:53.971 10946 12207 E MSP-LOG-APP-CloudCtrlStatisticsManager: reportConfigUpdateRequest mHasInit == false return
01-22 19:58:53.971 10946 12207 E MSP-LOG-APP-CloudCtrlStatisticsManager: reportConfigUpdateRequest mHasInit == false return
01-22 19:58:53.971 10946 12207 E MSP-LOG-APP-CloudCtrlStatisticsManager: reportConfigUpdateRequest mHasInit == false return
01-22 19:58:53.971 10946 12207 E MSP-LOG-APP-CloudCtrlStatisticsManager: reportConfigUpdateRequest mHasInit == false return
01-22 19:58:53.971 10946 12207 E MSP-LOG-APP-CloudCtrlStatisticsManager: reportConfigUpdateRequest mHasInit == false return
01-22 19:58:53.971 10946 12207 E MSP-LOG-APP-CloudCtrlStatisticsManager: reportConfigUpdateRequest mHasInit == false return
01-22 19:58:53.971 10946 12207 E MSP-LOG-APP-CloudCtrlStatisticsManager: reportConfigUpdateRequest mHasInit == false return
01-22 19:58:53.972 10946 12207 E MSP-LOG-APP-CloudCtrlStatisticsManager: reportConfigUpdateRequest mHasInit == false return
01-22 19:58:53.972 10946 12207 E MSP-LOG-APP-CloudCtrlStatisticsManager: reportConfigUpdateRequest mHasInit == false return
01-22 19:58:53.972 10946 12207 E MSP-LOG-APP-CloudCtrlStatisticsManager: reportConfigUpdateRequest mHasInit == false return
01-22 19:58:53.972 10946 12207 E MSP-LOG-APP-CloudCtrlStatisticsManager: reportConfigUpdateRequest mHasInit == false return
01-22 19:58:53.972 10946 12207 E MSP-LOG-APP-CloudCtrlStatisticsManager: reportConfigUpdateRequest mHasInit == false return
01-22 19:58:53.972 10946 12207 E MSP-LOG-APP-CloudCtrlStatisticsManager: reportConfigUpdateRequest mHasInit == false return
01-22 19:58:53.972 10946 12207 E MSP-LOG-APP-CloudCtrlStatisticsManager: reportConfigUpdateRequest mHasInit == false return
01-22 19:58:53.972 10946 12207 E MSP-LOG-APP-CloudCtrlStatisticsManager: reportConfigUpdateRequest mHasInit == false return
01-22 19:58:53.972 10946 12207 E MSP-LOG-APP-CloudCtrlStatisticsManager: reportConfigUpdateRequest mHasInit == false return
01-22 19:58:53.972 10946 12207 E MSP-LOG-APP-CloudCtrlStatisticsManager: reportConfigUpdateRequest mHasInit == false return
01-22 19:58:53.972 10946 12207 E MSP-LOG-APP-CloudCtrlStatisticsManager: reportConfigUpdateRequest mHasInit == false return
01-22 19:58:53.972 10946 12207 E MSP-LOG-APP-CloudCtrlStatisticsManager: reportConfigUpdateRequest mHasInit == false return
01-22 19:58:53.972 10946 12207 E MSP-LOG-APP-CloudCtrlStatisticsManager: reportConfigUpdateRequest mHasInit == false return
01-22 19:58:53.972 10946 12207 E MSP-LOG-APP-CloudCtrlStatisticsManager: reportConfigUpdateRequest mHasInit == false return
01-22 19:58:53.972 10946 12207 E MSP-LOG-APP-CloudCtrlStatisticsManager: reportConfigUpdateRequest mHasInit == false return
01-22 19:58:53.972 10946 12207 E MSP-LOG-APP-CloudCtrlStatisticsManager: reportConfigUpdateRequest mHasInit == false return
01-22 19:58:53.972 10946 12207 E MSP-LOG-APP-CloudCtrlStatisticsManager: reportConfigUpdateRequest mHasInit == false return
01-22 19:58:53.972 10946 12207 E MSP-LOG-APP-CloudCtrlStatisticsManager: reportConfigUpdateRequest mHasInit == false return
01-22 19:58:53.972 10946 12207 E MSP-LOG-APP-CloudCtrlStatisticsManager: reportConfigUpdateRequest mHasInit == false return
01-22 19:58:53.972 10946 12207 E MSP-LOG-APP-CloudCtrlStatisticsManager: reportConfigUpdateRequest mHasInit == false return
01-22 19:58:53.972 10946 12207 E MSP-LOG-APP-CloudCtrlStatisticsManager: reportConfigUpdateRequest mHasInit == false return
01-22 19:58:53.972 10946 12207 E MSP-LOG-APP-CloudCtrlStatisticsManager: reportConfigUpdateRequest mHasInit == false return
01-22 19:58:53.972 10946 12207 E MSP-LOG-APP-CloudCtrlStatisticsManager: reportConfigUpdateRequest mHasInit == false return
01-22 19:58:53.972 10946 12207 E MSP-LOG-APP-CloudCtrlStatisticsManager: reportConfigUpdateRequest mHasInit == false return
01-22 19:58:53.972 10946 12207 E MSP-LOG-APP-CloudCtrlStatisticsManager: reportConfigUpdateRequest mHasInit == false return
01-22 19:58:53.972 10946 12207 E MSP-LOG-APP-CloudCtrlStatisticsManager: reportConfigUpdateRequest mHasInit == false return
01-22 19:58:53.972 10946 12207 E MSP-LOG-APP-CloudCtrlStatisticsManager: reportConfigUpdateRequest mHasInit == false return
01-22 19:58:53.972 10946 12207 E MSP-LOG-APP-CloudCtrlStatisticsManager: reportConfigUpdateRequest mHasInit == false return
01-22 19:58:53.973 10946 12207 E MSP-LOG-APP-CloudCtrlStatisticsManager: reportConfigUpdateRequest mHasInit == false return
01-22 19:58:53.973 10946 12207 E MSP-LOG-APP-CloudCtrlStatisticsManager: reportConfigUpdateRequest mHasInit == false return
01-22 19:58:53.973 10946 12207 E MSP-LOG-APP-CloudCtrlStatisticsManager: reportConfigUpdateRequest mHasInit == false return
01-22 19:58:53.973 10946 12207 E MSP-LOG-APP-CloudCtrlStatisticsManager: reportConfigUpdateRequest mHasInit == false return
01-22 19:58:53.973 10946 12207 E MSP-LOG-APP-CloudCtrlStatisticsManager: reportConfigUpdateRequest mHasInit == false return
01-22 19:58:53.973 10946 12207 E MSP-LOG-APP-CloudCtrlStatisticsManager: reportConfigUpdateRequest mHasInit == false return
01-22 19:58:53.973 10946 12207 E MSP-LOG-APP-CloudCtrlStatisticsManager: reportConfigUpdateRequest mHasInit == false return
01-22 19:58:53.973 10946 12207 E MSP-LOG-APP-CloudCtrlStatisticsManager: reportConfigUpdateRequest mHasInit == false return
01-22 19:58:53.973 10946 12207 E MSP-LOG-APP-CloudCtrlStatisticsManager: reportConfigUpdateRequest mHasInit == false return
01-22 19:58:53.973 10946 12207 E MSP-LOG-APP-CloudCtrlStatisticsManager: reportConfigUpdateRequest mHasInit == false return
01-22 19:58:53.973 10946 12207 E MSP-LOG-APP-CloudCtrlStatisticsManager: reportConfigUpdateRequest mHasInit == false return
01-22 19:58:53.973 10946 12207 E MSP-LOG-APP-CloudCtrlStatisticsManager: reportConfigUpdateRequest mHasInit == false return
01-22 19:58:53.973 10946 12207 E MSP-LOG-APP-CloudCtrlStatisticsManager: reportConfigUpdateRequest mHasInit == false return
01-22 19:58:53.973 10946 12207 E MSP-LOG-APP-CloudCtrlStatisticsManager: reportConfigUpdateRequest mHasInit == false return
01-22 19:58:53.973 10946 12207 E MSP-LOG-APP-CloudCtrlStatisticsManager: reportConfigUpdateRequest mHasInit == false return
01-22 19:58:53.973 10946 12207 E MSP-LOG-APP-CloudCtrlStatisticsManager: reportConfigUpdateRequest mHasInit == false return
01-22 19:58:53.973 10946 12207 E MSP-LOG-APP-CloudCtrlStatisticsManager: reportConfigUpdateRequest mHasInit == false return
01-22 19:58:53.973 10946 12207 E MSP-LOG-APP-CloudCtrlStatisticsManager: reportConfigUpdateRequest mHasInit == false return
01-22 19:58:53.973 10946 12207 E MSP-LOG-APP-CloudCtrlStatisticsManager: reportConfigUpdateRequest mHasInit == false return
01-22 19:58:53.973 10946 12207 E MSP-LOG-APP-CloudCtrlStatisticsManager: reportConfigUpdateRequest mHasInit == false return
01-22 19:58:53.973 10946 12207 E MSP-LOG-APP-CloudCtrlStatisticsManager: reportConfigUpdateRequest mHasInit == false return
01-22 19:58:53.973 10946 12207 E MSP-LOG-APP-CloudCtrlStatisticsManager: reportConfigUpdateRequest mHasInit == false return
01-22 19:58:53.973 10946 12207 E MSP-LOG-APP-CloudCtrlStatisticsManager: reportConfigUpdateRequest mHasInit == false return
01-22 19:58:53.973 10946 12207 E MSP-LOG-APP-CloudCtrlStatisticsManager: reportConfigUpdateRequest mHasInit == false return
01-22 19:58:53.973 10946 12207 E MSP-LOG-APP-CloudCtrlStatisticsManager: reportConfigUpdateRequest mHasInit == false return
01-22 19:58:53.973 10946 12207 E MSP-LOG-APP-CloudCtrlStatisticsManager: reportConfigUpdateRequest mHasInit == false return
01-22 19:58:53.973 10946 12207 E MSP-LOG-APP-CloudCtrlStatisticsManager: reportConfigUpdateRequest mHasInit == false return
01-22 19:58:53.973 10946 12207 E MSP-LOG-APP-CloudCtrlStatisticsManager: reportConfigUpdateRequest mHasInit == false return
01-22 19:58:53.973 10946 12207 E MSP-LOG-APP-CloudCtrlStatisticsManager: reportConfigUpdateRequest mHasInit == false return
01-22 19:58:53.974 10946 12207 E MSP-LOG-APP-CloudCtrlStatisticsManager: reportConfigUpdateRequest mHasInit == false return
01-22 19:58:53.974 10946 12207 E MSP-LOG-APP-CloudCtrlStatisticsManager: reportConfigUpdateRequest mHasInit == false return
01-22 19:58:53.974 10946 12207 E MSP-LOG-APP-CloudCtrlStatisticsManager: reportConfigUpdateRequest mHasInit == false return
01-22 19:58:53.974 10946 12207 E MSP-LOG-APP-CloudCtrlStatisticsManager: reportConfigUpdateRequest mHasInit == false return
01-22 19:58:53.974 10946 12207 E MSP-LOG-APP-CloudCtrlStatisticsManager: reportConfigUpdateRequest mHasInit == false return
01-22 19:58:53.974 10946 12207 E MSP-LOG-APP-CloudCtrlStatisticsManager: reportConfigUpdateRequest mHasInit == false return
01-22 19:58:53.974 10946 12207 E MSP-LOG-APP-CloudCtrlStatisticsManager: reportConfigUpdateRequest mHasInit == false return
01-22 19:58:53.974 10946 12207 E MSP-LOG-APP-CloudCtrlStatisticsManager: reportConfigUpdateRequest mHasInit == false return
01-22 19:58:53.974 10946 12207 E MSP-LOG-APP-CloudCtrlStatisticsManager: reportConfigUpdateRequest mHasInit == false return
01-22 19:58:53.974 10946 12207 E MSP-LOG-APP-CloudCtrlStatisticsManager: reportConfigUpdateRequest mHasInit == false return
01-22 19:58:53.974 10946 12207 E MSP-LOG-APP-CloudCtrlStatisticsManager: reportConfigUpdateRequest mHasInit == false return
01-22 19:58:53.974 10946 12207 E MSP-LOG-APP-CloudCtrlStatisticsManager: reportConfigUpdateRequest mHasInit == false return
01-22 19:58:53.974 10946 12207 E MSP-LOG-APP-CloudCtrlStatisticsManager: reportConfigUpdateRequest mHasInit == false return
01-22 19:58:53.974 10946 12207 E MSP-LOG-APP-CloudCtrlStatisticsManager: reportConfigUpdateRequest mHasInit == false return
01-22 19:58:53.974 10946 12207 E MSP-LOG-APP-CloudCtrlStatisticsManager: reportConfigUpdateRequest mHasInit == false return
01-22 19:58:53.974 10946 12207 E MSP-LOG-APP-CloudCtrlStatisticsManager: reportConfigUpdateRequest mHasInit == false return
01-22 19:58:53.974 10946 12207 E MSP-LOG-APP-CloudCtrlStatisticsManager: reportConfigUpdateRequest mHasInit == false return
01-22 19:58:53.974 10946 12207 E MSP-LOG-APP-CloudCtrlStatisticsManager: reportConfigUpdateRequest mHasInit == false return
01-22 19:58:53.974 10946 12207 E MSP-LOG-APP-CloudCtrlStatisticsManager: reportConfigUpdateRequest mHasInit == false return
01-22 19:58:53.974 10946 12207 E MSP-LOG-APP-CloudCtrlStatisticsManager: reportConfigUpdateRequest mHasInit == false return
01-22 19:58:53.974 10946 12207 E MSP-LOG-APP-CloudCtrlStatisticsManager: reportConfigUpdateRequest mHasInit == false return
01-22 19:58:53.974 10946 12207 E MSP-LOG-APP-CloudCtrlStatisticsManager: reportConfigUpdateRequest mHasInit == false return
01-22 19:58:53.974 10946 12207 E MSP-LOG-APP-CloudCtrlStatisticsManager: reportConfigUpdateRequest mHasInit == false return
01-22 19:58:53.974 10946 12207 E MSP-LOG-APP-CloudCtrlStatisticsManager: reportConfigUpdateRequest mHasInit == false return
01-22 19:58:53.974 10946 12207 E MSP-LOG-APP-CloudCtrlStatisticsManager: reportConfigUpdateRequest mHasInit == false return
01-22 19:58:53.974 10946 12207 E MSP-LOG-APP-CloudCtrlStatisticsManager: reportConfigUpdateRequest mHasInit == false return
01-22 19:58:53.974 10946 12207 E MSP-LOG-APP-CloudCtrlStatisticsManager: reportConfigUpdateRequest mHasInit == false return
01-22 19:58:53.974 10946 12207 E MSP-LOG-APP-CloudCtrlStatisticsManager: reportConfigUpdateRequest mHasInit == false return
01-22 19:58:53.974 10946 12207 E MSP-LOG-APP-CloudCtrlStatisticsManager: reportConfigUpdateRequest mHasInit == false return
01-22 19:58:53.974 10946 12207 E MSP-LOG-APP-CloudCtrlStatisticsManager: reportConfigUpdateRequest mHasInit == false return
01-22 19:58:53.974 10946 12207 E MSP-LOG-APP-CloudCtrlStatisticsManager: reportConfigUpdateRequest mHasInit == false return
01-22 19:58:53.974 10946 12207 E MSP-LOG-APP-CloudCtrlStatisticsManager: reportConfigUpdateRequest mHasInit == false return
01-22 19:58:53.974 10946 12207 E MSP-LOG-APP-CloudCtrlStatisticsManager: reportConfigUpdateRequest mHasInit == false return
01-22 19:58:53.974 10946 12207 E MSP-LOG-APP-CloudCtrlStatisticsManager: reportConfigUpdateRequest mHasInit == false return
01-22 19:58:53.974 10946 12207 E MSP-LOG-APP-CloudCtrlStatisticsManager: reportConfigUpdateRequest mHasInit == false return
01-22 19:58:53.974 10946 12207 E MSP-LOG-APP-CloudCtrlStatisticsManager: reportConfigUpdateRequest mHasInit == false return
01-22 19:58:53.974 10946 12207 E MSP-LOG-APP-CloudCtrlStatisticsManager: reportConfigUpdateRequest mHasInit == false return
01-22 19:58:53.974 10946 12207 E MSP-LOG-APP-CloudCtrlStatisticsManager: reportConfigUpdateRequest mHasInit == false return
01-22 19:58:53.974 10946 12207 E MSP-LOG-APP-CloudCtrlStatisticsManager: reportConfigUpdateRequest mHasInit == false return
01-22 19:58:53.974 10946 12207 E MSP-LOG-APP-CloudCtrlStatisticsManager: reportConfigUpdateRequest mHasInit == false return
01-22 19:58:53.974 10946 12207 E MSP-LOG-APP-CloudCtrlStatisticsManager: reportConfigUpdateRequest mHasInit == false return
01-22 19:58:53.974 10946 12207 E MSP-LOG-APP-CloudCtrlStatisticsManager: reportConfigUpdateRequest mHasInit == false return
01-22 19:58:53.975 10946 12207 E MSP-LOG-APP-CloudCtrlStatisticsManager: reportConfigUpdateRequest mHasInit == false return
01-22 19:58:53.975 10946 12207 E MSP-LOG-APP-CloudCtrlStatisticsManager: reportConfigUpdateRequest mHasInit == false return
01-22 19:58:53.975 10946 12207 E MSP-LOG-APP-CloudCtrlStatisticsManager: reportConfigUpdateRequest mHasInit == false return
01-22 19:58:53.975 10946 12207 E MSP-LOG-APP-CloudCtrlStatisticsManager: reportConfigUpdateRequest mHasInit == false return
01-22 19:58:53.975 10946 12207 E MSP-LOG-APP-CloudCtrlStatisticsManager: reportConfigUpdateRequest mHasInit == false return
01-22 19:58:53.975 10946 12207 E MSP-LOG-APP-CloudCtrlStatisticsManager: reportConfigUpdateRequest mHasInit == false return
01-22 19:58:53.975 10946 12207 E MSP-LOG-APP-CloudCtrlStatisticsManager: reportConfigUpdateRequest mHasInit == false return
01-22 19:58:53.975 10946 12207 E MSP-LOG-APP-CloudCtrlStatisticsManager: reportConfigUpdateRequest mHasInit == false return
01-22 19:58:53.975 10946 12207 E MSP-LOG-APP-CloudCtrlStatisticsManager: reportConfigUpdateRequest mHasInit == false return
01-22 19:58:53.975 10946 12207 E MSP-LOG-APP-CloudCtrlStatisticsManager: reportConfigUpdateRequest mHasInit == false return
01-22 19:58:53.975 10946 12207 E MSP-LOG-APP-CloudCtrlStatisticsManager: reportConfigUpdateRequest mHasInit == false return
01-22 19:58:53.975 10946 12207 E MSP-LOG-APP-CloudCtrlStatisticsManager: reportConfigUpdateRequest mHasInit == false return
01-22 19:58:53.975 10946 12207 E MSP-LOG-APP-CloudCtrlStatisticsManager: reportConfigUpdateRequest mHasInit == false return
01-22 19:58:53.975 10946 12207 E MSP-LOG-APP-CloudCtrlStatisticsManager: reportConfigUpdateRequest mHasInit == false return
01-22 19:58:53.975 10946 12207 E MSP-LOG-APP-CloudCtrlStatisticsManager: reportConfigUpdateRequest mHasInit == false return
01-22 19:58:53.975 10946 12207 E MSP-LOG-APP-CloudCtrlStatisticsManager: reportConfigUpdateRequest mHasInit == false return
01-22 19:58:53.975 10946 12207 E MSP-LOG-APP-CloudCtrlStatisticsManager: reportConfigUpdateRequest mHasInit == false return
01-22 19:58:53.975 10946 12207 E MSP-LOG-APP-CloudCtrlStatisticsManager: reportConfigUpdateRequest mHasInit == false return
01-22 19:58:53.975 10946 12207 E MSP-LOG-APP-CloudCtrlStatisticsManager: reportConfigUpdateRequest mHasInit == false return
01-22 19:58:53.975 10946 12207 E MSP-LOG-APP-CloudCtrlStatisticsManager: reportConfigUpdateRequest mHasInit == false return
01-22 19:58:53.975 10946 12207 E MSP-LOG-APP-CloudCtrlStatisticsManager: reportConfigUpdateRequest mHasInit == false return
01-22 19:58:53.975 10946 12207 E MSP-LOG-APP-CloudCtrlStatisticsManager: reportConfigUpdateRequest mHasInit == false return
01-22 19:58:53.975 10946 12207 E MSP-LOG-APP-CloudCtrlStatisticsManager: reportConfigUpdateRequest mHasInit == false return
01-22 19:58:53.975 10946 12207 E MSP-LOG-APP-CloudCtrlStatisticsManager: reportConfigUpdateRequest mHasInit == false return
01-22 19:58:53.975 10946 12207 E MSP-LOG-APP-CloudCtrlStatisticsManager: reportConfigUpdateRequest mHasInit == false return
01-22 19:58:53.975 10946 12207 E MSP-LOG-APP-CloudCtrlStatisticsManager: reportConfigUpdateRequest mHasInit == false return
01-22 19:58:53.975 10946 12207 E MSP-LOG-APP-CloudCtrlStatisticsManager: reportConfigUpdateRequest mHasInit == false return
01-22 19:58:53.975 10946 12207 E MSP-LOG-APP-CloudCtrlStatisticsManager: reportConfigUpdateRequest mHasInit == false return
01-22 19:58:53.975 10946 12207 E MSP-LOG-APP-CloudCtrlStatisticsManager: reportConfigUpdateRequest mHasInit == false return
01-22 19:58:53.975 10946 12207 E MSP-LOG-APP-CloudCtrlStatisticsManager: reportConfigUpdateRequest mHasInit == false return
01-22 19:58:53.975 10946 12207 E MSP-LOG-APP-CloudCtrlStatisticsManager: reportConfigUpdateRequest mHasInit == false return
01-22 19:58:53.975 10946 12207 E MSP-LOG-APP-CloudCtrlStatisticsManager: reportConfigUpdateRequest mHasInit == false return
01-22 19:58:53.975 10946 12207 E MSP-LOG-APP-CloudCtrlStatisticsManager: reportConfigUpdateRequest mHasInit == false return
01-22 19:58:53.975 10946 12207 E MSP-LOG-APP-CloudCtrlStatisticsManager: reportConfigUpdateRequest mHasInit == false return
01-22 19:58:53.975 10946 12207 E MSP-LOG-APP-CloudCtrlStatisticsManager: reportConfigUpdateRequest mHasInit == false return
01-22 19:58:53.975 10946 12207 E MSP-LOG-APP-CloudCtrlStatisticsManager: reportConfigUpdateRequest mHasInit == false return
01-22 19:58:53.975 10946 12207 E MSP-LOG-APP-CloudCtrlStatisticsManager: reportConfigUpdateRequest mHasInit == false return
01-22 19:58:53.975 10946 12207 E MSP-LOG-APP-CloudCtrlStatisticsManager: reportConfigUpdateRequest mHasInit == false return
01-22 19:58:53.975 10946 12207 E MSP-LOG-APP-CloudCtrlStatisticsManager: reportConfigUpdateRequest mHasInit == false return
01-22 19:58:53.975 10946 12207 E MSP-LOG-APP-CloudCtrlStatisticsManager: reportConfigUpdateRequest mHasInit == false return
01-22 19:58:53.975 10946 12207 E MSP-LOG-APP-CloudCtrlStatisticsManager: reportConfigUpdateRequest mHasInit == false return
01-22 19:58:53.975 10946 12207 E MSP-LOG-APP-CloudCtrlStatisticsManager: reportConfigUpdateRequest mHasInit == false return
01-22 19:58:53.975 10946 12207 E MSP-LOG-APP-CloudCtrlStatisticsManager: reportConfigUpdateRequest mHasInit == false return
01-22 19:58:53.975 10946 12207 E MSP-LOG-APP-CloudCtrlStatisticsManager: reportConfigUpdateRequest mHasInit == false return
01-22 19:58:53.975 10946 12207 E MSP-LOG-APP-CloudCtrlStatisticsManager: reportConfigUpdateRequest mHasInit == false return
01-22 19:58:53.975 10946 12207 E MSP-LOG-APP-CloudCtrlStatisticsManager: reportConfigUpdateRequest mHasInit == false return
01-22 19:58:53.975 10946 12207 E MSP-LOG-APP-CloudCtrlStatisticsManager: reportConfigUpdateRequest mHasInit == false return
01-22 19:58:53.975 10946 12207 E MSP-LOG-APP-CloudCtrlStatisticsManager: reportConfigUpdateRequest mHasInit == false return
01-22 19:58:53.975 10946 12207 E MSP-LOG-APP-CloudCtrlStatisticsManager: reportConfigUpdateRequest mHasInit == false return
01-22 19:58:53.975 10946 12207 E MSP-LOG-APP-CloudCtrlStatisticsManager: reportConfigUpdateRequest mHasInit == false return
01-22 19:58:53.975 10946 12207 E MSP-LOG-APP-CloudCtrlStatisticsManager: reportConfigUpdateRequest mHasInit == false return
01-22 19:58:53.975 10946 12207 E MSP-LOG-APP-CloudCtrlStatisticsManager: reportConfigUpdateRequest mHasInit == false return
01-22 19:58:53.975 10946 12207 E MSP-LOG-APP-CloudCtrlStatisticsManager: reportConfigUpdateRequest mHasInit == false return
01-22 19:58:53.975 10946 12207 E MSP-LOG-APP-CloudCtrlStatisticsManager: reportConfigUpdateRequest mHasInit == false return
01-22 19:58:53.975 10946 12207 E MSP-LOG-APP-CloudCtrlStatisticsManager: reportConfigUpdateRequest mHasInit == false return
01-22 19:58:53.975 10946 12207 E MSP-LOG-APP-CloudCtrlStatisticsManager: reportConfigUpdateRequest mHasInit == false return
01-22 19:58:53.975 10946 12207 E MSP-LOG-APP-CloudCtrlStatisticsManager: reportConfigUpdateRequest mHasInit == false return
01-22 19:58:53.976 10946 12207 E MSP-LOG-APP-CloudCtrlStatisticsManager: reportConfigUpdateRequest mHasInit == false return
01-22 19:58:53.976 10946 12207 E MSP-LOG-APP-CloudCtrlStatisticsManager: reportConfigUpdateRequest mHasInit == false return
01-22 19:58:53.976 10946 12207 E MSP-LOG-APP-CloudCtrlStatisticsManager: reportConfigUpdateRequest mHasInit == false return
01-22 19:58:53.976 10946 12207 E MSP-LOG-APP-CloudCtrlStatisticsManager: reportConfigUpdateRequest mHasInit == false return
01-22 19:58:53.976 10946 12207 E MSP-LOG-APP-CloudCtrlStatisticsManager: reportConfigUpdateRequest mHasInit == false return
01-22 19:58:53.976 10946 12207 E MSP-LOG-APP-CloudCtrlStatisticsManager: reportConfigUpdateRequest mHasInit == false return
01-22 19:58:53.976 10946 12207 E MSP-LOG-APP-CloudCtrlStatisticsManager: reportConfigUpdateRequest mHasInit == false return
01-22 19:58:53.976 10946 12207 E MSP-LOG-APP-CloudCtrlStatisticsManager: reportConfigUpdateRequest mHasInit == false return
01-22 19:58:53.976 10946 12207 E MSP-LOG-APP-CloudCtrlStatisticsManager: reportConfigUpdateRequest mHasInit == false return
01-22 19:58:53.976 10946 12207 E MSP-LOG-APP-CloudCtrlStatisticsManager: reportConfigUpdateRequest mHasInit == false return
01-22 19:58:53.976 10946 12207 E MSP-LOG-APP-CloudCtrlStatisticsManager: reportConfigUpdateRequest mHasInit == false return
01-22 19:58:53.976 10946 12207 E MSP-LOG-APP-CloudCtrlStatisticsManager: reportConfigUpdateRequest mHasInit == false return
01-22 19:58:53.976 10946 12207 E MSP-LOG-APP-CloudCtrlStatisticsManager: reportConfigUpdateRequest mHasInit == false return
01-22 19:58:53.976 10946 12207 E MSP-LOG-APP-CloudCtrlStatisticsManager: reportConfigUpdateRequest mHasInit == false return
01-22 19:58:53.976 10946 12207 E MSP-LOG-APP-CloudCtrlStatisticsManager: reportConfigUpdateRequest mHasInit == false return
01-22 19:58:53.976 10946 12207 E MSP-LOG-APP-CloudCtrlStatisticsManager: reportConfigUpdateRequest mHasInit == false return
01-22 19:58:53.976 10946 12207 E MSP-LOG-APP-CloudCtrlStatisticsManager: reportConfigUpdateRequest mHasInit == false return
01-22 19:58:53.976 10946 12207 E MSP-LOG-APP-CloudCtrlStatisticsManager: reportConfigUpdateRequest mHasInit == false return
01-22 19:58:53.976 10946 12207 E MSP-LOG-APP-CloudCtrlStatisticsManager: reportConfigUpdateRequest mHasInit == false return
01-22 19:58:53.976 10946 12207 E MSP-LOG-APP-CloudCtrlStatisticsManager: reportConfigUpdateRequest mHasInit == false return
01-22 19:58:53.976 10946 12207 E MSP-LOG-APP-CloudCtrlStatisticsManager: reportConfigUpdateRequest mHasInit == false return
01-22 19:58:53.976 10946 12207 E MSP-LOG-APP-CloudCtrlStatisticsManager: reportConfigUpdateRequest mHasInit == false return
01-22 19:58:53.976 10946 12207 E MSP-LOG-APP-CloudCtrlStatisticsManager: reportConfigUpdateRequest mHasInit == false return
01-22 19:58:53.976 10946 12207 E MSP-LOG-APP-CloudCtrlStatisticsManager: reportConfigUpdateRequest mHasInit == false return
01-22 19:58:53.976 10946 12207 E MSP-LOG-APP-CloudCtrlStatisticsManager: reportConfigUpdateRequest mHasInit == false return
01-22 19:58:53.976 10946 12207 E MSP-LOG-APP-CloudCtrlStatisticsManager: reportConfigUpdateRequest mHasInit == false return
01-22 19:58:53.977 10946 12207 E MSP-LOG-APP-CloudCtrlStatisticsManager: reportConfigUpdateRequest mHasInit == false return
01-22 19:58:53.977 10946 12207 E MSP-LOG-APP-CloudCtrlStatisticsManager: reportConfigUpdateRequest mHasInit == false return
01-22 19:58:53.977 10946 12207 E MSP-LOG-APP-CloudCtrlStatisticsManager: reportConfigUpdateRequest mHasInit == false return
01-22 19:58:53.977 10946 12207 E MSP-LOG-APP-CloudCtrlStatisticsManager: reportConfigUpdateRequest mHasInit == false return
01-22 19:58:53.977 10946 12207 E MSP-LOG-APP-CloudCtrlStatisticsManager: reportConfigUpdateRequest mHasInit == false return
01-22 19:58:53.977 10946 12207 E MSP-LOG-APP-CloudCtrlStatisticsManager: reportConfigUpdateRequest mHasInit == false return
01-22 19:58:53.977 10946 12207 E MSP-LOG-APP-CloudCtrlStatisticsManager: reportConfigUpdateRequest mHasInit == false return
01-22 19:58:53.977 10946 12207 E MSP-LOG-APP-CloudCtrlStatisticsManager: reportConfigUpdateRequest mHasInit == false return
01-22 19:58:53.977 10946 12207 E MSP-LOG-APP-CloudCtrlStatisticsManager: reportConfigUpdateRequest mHasInit == false return
01-22 19:58:53.977 10946 12207 E MSP-LOG-APP-CloudCtrlStatisticsManager: reportConfigUpdateRequest mHasInit == false return
01-22 19:58:53.977 10946 12207 E MSP-LOG-APP-CloudCtrlStatisticsManager: reportConfigUpdateRequest mHasInit == false return
01-22 19:58:53.977 10946 12207 E MSP-LOG-APP-CloudCtrlStatisticsManager: reportConfigUpdateRequest mHasInit == false return
01-22 19:58:53.977 10946 12207 E MSP-LOG-APP-CloudCtrlStatisticsManager: reportConfigUpdateRequest mHasInit == false return
01-22 19:58:53.977 10946 12207 E MSP-LOG-APP-CloudCtrlStatisticsManager: reportConfigUpdateRequest mHasInit == false return
01-22 19:58:53.977 10946 12207 E MSP-LOG-APP-CloudCtrlStatisticsManager: reportConfigUpdateRequest mHasInit == false return
01-22 19:58:53.977 10946 12207 E MSP-LOG-APP-CloudCtrlStatisticsManager: reportConfigUpdateRequest mHasInit == false return
01-22 19:58:53.977 10946 12207 E MSP-LOG-APP-CloudCtrlStatisticsManager: reportConfigUpdateRequest mHasInit == false return
01-22 19:58:53.977 10946 12207 E MSP-LOG-APP-CloudCtrlStatisticsManager: reportConfigUpdateRequest mHasInit == false return
01-22 19:58:53.977 10946 12207 E MSP-LOG-APP-CloudCtrlStatisticsManager: reportConfigUpdateRequest mHasInit == false return
01-22 19:58:53.977 10946 12207 E MSP-LOG-APP-CloudCtrlStatisticsManager: reportConfigUpdateRequest mHasInit == false return
01-22 19:58:53.977 10946 12207 E MSP-LOG-APP-CloudCtrlStatisticsManager: reportConfigUpdateRequest mHasInit == false return
01-22 19:58:53.977 10946 12207 E MSP-LOG-APP-CloudCtrlStatisticsManager: reportConfigUpdateRequest mHasInit == false return
01-22 19:58:53.977 10946 12207 E MSP-LOG-APP-CloudCtrlStatisticsManager: reportConfigUpdateRequest mHasInit == false return
01-22 19:58:53.977 10946 12207 E MSP-LOG-APP-CloudCtrlStatisticsManager: reportConfigUpdateRequest mHasInit == false return
01-22 19:58:53.977 10946 12207 E MSP-LOG-APP-CloudCtrlStatisticsManager: reportConfigUpdateRequest mHasInit == false return
01-22 19:58:53.977 10946 12207 E MSP-LOG-APP-CloudCtrlStatisticsManager: reportConfigUpdateRequest mHasInit == false return
01-22 19:58:53.977 10946 12207 E MSP-LOG-APP-CloudCtrlStatisticsManager: reportConfigUpdateRequest mHasInit == false return
01-22 19:58:53.978 10946 12207 E MSP-LOG-APP-CloudCtrlStatisticsManager: reportConfigUpdateRequest mHasInit == false return
01-22 19:58:53.978 10946 12207 E MSP-LOG-APP-CloudCtrlStatisticsManager: reportConfigUpdateRequest mHasInit == false return
01-22 19:58:53.978 10946 12207 E MSP-LOG-APP-CloudCtrlStatisticsManager: reportConfigUpdateRequest mHasInit == false return
01-22 19:58:53.978 10946 12207 E MSP-LOG-APP-CloudCtrlStatisticsManager: reportConfigUpdateRequest mHasInit == false return
01-22 19:58:53.978 10946 12207 E MSP-LOG-APP-CloudCtrlStatisticsManager: reportConfigUpdateRequest mHasInit == false return
01-22 19:58:53.978 10946 12207 E MSP-LOG-APP-CloudCtrlStatisticsManager: reportConfigUpdateRequest mHasInit == false return
01-22 19:58:53.978 10946 12207 E MSP-LOG-APP-CloudCtrlStatisticsManager: reportConfigUpdateRequest mHasInit == false return
01-22 19:58:53.978 10946 12207 E MSP-LOG-APP-CloudCtrlStatisticsManager: reportConfigUpdateRequest mHasInit == false return
01-22 19:58:53.978 10946 12207 E MSP-LOG-APP-CloudCtrlStatisticsManager: reportConfigUpdateRequest mHasInit == false return
01-22 19:58:53.978 10946 12207 E MSP-LOG-APP-CloudCtrlStatisticsManager: reportConfigUpdateRequest mHasInit == false return
01-22 19:58:53.978 10946 12207 E MSP-LOG-APP-CloudCtrlStatisticsManager: reportConfigUpdateRequest mHasInit == false return
01-22 19:58:53.978 10946 12207 E MSP-LOG-APP-CloudCtrlStatisticsManager: reportConfigUpdateRequest mHasInit == false return
01-22 19:58:53.978 10946 12207 E MSP-LOG-APP-CloudCtrlStatisticsManager: reportConfigUpdateRequest mHasInit == false return
01-22 19:58:53.978 10946 12207 E MSP-LOG-APP-CloudCtrlStatisticsManager: reportConfigUpdateRequest mHasInit == false return
01-22 19:58:53.978 10946 12207 E MSP-LOG-APP-CloudCtrlStatisticsManager: reportConfigUpdateRequest mHasInit == false return
01-22 19:58:53.978 10946 12207 E MSP-LOG-APP-CloudCtrlStatisticsManager: reportConfigUpdateRequest mHasInit == false return
01-22 19:58:53.978 10946 12207 E MSP-LOG-APP-CloudCtrlStatisticsManager: reportConfigUpdateRequest mHasInit == false return
01-22 19:58:53.978 10946 12207 E MSP-LOG-APP-CloudCtrlStatisticsManager: reportConfigUpdateRequest mHasInit == false return
01-22 19:58:53.978 10946 12207 E MSP-LOG-APP-CloudCtrlStatisticsManager: reportConfigUpdateRequest mHasInit == false return
01-22 19:58:53.978 10946 12207 E MSP-LOG-APP-CloudCtrlStatisticsManager: reportConfigUpdateRequest mHasInit == false return
01-22 19:58:53.978 10946 12207 E MSP-LOG-APP-CloudCtrlStatisticsManager: reportConfigUpdateRequest mHasInit == false return
01-22 19:58:53.978 10946 12207 E MSP-LOG-APP-CloudCtrlStatisticsManager: reportConfigUpdateRequest mHasInit == false return
01-22 19:58:53.978 10946 12207 E MSP-LOG-APP-CloudCtrlStatisticsManager: reportConfigUpdateRequest mHasInit == false return
01-22 19:58:53.978 10946 12207 E MSP-LOG-APP-CloudCtrlStatisticsManager: reportConfigUpdateRequest mHasInit == false return
01-22 19:58:53.978 10946 12207 E MSP-LOG-APP-CloudCtrlStatisticsManager: reportConfigUpdateRequest mHasInit == false return
01-22 19:58:53.978 10946 12207 E MSP-LOG-APP-CloudCtrlStatisticsManager: reportConfigUpdateRequest mHasInit == false return
01-22 19:58:53.978 10946 12207 E MSP-LOG-APP-CloudCtrlStatisticsManager: reportConfigUpdateRequest mHasInit == false return
01-22 19:58:53.979 10946 12207 E MSP-LOG-APP-CloudCtrlStatisticsManager: reportConfigUpdateRequest mHasInit == false return
01-22 19:58:53.979 10946 12207 E MSP-LOG-APP-CloudCtrlStatisticsManager: reportConfigUpdateRequest mHasInit == false return
01-22 19:58:53.979 10946 12207 E MSP-LOG-APP-CloudCtrlStatisticsManager: reportConfigUpdateRequest mHasInit == false return
01-22 19:58:53.979 10946 12207 E MSP-LOG-APP-CloudCtrlStatisticsManager: reportConfigUpdateRequest mHasInit == false return
01-22 19:58:53.979 10946 12207 E MSP-LOG-APP-CloudCtrlStatisticsManager: reportConfigUpdateRequest mHasInit == false return
01-22 19:58:53.979 10946 12207 E MSP-LOG-APP-CloudCtrlStatisticsManager: reportConfigUpdateRequest mHasInit == false return
01-22 19:58:53.979 10946 12207 E MSP-LOG-APP-CloudCtrlStatisticsManager: reportConfigUpdateRequest mHasInit == false return
01-22 19:58:53.979 10946 12207 E MSP-LOG-APP-CloudCtrlStatisticsManager: reportConfigUpdateRequest mHasInit == false return
01-22 19:58:53.979 10946 12207 E MSP-LOG-APP-CloudCtrlStatisticsManager: reportConfigUpdateRequest mHasInit == false return
01-22 19:58:53.979 10946 12207 E MSP-LOG-APP-CloudCtrlStatisticsManager: reportConfigUpdateRequest mHasInit == false return
01-22 19:58:53.979 10946 12207 E MSP-LOG-APP-CloudCtrlStatisticsManager: reportConfigUpdateRequest mHasInit == false return
01-22 19:58:53.979 10946 12207 E MSP-LOG-APP-CloudCtrlStatisticsManager: reportConfigUpdateRequest mHasInit == false return
01-22 19:58:53.979 10946 12207 E MSP-LOG-APP-CloudCtrlStatisticsManager: reportConfigUpdateRequest mHasInit == false return
01-22 19:58:53.979 10946 12207 E MSP-LOG-APP-CloudCtrlStatisticsManager: reportConfigUpdateRequest mHasInit == false return
01-22 19:58:53.979 10946 12207 E MSP-LOG-APP-CloudCtrlStatisticsManager: reportConfigUpdateRequest mHasInit == false return
01-22 19:58:53.979 10946 12207 E MSP-LOG-APP-CloudCtrlStatisticsManager: reportConfigUpdateRequest mHasInit == false return
01-22 19:58:53.979 10946 12207 E MSP-LOG-APP-CloudCtrlStatisticsManager: reportConfigUpdateRequest mHasInit == false return
01-22 19:58:53.979 10946 12207 E MSP-LOG-APP-CloudCtrlStatisticsManager: reportConfigUpdateRequest mHasInit == false return
01-22 19:58:53.979 10946 12207 E MSP-LOG-APP-CloudCtrlStatisticsManager: reportConfigUpdateRequest mHasInit == false return
01-22 19:58:53.979 10946 12207 E MSP-LOG-APP-CloudCtrlStatisticsManager: reportConfigUpdateRequest mHasInit == false return
01-22 19:58:53.979 10946 12207 E MSP-LOG-APP-CloudCtrlStatisticsManager: reportConfigUpdateRequest mHasInit == false return
01-22 19:58:53.979 10946 12207 E MSP-LOG-APP-CloudCtrlStatisticsManager: reportConfigUpdateRequest mHasInit == false return
01-22 19:58:53.979 10946 12207 E MSP-LOG-APP-CloudCtrlStatisticsManager: reportConfigUpdateRequest mHasInit == false return
01-22 19:58:53.979 10946 12207 E MSP-LOG-APP-CloudCtrlStatisticsManager: reportConfigUpdateRequest mHasInit == false return
01-22 19:58:53.980 10946 12207 E MSP-LOG-APP-CloudCtrlStatisticsManager: reportConfigUpdateRequest mHasInit == false return
01-22 19:58:53.980 10946 12207 E MSP-LOG-APP-CloudCtrlStatisticsManager: reportConfigUpdateRequest mHasInit == false return
01-22 19:58:53.980 10946 12207 E MSP-LOG-APP-CloudCtrlStatisticsManager: reportConfigUpdateRequest mHasInit == false return
01-22 19:58:53.980 10946 12207 E MSP-LOG-APP-CloudCtrlStatisticsManager: reportConfigUpdateRequest mHasInit == false return
01-22 19:58:53.980 10946 12207 E MSP-LOG-APP-CloudCtrlStatisticsManager: reportConfigUpdateRequest mHasInit == false return
01-22 19:58:53.980 10946 12207 E MSP-LOG-APP-CloudCtrlStatisticsManager: reportConfigUpdateRequest mHasInit == false return
01-22 19:58:53.980 10946 12207 E MSP-LOG-APP-CloudCtrlStatisticsManager: reportConfigUpdateRequest mHasInit == false return
01-22 19:58:53.980 10946 12207 E MSP-LOG-APP-CloudCtrlStatisticsManager: reportConfigUpdateRequest mHasInit == false return
01-22 19:58:53.980 10946 12207 E MSP-LOG-APP-CloudCtrlStatisticsManager: reportConfigUpdateRequest mHasInit == false return
01-22 19:58:53.980 10946 12207 E MSP-LOG-APP-CloudCtrlStatisticsManager: reportConfigUpdateRequest mHasInit == false return
01-22 19:58:53.980 10946 12207 E MSP-LOG-APP-CloudCtrlStatisticsManager: reportConfigUpdateRequest mHasInit == false return
01-22 19:58:53.980 10946 12207 E MSP-LOG-APP-CloudCtrlStatisticsManager: reportConfigUpdateRequest mHasInit == false return
01-22 19:58:53.980 10946 12207 E MSP-LOG-APP-CloudCtrlStatisticsManager: reportConfigUpdateRequest mHasInit == false return
01-22 19:58:53.980 10946 12207 E MSP-LOG-APP-CloudCtrlStatisticsManager: reportConfigUpdateRequest mHasInit == false return
01-22 19:58:53.980 10946 12207 E MSP-LOG-APP-CloudCtrlStatisticsManager: reportConfigUpdateRequest mHasInit == false return
