01-22 19:58:54.001 10946 12207 E MSP-LOG-APP-CloudCtrlStatisticsManager: reportConfigUpdateRequest mHasInit == false return
01-22 19:58:54.001 10946 12207 E MSP-LOG-APP-CloudCtrlStatisticsManager: reportConfigUpdateRequest mHasInit == false return
01-22 19:58:54.001 10946 12207 E MSP-LOG-APP-CloudCtrlStatisticsManager: reportConfigUpdateRequest mHasInit == false return
01-22 19:58:54.001 10946 12207 E MSP-LOG-APP-CloudCtrlStatisticsManager: reportConfigUpdateRequest mHasInit == false return
01-22 19:58:54.001 10946 12207 E MSP-LOG-APP-CloudCtrlStatisticsManager: reportConfigUpdateRequest mHasInit == false return
01-22 19:58:54.001 10946 12207 E MSP-LOG-APP-CloudCtrlStatisticsManager: reportConfigUpdateRequest mHasInit == false return
01-22 19:58:54.001 10946 12207 E MSP-LOG-APP-CloudCtrlStatisticsManager: reportConfigUpdateRequest mHasInit == false return
01-22 19:58:54.001 10946 12207 E MSP-LOG-APP-CloudCtrlStatisticsManager: reportConfigUpdateRequest mHasInit == false return
01-22 19:58:54.001 10946 12207 E MSP-LOG-APP-CloudCtrlStatisticsManager: reportConfigUpdateRequest mHasInit == false return
01-22 19:58:54.001 10946 12207 E MSP-LOG-APP-CloudCtrlStatisticsManager: reportConfigUpdateRequest mHasInit == false return
01-22 19:58:54.001 10946 12207 E MSP-LOG-APP-CloudCtrlStatisticsManager: reportConfigUpdateRequest mHasInit == false return
01-22 19:58:54.001 10946 12207 E MSP-LOG-APP-CloudCtrlStatisticsManager: reportConfigUpdateRequest mHasInit == false return
01-22 19:58:54.001 10946 12207 E MSP-LOG-APP-CloudCtrlStatisticsManager: reportConfigUpdateRequest mHasInit == false return
01-22 19:58:54.001 10946 12207 E MSP-LOG-APP-CloudCtrlStatisticsManager: reportConfigUpdateRequest mHasInit == false return
01-22 19:58:54.001 10946 12207 E MSP-LOG-APP-CloudCtrlStatisticsManager: reportConfigUpdateRequest mHasInit == false return
01-22 19:58:54.001 10946 12207 E MSP-LOG-APP-CloudCtrlStatisticsManager: reportConfigUpdateRequest mHasInit == false return
01-22 19:58:54.001 10946 12207 E MSP-LOG-APP-CloudCtrlStatisticsManager: reportConfigUpdateRequest mHasInit == false return
01-22 19:58:54.001 10946 12207 E MSP-LOG-APP-CloudCtrlStatisticsManager: reportConfigUpdateRequest mHasInit == false return
01-22 19:58:54.001 10946 12207 E MSP-LOG-APP-CloudCtrlStatisticsManager: reportConfigUpdateRequest mHasInit == false return
01-22 19:58:54.001 10946 12207 E MSP-LOG-APP-CloudCtrlStatisticsManager: reportConfigUpdateRequest mHasInit == false return
01-22 19:58:54.001 10946 12207 E MSP-LOG-APP-CloudCtrlStatisticsManager: reportConfigUpdateRequest mHasInit == false return
01-22 19:58:54.002 10946 12207 E MSP-LOG-APP-CloudCtrlStatisticsManager: reportConfigUpdateRequest mHasInit == false return
01-22 19:58:54.002 10946 12207 E MSP-LOG-APP-CloudCtrlStatisticsManager: reportConfigUpdateRequest mHasInit == false return
01-22 19:58:54.002 10946 12207 E MSP-LOG-APP-CloudCtrlStatisticsManager: reportConfigUpdateRequest mHasInit == false return
01-22 19:58:54.002 10946 12207 E MSP-LOG-APP-CloudCtrlStatisticsManager: reportConfigUpdateRequest mHasInit == false return
01-22 19:58:54.002 10946 12207 E MSP-LOG-APP-CloudCtrlStatisticsManager: reportConfigUpdateRequest mHasInit == false return
01-22 19:58:54.002 10946 12207 E MSP-LOG-APP-CloudCtrlStatisticsManager: reportConfigUpdateRequest mHasInit == false return
01-22 19:58:54.002 10946 12207 E MSP-LOG-APP-CloudCtrlStatisticsManager: reportConfigUpdateRequest mHasInit == false return
01-22 19:58:54.002 10946 12207 E MSP-LOG-APP-CloudCtrlStatisticsManager: reportConfigUpdateRequest mHasInit == false return
01-22 19:58:54.002 10946 12207 E MSP-LOG-APP-CloudCtrlStatisticsManager: reportConfigUpdateRequest mHasInit == false return
01-22 19:58:54.002 10946 12207 E MSP-LOG-APP-CloudCtrlStatisticsManager: reportConfigUpdateRequest mHasInit == false return
01-22 19:58:54.002 10946 12207 E MSP-LOG-APP-CloudCtrlStatisticsManager: reportConfigUpdateRequest mHasInit == false return
01-22 19:58:54.002 10946 12207 E MSP-LOG-APP-CloudCtrlStatisticsManager: reportConfigUpdateRequest mHasInit == false return
01-22 19:58:54.002 10946 12207 E MSP-LOG-APP-CloudCtrlStatisticsManager: reportConfigUpdateRequest mHasInit == false return
01-22 19:58:54.002 10946 12207 E MSP-LOG-APP-CloudCtrlStatisticsManager: reportConfigUpdateRequest mHasInit == false return
01-22 19:58:54.002 10946 12207 E MSP-LOG-APP-CloudCtrlStatisticsManager: reportConfigUpdateRequest mHasInit == false return
01-22 19:58:54.002 10946 12207 E MSP-LOG-APP-CloudCtrlStatisticsManager: reportConfigUpdateRequest mHasInit == false return
01-22 19:58:54.002 10946 12207 E MSP-LOG-APP-CloudCtrlStatisticsManager: reportConfigUpdateRequest mHasInit == false return
01-22 19:58:54.002 10946 12207 E MSP-LOG-APP-CloudCtrlStatisticsManager: reportConfigUpdateRequest mHasInit == false return
01-22 19:58:54.002 10946 12207 E MSP-LOG-APP-CloudCtrlStatisticsManager: reportConfigUpdateRequest mHasInit == false return
01-22 19:58:54.002 10946 12207 E MSP-LOG-APP-CloudCtrlStatisticsManager: reportConfigUpdateRequest mHasInit == false return
01-22 19:58:54.002 10946 12207 E MSP-LOG-APP-CloudCtrlStatisticsManager: reportConfigUpdateRequest mHasInit == false return
01-22 19:58:54.002 10946 12207 E MSP-LOG-APP-CloudCtrlStatisticsManager: reportConfigUpdateRequest mHasInit == false return
01-22 19:58:54.002 10946 12207 E MSP-LOG-APP-CloudCtrlStatisticsManager: reportConfigUpdateRequest mHasInit == false return
01-22 19:58:54.002 10946 12207 E MSP-LOG-APP-CloudCtrlStatisticsManager: reportConfigUpdateRequest mHasInit == false return
01-22 19:58:54.002 10946 12207 E MSP-LOG-APP-CloudCtrlStatisticsManager: reportConfigUpdateRequest mHasInit == false return
01-22 19:58:54.002 10946 12207 E MSP-LOG-APP-CloudCtrlStatisticsManager: reportConfigUpdateRequest mHasInit == false return
01-22 19:58:54.002 10946 12207 E MSP-LOG-APP-CloudCtrlStatisticsManager: reportConfigUpdateRequest mHasInit == false return
01-22 19:58:54.002 10946 12207 E MSP-LOG-APP-CloudCtrlStatisticsManager: reportConfigUpdateRequest mHasInit == false return
01-22 19:58:54.002 10946 12207 E MSP-LOG-APP-CloudCtrlStatisticsManager: reportConfigUpdateRequest mHasInit == false return
01-22 19:58:54.002 10946 12207 E MSP-LOG-APP-CloudCtrlStatisticsManager: reportConfigUpdateRequest mHasInit == false return
01-22 19:58:54.002 10946 12207 E MSP-LOG-APP-CloudCtrlStatisticsManager: reportConfigUpdateRequest mHasInit == false return
01-22 19:58:54.002 10946 12207 E MSP-LOG-APP-CloudCtrlStatisticsManager: reportConfigUpdateRequest mHasInit == false return
01-22 19:58:54.002 10946 12207 E MSP-LOG-APP-CloudCtrlStatisticsManager: reportConfigUpdateRequest mHasInit == false return
01-22 19:58:54.002 10946 12207 E MSP-LOG-APP-CloudCtrlStatisticsManager: reportConfigUpdateRequest mHasInit == false return
01-22 19:58:54.002 10946 12207 E MSP-LOG-APP-CloudCtrlStatisticsManager: reportConfigUpdateRequest mHasInit == false return
01-22 19:58:54.002 10946 12207 E MSP-LOG-APP-CloudCtrlStatisticsManager: reportConfigUpdateRequest mHasInit == false return
01-22 19:58:54.002 10946 12207 E MSP-LOG-APP-CloudCtrlStatisticsManager: reportConfigUpdateRequest mHasInit == false return
01-22 19:58:54.002 10946 12207 E MSP-LOG-APP-CloudCtrlStatisticsManager: reportConfigUpdateRequest mHasInit == false return
01-22 19:58:54.002 10946 12207 E MSP-LOG-APP-CloudCtrlStatisticsManager: reportConfigUpdateRequest mHasInit == false return
01-22 19:58:54.003 10946 12207 E MSP-LOG-APP-CloudCtrlStatisticsManager: reportConfigUpdateRequest mHasInit == false return
01-22 19:58:54.003 10946 12207 E MSP-LOG-APP-CloudCtrlStatisticsManager: reportConfigUpdateRequest mHasInit == false return
01-22 19:58:54.003 10946 12207 E MSP-LOG-APP-CloudCtrlStatisticsManager: reportConfigUpdateRequest mHasInit == false return
01-22 19:58:54.003 10946 12207 E MSP-LOG-APP-CloudCtrlStatisticsManager: reportConfigUpdateRequest mHasInit == false return
01-22 19:58:54.003 10946 12207 E MSP-LOG-APP-CloudCtrlStatisticsManager: reportConfigUpdateRequest mHasInit == false return
01-22 19:58:54.003 10946 12207 E MSP-LOG-APP-CloudCtrlStatisticsManager: reportConfigUpdateRequest mHasInit == false return
01-22 19:58:54.003 10946 12207 E MSP-LOG-APP-CloudCtrlStatisticsManager: reportConfigUpdateRequest mHasInit == false return
01-22 19:58:54.003 10946 12207 E MSP-LOG-APP-CloudCtrlStatisticsManager: reportConfigUpdateRequest mHasInit == false return
01-22 19:58:54.003 10946 12207 E MSP-LOG-APP-CloudCtrlStatisticsManager: reportConfigUpdateRequest mHasInit == false return
01-22 19:58:54.003 10946 12207 E MSP-LOG-APP-CloudCtrlStatisticsManager: reportConfigUpdateRequest mHasInit == false return
01-22 19:58:54.003 10946 12207 E MSP-LOG-APP-CloudCtrlStatisticsManager: reportConfigUpdateRequest mHasInit == false return
01-22 19:58:54.003 10946 12207 E MSP-LOG-APP-CloudCtrlStatisticsManager: reportConfigUpdateRequest mHasInit == false return
01-22 19:58:54.003 10946 12207 E MSP-LOG-APP-CloudCtrlStatisticsManager: reportConfigUpdateRequest mHasInit == false return
01-22 19:58:54.003 10946 12207 E MSP-LOG-APP-CloudCtrlStatisticsManager: reportConfigUpdateRequest mHasInit == false return
01-22 19:58:54.003 10946 12207 E MSP-LOG-APP-CloudCtrlStatisticsManager: reportConfigUpdateRequest mHasInit == false return
01-22 19:58:54.003 10946 12207 E MSP-LOG-APP-CloudCtrlStatisticsManager: reportConfigUpdateRequest mHasInit == false return
01-22 19:58:54.003 10946 12207 E MSP-LOG-APP-CloudCtrlStatisticsManager: reportConfigUpdateRequest mHasInit == false return
01-22 19:58:54.003 10946 12207 E MSP-LOG-APP-CloudCtrlStatisticsManager: reportConfigUpdateRequest mHasInit == false return
01-22 19:58:54.003 10946 12207 E MSP-LOG-APP-CloudCtrlStatisticsManager: reportConfigUpdateRequest mHasInit == false return
01-22 19:58:54.003 10946 12207 E MSP-LOG-APP-CloudCtrlStatisticsManager: reportConfigUpdateRequest mHasInit == false return
01-22 19:58:54.003 10946 12207 E MSP-LOG-APP-CloudCtrlStatisticsManager: reportConfigUpdateRequest mHasInit == false return
01-22 19:58:54.003 10946 12207 E MSP-LOG-APP-CloudCtrlStatisticsManager: reportConfigUpdateRequest mHasInit == false return
01-22 19:58:54.003 10946 12207 E MSP-LOG-APP-CloudCtrlStatisticsManager: reportConfigUpdateRequest mHasInit == false return
01-22 19:58:54.003 10946 12207 E MSP-LOG-APP-CloudCtrlStatisticsManager: reportConfigUpdateRequest mHasInit == false return
01-22 19:58:54.003 10946 12207 E MSP-LOG-APP-CloudCtrlStatisticsManager: reportConfigUpdateRequest mHasInit == false return
01-22 19:58:54.003 10946 12207 E MSP-LOG-APP-CloudCtrlStatisticsManager: reportConfigUpdateRequest mHasInit == false return
01-22 19:58:54.003 10946 12207 E MSP-LOG-APP-CloudCtrlStatisticsManager: reportConfigUpdateRequest mHasInit == false return
01-22 19:58:54.003 10946 12207 E MSP-LOG-APP-CloudCtrlStatisticsManager: reportConfigUpdateRequest mHasInit == false return
01-22 19:58:54.003 10946 12207 E MSP-LOG-APP-CloudCtrlStatisticsManager: reportConfigUpdateRequest mHasInit == false return
01-22 19:58:54.003 10946 12207 E MSP-LOG-APP-CloudCtrlStatisticsManager: reportConfigUpdateRequest mHasInit == false return
01-22 19:58:54.003 10946 12207 E MSP-LOG-APP-CloudCtrlStatisticsManager: reportConfigUpdateRequest mHasInit == false return
01-22 19:58:54.003 10946 12207 E MSP-LOG-APP-CloudCtrlStatisticsManager: reportConfigUpdateRequest mHasInit == false return
01-22 19:58:54.003 10946 12207 E MSP-LOG-APP-CloudCtrlStatisticsManager: reportConfigUpdateRequest mHasInit == false return
01-22 19:58:54.003 10946 12207 E MSP-LOG-APP-CloudCtrlStatisticsManager: reportConfigUpdateRequest mHasInit == false return
01-22 19:58:54.003 10946 12207 E MSP-LOG-APP-CloudCtrlStatisticsManager: reportConfigUpdateRequest mHasInit == false return
01-22 19:58:54.003 10946 12207 E MSP-LOG-APP-CloudCtrlStatisticsManager: reportConfigUpdateRequest mHasInit == false return
01-22 19:58:54.003 10946 12207 E MSP-LOG-APP-CloudCtrlStatisticsManager: reportConfigUpdateRequest mHasInit == false return
01-22 19:58:54.003 10946 12207 E MSP-LOG-APP-CloudCtrlStatisticsManager: reportConfigUpdateRequest mHasInit == false return
01-22 19:58:54.003 10946 12207 E MSP-LOG-APP-CloudCtrlStatisticsManager: reportConfigUpdateRequest mHasInit == false return
01-22 19:58:54.003 10946 12207 E MSP-LOG-APP-CloudCtrlStatisticsManager: reportConfigUpdateRequest mHasInit == false return
01-22 19:58:54.003 10946 12207 E MSP-LOG-APP-CloudCtrlStatisticsManager: reportConfigUpdateRequest mHasInit == false return
01-22 19:58:54.003 10946 12207 E MSP-LOG-APP-CloudCtrlStatisticsManager: reportConfigUpdateRequest mHasInit == false return
01-22 19:58:54.003 10946 12207 E MSP-LOG-APP-CloudCtrlStatisticsManager: reportConfigUpdateRequest mHasInit == false return
01-22 19:58:54.003 10946 12207 E MSP-LOG-APP-CloudCtrlStatisticsManager: reportConfigUpdateRequest mHasInit == false return
01-22 19:58:54.003 10946 12207 E MSP-LOG-APP-CloudCtrlStatisticsManager: reportConfigUpdateRequest mHasInit == false return
01-22 19:58:54.003 10946 12207 E MSP-LOG-APP-CloudCtrlStatisticsManager: reportConfigUpdateRequest mHasInit == false return
01-22 19:58:54.004 10946 12207 E MSP-LOG-APP-CloudCtrlStatisticsManager: reportConfigUpdateRequest mHasInit == false return
01-22 19:58:54.004 10946 12207 E MSP-LOG-APP-CloudCtrlStatisticsManager: reportConfigUpdateRequest mHasInit == false return
01-22 19:58:54.004 10946 12207 E MSP-LOG-APP-CloudCtrlStatisticsManager: reportConfigUpdateRequest mHasInit == false return
01-22 19:58:54.004 10946 12207 E MSP-LOG-APP-CloudCtrlStatisticsManager: reportConfigUpdateRequest mHasInit == false return
01-22 19:58:54.004 10946 12207 E MSP-LOG-APP-CloudCtrlStatisticsManager: reportConfigUpdateRequest mHasInit == false return
01-22 19:58:54.004 10946 12207 E MSP-LOG-APP-CloudCtrlStatisticsManager: reportConfigUpdateRequest mHasInit == false return
01-22 19:58:54.004 10946 12207 E MSP-LOG-APP-CloudCtrlStatisticsManager: reportConfigUpdateRequest mHasInit == false return
01-22 19:58:54.004 10946 12207 E MSP-LOG-APP-CloudCtrlStatisticsManager: reportConfigUpdateRequest mHasInit == false return
01-22 19:58:54.004 10946 12207 E MSP-LOG-APP-CloudCtrlStatisticsManager: reportConfigUpdateRequest mHasInit == false return
01-22 19:58:54.004 10946 12207 E MSP-LOG-APP-CloudCtrlStatisticsManager: reportConfigUpdateRequest mHasInit == false return
01-22 19:58:54.004 10946 12207 E MSP-LOG-APP-CloudCtrlStatisticsManager: reportConfigUpdateRequest mHasInit == false return
01-22 19:58:54.004 10946 12207 E MSP-LOG-APP-CloudCtrlStatisticsManager: reportConfigUpdateRequest mHasInit == false return
01-22 19:58:54.004 10946 12207 E MSP-LOG-APP-CloudCtrlStatisticsManager: reportConfigUpdateRequest mHasInit == false return
01-22 19:58:54.004 10946 12207 E MSP-LOG-APP-CloudCtrlStatisticsManager: reportConfigUpdateRequest mHasInit == false return
01-22 19:58:54.004 10946 12207 E MSP-LOG-APP-CloudCtrlStatisticsManager: reportConfigUpdateRequest mHasInit == false return
01-22 19:58:54.004 10946 12207 E MSP-LOG-APP-CloudCtrlStatisticsManager: reportConfigUpdateRequest mHasInit == false return
01-22 19:58:54.004 10946 12207 E MSP-LOG-APP-CloudCtrlStatisticsManager: reportConfigUpdateRequest mHasInit == false return
01-22 19:58:54.004 10946 12207 E MSP-LOG-APP-CloudCtrlStatisticsManager: reportConfigUpdateRequest mHasInit == false return
01-22 19:58:54.004 10946 12207 E MSP-LOG-APP-CloudCtrlStatisticsManager: reportConfigUpdateRequest mHasInit == false return
01-22 19:58:54.004 10946 12207 E MSP-LOG-APP-CloudCtrlStatisticsManager: reportConfigUpdateRequest mHasInit == false return
01-22 19:58:54.004 10946 12207 E MSP-LOG-APP-CloudCtrlStatisticsManager: reportConfigUpdateRequest mHasInit == false return
01-22 19:58:54.004 10946 12207 E MSP-LOG-APP-CloudCtrlStatisticsManager: reportConfigUpdateRequest mHasInit == false return
01-22 19:58:54.004 10946 12207 E MSP-LOG-APP-CloudCtrlStatisticsManager: reportConfigUpdateRequest mHasInit == false return
01-22 19:58:54.004 10946 12207 E MSP-LOG-APP-CloudCtrlStatisticsManager: reportConfigUpdateRequest mHasInit == false return
01-22 19:58:54.004 10946 12207 E MSP-LOG-APP-CloudCtrlStatisticsManager: reportConfigUpdateRequest mHasInit == false return
01-22 19:58:54.004 10946 12207 E MSP-LOG-APP-CloudCtrlStatisticsManager: reportConfigUpdateRequest mHasInit == false return
01-22 19:58:54.004 10946 12207 E MSP-LOG-APP-CloudCtrlStatisticsManager: reportConfigUpdateRequest mHasInit == false return
01-22 19:58:54.004 10946 12207 E MSP-LOG-APP-CloudCtrlStatisticsManager: reportConfigUpdateRequest mHasInit == false return
01-22 19:58:54.004 10946 12207 E MSP-LOG-APP-CloudCtrlStatisticsManager: reportConfigUpdateRequest mHasInit == false return
01-22 19:58:54.004 10946 12207 E MSP-LOG-APP-CloudCtrlStatisticsManager: reportConfigUpdateRequest mHasInit == false return
01-22 19:58:54.004 10946 12207 E MSP-LOG-APP-CloudCtrlStatisticsManager: reportConfigUpdateRequest mHasInit == false return
01-22 19:58:54.004 10946 12207 E MSP-LOG-APP-CloudCtrlStatisticsManager: reportConfigUpdateRequest mHasInit == false return
01-22 19:58:54.004 10946 12207 E MSP-LOG-APP-CloudCtrlStatisticsManager: reportConfigUpdateRequest mHasInit == false return
01-22 19:58:54.004 10946 12207 E MSP-LOG-APP-CloudCtrlStatisticsManager: reportConfigUpdateRequest mHasInit == false return
01-22 19:58:54.004 10946 12207 E MSP-LOG-APP-CloudCtrlStatisticsManager: reportConfigUpdateRequest mHasInit == false return
01-22 19:58:54.004 10946 12207 E MSP-LOG-APP-CloudCtrlStatisticsManager: reportConfigUpdateRequest mHasInit == false return
01-22 19:58:54.004 10946 12207 E MSP-LOG-APP-CloudCtrlStatisticsManager: reportConfigUpdateRequest mHasInit == false return
01-22 19:58:54.004 10946 12207 E MSP-LOG-APP-CloudCtrlStatisticsManager: reportConfigUpdateRequest mHasInit == false return
01-22 19:58:54.004 10946 12207 E MSP-LOG-APP-CloudCtrlStatisticsManager: reportConfigUpdateRequest mHasInit == false return
01-22 19:58:54.004 10946 12207 E MSP-LOG-APP-CloudCtrlStatisticsManager: reportConfigUpdateRequest mHasInit == false return
01-22 19:58:54.004 10946 12207 E MSP-LOG-APP-CloudCtrlStatisticsManager: reportConfigUpdateRequest mHasInit == false return
01-22 19:58:54.004 10946 12207 E MSP-LOG-APP-CloudCtrlStatisticsManager: reportConfigUpdateRequest mHasInit == false return
01-22 19:58:54.004 10946 12207 E MSP-LOG-APP-CloudCtrlStatisticsManager: reportConfigUpdateRequest mHasInit == false return
01-22 19:58:54.004 10946 12207 E MSP-LOG-APP-CloudCtrlStatisticsManager: reportConfigUpdateRequest mHasInit == false return
01-22 19:58:54.004 10946 12207 E MSP-LOG-APP-CloudCtrlStatisticsManager: reportConfigUpdateRequest mHasInit == false return
01-22 19:58:54.004 10946 12207 E MSP-LOG-APP-CloudCtrlStatisticsManager: reportConfigUpdateRequest mHasInit == false return
01-22 19:58:54.004 10946 12207 E MSP-LOG-APP-CloudCtrlStatisticsManager: reportConfigUpdateRequest mHasInit == false return
01-22 19:58:54.004 10946 12207 E MSP-LOG-APP-CloudCtrlStatisticsManager: reportConfigUpdateRequest mHasInit == false return
01-22 19:58:54.005 10946 12207 E MSP-LOG-APP-CloudCtrlStatisticsManager: reportConfigUpdateRequest mHasInit == false return
01-22 19:58:54.005 10946 12207 E MSP-LOG-APP-CloudCtrlStatisticsManager: reportConfigUpdateRequest mHasInit == false return
01-22 19:58:54.005 10946 12207 E MSP-LOG-APP-CloudCtrlStatisticsManager: reportConfigUpdateRequest mHasInit == false return
01-22 19:58:54.005 10946 12207 E MSP-LOG-APP-CloudCtrlStatisticsManager: reportConfigUpdateRequest mHasInit == false return
01-22 19:58:54.005 10946 12207 E MSP-LOG-APP-CloudCtrlStatisticsManager: reportConfigUpdateRequest mHasInit == false return
01-22 19:58:54.005 10946 12207 E MSP-LOG-APP-CloudCtrlStatisticsManager: reportConfigUpdateRequest mHasInit == false return
01-22 19:58:54.005 10946 12207 E MSP-LOG-APP-CloudCtrlStatisticsManager: reportConfigUpdateRequest mHasInit == false return
01-22 19:58:54.005 10946 12207 E MSP-LOG-APP-CloudCtrlStatisticsManager: reportConfigUpdateRequest mHasInit == false return
01-22 19:58:54.005 10946 12207 E MSP-LOG-APP-CloudCtrlStatisticsManager: reportConfigUpdateRequest mHasInit == false return
01-22 19:58:54.005 10946 12207 E MSP-LOG-APP-CloudCtrlStatisticsManager: reportConfigUpdateRequest mHasInit == false return
01-22 19:58:54.005 10946 12207 E MSP-LOG-APP-CloudCtrlStatisticsManager: reportConfigUpdateRequest mHasInit == false return
01-22 19:58:54.005 10946 12207 E MSP-LOG-APP-CloudCtrlStatisticsManager: reportConfigUpdateRequest mHasInit == false return
01-22 19:58:54.005 10946 12207 E MSP-LOG-APP-CloudCtrlStatisticsManager: reportConfigUpdateRequest mHasInit == false return
01-22 19:58:54.005 10946 12207 E MSP-LOG-APP-CloudCtrlStatisticsManager: reportConfigUpdateRequest mHasInit == false return
01-22 19:58:54.005 10946 12207 E MSP-LOG-APP-CloudCtrlStatisticsManager: reportConfigUpdateRequest mHasInit == false return
01-22 19:58:54.005 10946 12207 E MSP-LOG-APP-CloudCtrlStatisticsManager: reportConfigUpdateRequest mHasInit == false return
01-22 19:58:54.005 10946 12207 E MSP-LOG-APP-CloudCtrlStatisticsManager: reportConfigUpdateRequest mHasInit == false return
01-22 19:58:54.005 10946 12207 E MSP-LOG-APP-CloudCtrlStatisticsManager: reportConfigUpdateRequest mHasInit == false return
01-22 19:58:54.005 10946 12207 E MSP-LOG-APP-CloudCtrlStatisticsManager: reportConfigUpdateRequest mHasInit == false return
01-22 19:58:54.005 10946 12207 E MSP-LOG-APP-CloudCtrlStatisticsManager: reportConfigUpdateRequest mHasInit == false return
01-22 19:58:54.005 10946 12207 E MSP-LOG-APP-CloudCtrlStatisticsManager: reportConfigUpdateRequest mHasInit == false return
01-22 19:58:54.005 10946 12207 E MSP-LOG-APP-CloudCtrlStatisticsManager: reportConfigUpdateRequest mHasInit == false return
01-22 19:58:54.005 10946 12207 E MSP-LOG-APP-CloudCtrlStatisticsManager: reportConfigUpdateRequest mHasInit == false return
01-22 19:58:54.005 10946 12207 E MSP-LOG-APP-CloudCtrlStatisticsManager: reportConfigUpdateRequest mHasInit == false return
01-22 19:58:54.005 10946 12207 E MSP-LOG-APP-CloudCtrlStatisticsManager: reportConfigUpdateRequest mHasInit == false return
01-22 19:58:54.005 10946 12207 E MSP-LOG-APP-CloudCtrlStatisticsManager: reportConfigUpdateRequest mHasInit == false return
01-22 19:58:54.005 10946 12207 E MSP-LOG-APP-CloudCtrlStatisticsManager: reportConfigUpdateRequest mHasInit == false return
01-22 19:58:54.005 10946 12207 E MSP-LOG-APP-CloudCtrlStatisticsManager: reportConfigUpdateRequest mHasInit == false return
01-22 19:58:54.005 10946 12207 E MSP-LOG-APP-CloudCtrlStatisticsManager: reportConfigUpdateRequest mHasInit == false return
01-22 19:58:54.005 10946 12207 E MSP-LOG-APP-CloudCtrlStatisticsManager: reportConfigUpdateRequest mHasInit == false return
01-22 19:58:54.005 10946 12207 E MSP-LOG-APP-CloudCtrlStatisticsManager: reportConfigUpdateRequest mHasInit == false return
01-22 19:58:54.005 10946 12207 E MSP-LOG-APP-CloudCtrlStatisticsManager: reportConfigUpdateRequest mHasInit == false return
01-22 19:58:54.005 10946 12207 E MSP-LOG-APP-CloudCtrlStatisticsManager: reportConfigUpdateRequest mHasInit == false return
01-22 19:58:54.005 10946 12207 E MSP-LOG-APP-CloudCtrlStatisticsManager: reportConfigUpdateRequest mHasInit == false return
01-22 19:58:54.005 10946 12207 E MSP-LOG-APP-CloudCtrlStatisticsManager: reportConfigUpdateRequest mHasInit == false return
01-22 19:58:54.005 10946 12207 E MSP-LOG-APP-CloudCtrlStatisticsManager: reportConfigUpdateRequest mHasInit == false return
01-22 19:58:54.005 10946 12207 E MSP-LOG-APP-CloudCtrlStatisticsManager: reportConfigUpdateRequest mHasInit == false return
01-22 19:58:54.005 10946 12207 E MSP-LOG-APP-CloudCtrlStatisticsManager: reportConfigUpdateRequest mHasInit == false return
01-22 19:58:54.005 10946 12207 E MSP-LOG-APP-CloudCtrlStatisticsManager: reportConfigUpdateRequest mHasInit == false return
01-22 19:58:54.005 10946 12207 E MSP-LOG-APP-CloudCtrlStatisticsManager: reportConfigUpdateRequest mHasInit == false return
01-22 19:58:54.005 10946 12207 E MSP-LOG-APP-CloudCtrlStatisticsManager: reportConfigUpdateRequest mHasInit == false return
01-22 19:58:54.005 10946 12207 E MSP-LOG-APP-CloudCtrlStatisticsManager: reportConfigUpdateRequest mHasInit == false return
01-22 19:58:54.005 10946 12207 E MSP-LOG-APP-CloudCtrlStatisticsManager: reportConfigUpdateRequest mHasInit == false return
01-22 19:58:54.005 10946 12207 E MSP-LOG-APP-CloudCtrlStatisticsManager: reportConfigUpdateRequest mHasInit == false return
01-22 19:58:54.005 10946 12207 E MSP-LOG-APP-CloudCtrlStatisticsManager: reportConfigUpdateRequest mHasInit == false return
01-22 19:58:54.005 10946 12207 E MSP-LOG-APP-CloudCtrlStatisticsManager: reportConfigUpdateRequest mHasInit == false return
01-22 19:58:54.005 10946 12207 E MSP-LOG-APP-CloudCtrlStatisticsManager: reportConfigUpdateRequest mHasInit == false return
01-22 19:58:54.005 10946 12207 E MSP-LOG-APP-CloudCtrlStatisticsManager: reportConfigUpdateRequest mHasInit == false return
01-22 19:58:54.005 10946 12207 E MSP-LOG-APP-CloudCtrlStatisticsManager: reportConfigUpdateRequest mHasInit == false return
01-22 19:58:54.005 10946 12207 E MSP-LOG-APP-CloudCtrlStatisticsManager: reportConfigUpdateRequest mHasInit == false return
01-22 19:58:54.005 10946 12207 E MSP-LOG-APP-CloudCtrlStatisticsManager: reportConfigUpdateRequest mHasInit == false return
01-22 19:58:54.005 10946 12207 E MSP-LOG-APP-CloudCtrlStatisticsManager: reportConfigUpdateRequest mHasInit == false return
01-22 19:58:54.006 10946 12207 E MSP-LOG-APP-CloudCtrlStatisticsManager: reportConfigUpdateRequest mHasInit == false return
01-22 19:58:54.006 10946 12207 E MSP-LOG-APP-CloudCtrlStatisticsManager: reportConfigUpdateRequest mHasInit == false return
01-22 19:58:54.006 10946 12207 E MSP-LOG-APP-CloudCtrlStatisticsManager: reportConfigUpdateRequest mHasInit == false return
01-22 19:58:54.006 10946 12207 E MSP-LOG-APP-CloudCtrlStatisticsManager: reportConfigUpdateRequest mHasInit == false return
01-22 19:58:54.006 10946 12207 E MSP-LOG-APP-CloudCtrlStatisticsManager: reportConfigUpdateRequest mHasInit == false return
01-22 19:58:54.006 10946 12207 E MSP-LOG-APP-CloudCtrlStatisticsManager: reportConfigUpdateRequest mHasInit == false return
01-22 19:58:54.006 10946 12207 E MSP-LOG-APP-CloudCtrlStatisticsManager: reportConfigUpdateRequest mHasInit == false return
01-22 19:58:54.006 10946 12207 E MSP-LOG-APP-CloudCtrlStatisticsManager: reportConfigUpdateRequest mHasInit == false return
01-22 19:58:54.006 10946 12207 E MSP-LOG-APP-CloudCtrlStatisticsManager: reportConfigUpdateRequest mHasInit == false return
01-22 19:58:54.006 10946 12207 E MSP-LOG-APP-CloudCtrlStatisticsManager: reportConfigUpdateRequest mHasInit == false return
01-22 19:58:54.079   954  1023 I sensors-hal-OriginChannel: wise light debug, data[2].type is 65627,data[2].sensor is 91:[74.000000,,150.000000,,6.000000,0.000000,54447773552270]
01-22 19:58:54.096  1749  1925 D ProcessCpuTrackerExtImpl: mContext is already set, return now! 
01-22 19:58:54.143  3134  3554 D CommonScenarios-103-10305: transportLayerQosChange TransportLayerData{link_index=34, uid=10305, uplink_srtt=0, uplink_packets=0, uplink_retrans_packets=0, uplink_retrans_rate=0, downlink_srtt=0, downlink_packets=0, downlink_retrans_packets=0, downlink_retrans_rate=0, downlink_rate=0, uplink_udp_packets=0, downlink_udp_packets=0, uplink_tcp_rate=0, uplink_udp_rate=0, downlink_tcp_rate=0, downlink_udp_rate=0}
01-22 19:58:54.144  3134  3554 D CommonScenarios-103-10305: ActiveState process message 2
01-22 19:58:54.144  3134  3554 D CommonScenarios-103-10305: ActiveState EVENT_NETWORK_KPI_CHANGE
01-22 19:58:54.144  3134  3554 D CommonScenarios-103-10305: transport layer data is invalid
01-22 19:58:54.144  3134  3554 D CommonScenarios-103-10305: ActiveState EVENT_NETWORK_KPI_CHANGE score is invalid
01-22 19:58:54.280   954  1023 I sensors-hal-OriginChannel: wise light debug, data[2].type is 65627,data[2].sensor is 91:[74.000000,,200.000000,,3.000000,0.000000,54447973720294]
01-22 19:58:54.481   954  1023 I sensors-hal-OriginChannel: wise light debug, data[0].type is 65627,data[0].sensor is 91:[74.000000,,175.000000,,3.000000,0.000000,54448173329221]
01-22 19:58:54.681   954  1023 I sensors-hal-OriginChannel: wise light debug, data[2].type is 65627,data[2].sensor is 91:[74.000000,,175.000000,,3.000000,0.000000,54448373556548]
01-22 19:58:54.740  1086  1288 D VRR [OTI]: handleIdle from 0 to 1
01-22 19:58:54.740  1086  1288 D VRR [OTI-HW]: isStateReady 0
01-22 19:58:54.740  1086  1288 D VRR [OTI-HW]: rate range: min {id=0, hwcId=0, resolution=1080x2412, refreshRate=60.00 Hz, dpi=391.89x395.26, group=0} cur {id=0, hwcId=0, resolution=1080x2412, refreshRate=60.00 Hz, dpi=391.89x395.26, group=0} max {id=0, hwcId=0, resolution=1080x2412, refreshRate=60.00 Hz, dpi=391.89x395.26, group=0}
01-22 19:58:54.741  1086  1288 D VRR [OTI-HW]: keep rate.
01-22 19:58:54.880   954  1023 I sensors-hal-OriginChannel: wise light debug, data[4].type is 65627,data[4].sensor is 91:[73.000000,,175.000000,,6.000000,0.000000,54448573321746]
01-22 19:58:55.023   989  1074 D vendor.oplus.hardware.charger-V3-service: read content:,298,-2740,4388,4388,0,500,2200,100,100,1,4,-1,5106,100,1,1048704,1,1,0,0,4425,0,10,0,10,0,1,0,301,0,4,2,0,0,61,61,61,0,0,0,0,0,0,0,0,0,0
01-22 19:58:55.023   989  1074 D vendor.oplus.hardware.charger-V3-service: , ret_value:138
01-22 19:58:55.023   989  1074 D vendor.oplus.hardware.charger-V3-service: gmtime: 2026-01-22-19-58-55
01-22 19:58:55.081   954  1023 I sensors-hal-OriginChannel: wise light debug, data[2].type is 65627,data[2].sensor is 91:[73.000000,,200.000000,,6.000000,0.000000,54448773515297]
01-22 19:58:55.170  3134  3554 D CommonScenarios-103-10305: transportLayerQosChange TransportLayerData{link_index=34, uid=10305, uplink_srtt=0, uplink_packets=0, uplink_retrans_packets=0, uplink_retrans_rate=0, downlink_srtt=0, downlink_packets=0, downlink_retrans_packets=0, downlink_retrans_rate=0, downlink_rate=0, uplink_udp_packets=0, downlink_udp_packets=0, uplink_tcp_rate=0, uplink_udp_rate=0, downlink_tcp_rate=0, downlink_udp_rate=0}
01-22 19:58:55.170  3134  3554 D CommonScenarios-103-10305: ActiveState process message 2
01-22 19:58:55.170  3134  3554 D CommonScenarios-103-10305: ActiveState EVENT_NETWORK_KPI_CHANGE
01-22 19:58:55.170  3134  3554 D CommonScenarios-103-10305: transport layer data is invalid
01-22 19:58:55.170  3134  3554 D CommonScenarios-103-10305: ActiveState EVENT_NETWORK_KPI_CHANGE score is invalid
01-22 19:58:55.279   954  1023 I sensors-hal-OriginChannel: wise light debug, data[2].type is 65627,data[2].sensor is 91:[72.000000,,150.000000,,3.000000,0.000000,54448973304428]
01-22 19:58:55.470  2434  2434 I android.hardware.wifi@1.0-service-lazy: WifiCommand::requestResponse err=-14
01-22 19:58:55.470  2434  2434 I WifiHAL : wifi_get_link_stats: result=-1
01-22 19:58:55.471  1749  2331 E WifiStaIfaceHidlImpl: getLinkLayerStatsV1_5 failed with status: {.code = ERROR_UNKNOWN, .description = unknown}
01-22 19:58:55.479   954  1023 I sensors-hal-OriginChannel: wise light debug, data[3].type is 65627,data[3].sensor is 91:[73.000000,,175.000000,,6.000000,0.000000,54449173507191]
01-22 19:58:55.482  1749  1947 I OplusSmartBrightnessController: deltaLux = 0.44887447, scale = 1.0
01-22 19:58:55.483  1749  1949 D OplusSmartBrightnessController: handleMessage MSG_LUX_CHANGED, mLux:13.626832 luxQueue=[13.626832, 13.626832, 13.626832, 13.626832, 13.626832, 13.626832, 13.626832, 13.626832, 13.626832, 13.626832, 13.626832]
01-22 19:58:55.547  1086  1086 I BufferQueueProducer: [StatusBar#85](this:0xb400007e9a8508f8,id:-1,api:0,p:-1,c:1086) queueBuffer: fps=0.33 dur=3033.59 max=3033.59 min=3033.59
01-22 19:58:55.679   954  1023 I sensors-hal-OriginChannel: wise light debug, data[2].type is 65627,data[2].sensor is 91:[75.000000,,200.000000,,26.000000,0.000000,54449373498028]
01-22 19:58:55.701 12246 20835 D ShellSubscriberWorkerThread: the first 8 bytes empty, and RestData length > 8 
01-22 19:58:55.736  1749  4190 I OGuardManager_ModuleUsageUpdateHelper: UsingResourceUids:{10181}, notUsingUids:[10092, 10163, 10192, 10210, 10272]
01-22 19:58:55.736  1749  4190 I OGuardManager_AppUsagePowerMonitor: runAppUsageMonitor, last and new map is null.
01-22 19:58:55.821  3203  3203 D AtCmdIndication: handleMessage what:1001
01-22 19:58:55.822  3203  3203 D AtCmdParser: [PHONE0]< com.oplus.telephony.AtCmdParser$2@b7d4230 urc ind:+ECSQ: 22,57,-300,1,1,-35,-335,4096,33,3
01-22 19:58:55.881   954  1023 I sensors-hal-OriginChannel: wise light debug, data[2].type is 65627,data[2].sensor is 91:[89.000000,,150.000000,,8.000000,0.000000,54449573297398]
01-22 19:58:56.081   954  1023 I sensors-hal-OriginChannel: wise light debug, data[4].type is 65627,data[4].sensor is 91:[90.000000,,200.000000,,5.000000,0.000000,54449773514235]
01-22 19:58:56.192  3134  3554 D CommonScenarios-103-10305: transportLayerQosChange TransportLayerData{link_index=34, uid=10305, uplink_srtt=0, uplink_packets=0, uplink_retrans_packets=0, uplink_retrans_rate=0, downlink_srtt=0, downlink_packets=0, downlink_retrans_packets=0, downlink_retrans_rate=0, downlink_rate=0, uplink_udp_packets=0, downlink_udp_packets=0, uplink_tcp_rate=0, uplink_udp_rate=0, downlink_tcp_rate=0, downlink_udp_rate=0}
01-22 19:58:56.193  3134  3554 D CommonScenarios-103-10305: ActiveState process message 2
01-22 19:58:56.193  3134  3554 D CommonScenarios-103-10305: ActiveState EVENT_NETWORK_KPI_CHANGE
01-22 19:58:56.193  3134  3554 D CommonScenarios-103-10305: transport layer data is invalid
01-22 19:58:56.193  3134  3554 D CommonScenarios-103-10305: ActiveState EVENT_NETWORK_KPI_CHANGE score is invalid
01-22 19:58:56.281   954  1023 I sensors-hal-OriginChannel: wise light debug, data[2].type is 65627,data[2].sensor is 91:[90.000000,,175.000000,,2.000000,0.000000,54449973297379]
01-22 19:58:56.318  2593  2593 D OplusPrivacyDotViewController: scheduleUpdate: 
01-22 19:58:56.321  2593  2771 D OplusPrivacyDotViewController: processNextViewState: 
01-22 19:58:56.321  2593  2771 D OplusPrivacyDotViewController: resolveState ViewState(systemPrivacyEventIsActive=false, shadeExpanded=false, qsExpanded=false, rtl=false, rotation=0, height=0, x=49, y=56, cornerIndex=1, designatedCorner=android.widget.FrameLayout{4deeec2 G.E...... ......ID 0,0-12,12 #7f0a050e app:id/icons_container viewInfo = }, contentDescription=null, chipAnimationStart=false, preDraw=false) shouldShowDot false
01-22 19:58:56.402   989  1069 D vendor.oplus.hardware.charger-V3-service: BmsAcOnline: ac_online = 0
01-22 19:58:56.403   989  1069 D vendor.oplus.hardware.charger-V3-service: BmsAcOnline: usb online and usb_type = 1.
01-22 19:58:56.403   989  1069 D vendor.oplus.hardware.charger-V3-service: BmsAcOnline: usb online and usb charging
01-22 19:58:56.480   954  1023 I sensors-hal-OriginChannel: wise light debug, data[0].type is 65627,data[0].sensor is 91:[90.000000,,200.000000,,2.000000,0.000000,54450173513990]
01-22 19:58:56.679   954  1023 I sensors-hal-OriginChannel: wise light debug, data[2].type is 65627,data[2].sensor is 91:[90.000000,,175.000000,,5.000000,0.000000,54450373329663]
01-22 19:58:56.879   954  1023 I sensors-hal-OriginChannel: wise light debug, data[4].type is 65627,data[4].sensor is 91:[90.000000,,200.000000,,5.000000,0.000000,54450573509624]
01-22 19:58:57.081   954  1023 I sensors-hal-OriginChannel: wise light debug, data[2].type is 65627,data[2].sensor is 91:[90.000000,,200.000000,,5.000000,0.000000,54450773518124]
01-22 19:58:57.218  3134  3554 D CommonScenarios-103-10305: transportLayerQosChange TransportLayerData{link_index=34, uid=10305, uplink_srtt=0, uplink_packets=0, uplink_retrans_packets=0, uplink_retrans_rate=0, downlink_srtt=0, downlink_packets=0, downlink_retrans_packets=0, downlink_retrans_rate=0, downlink_rate=0, uplink_udp_packets=0, downlink_udp_packets=0, uplink_tcp_rate=0, uplink_udp_rate=0, downlink_tcp_rate=0, downlink_udp_rate=0}
01-22 19:58:57.218  3134  3554 D CommonScenarios-103-10305: ActiveState process message 2
01-22 19:58:57.218  3134  3554 D CommonScenarios-103-10305: ActiveState EVENT_NETWORK_KPI_CHANGE
01-22 19:58:57.218  3134  3554 D CommonScenarios-103-10305: transport layer data is invalid
01-22 19:58:57.218  3134  3554 D CommonScenarios-103-10305: ActiveState EVENT_NETWORK_KPI_CHANGE score is invalid
01-22 19:58:57.281   954  1023 I sensors-hal-OriginChannel: wise light debug, data[2].type is 65627,data[2].sensor is 91:[90.000000,,175.000000,,8.000000,0.000000,54450973538432]
01-22 19:58:57.481   954  1023 I sensors-hal-OriginChannel: wise light debug, data[3].type is 65627,data[3].sensor is 91:[89.000000,,150.000000,,2.000000,0.000000,54451173764278]
01-22 19:58:57.485  1749  1949 D OplusSmartBrightnessController: handleMessage MSG_LUX_CHANGED, mLux:13.626832 luxQueue=[13.626832, 13.626832, 13.626832, 13.626832, 13.626832, 13.626832, 13.626832, 13.626832, 13.626832, 13.626832]
01-22 19:58:57.590 10082 31624 E Oms-SDK.: [WearableApiManager]Service---->true
01-22 19:58:57.594  1749  2690 W ActivityManager: Unable to start service Intent { act=com.heytap.wearable.oms.SERVICE pkg=com.heytap.health mCallingUid=10099 } U=0: not found
01-22 19:58:57.680   954  1023 I sensors-hal-OriginChannel: wise light debug, data[2].type is 65627,data[2].sensor is 91:[89.000000,,150.000000,,5.000000,0.000000,54451373354509]
01-22 19:58:57.881   954  1023 I sensors-hal-OriginChannel: wise light debug, data[2].type is 65627,data[2].sensor is 91:[90.000000,,200.000000,,5.000000,0.000000,54451573816908]
01-22 19:58:57.882   954  1021 W AString : ctor got NULL, using empty string instead
01-22 19:58:57.883   954  1021 I sensors-hal-SensorSavedChannel: [5516,1998,-625]==>gyro_bias.json
01-22 19:58:58.080   954  1023 I sensors-hal-OriginChannel: wise light debug, data[4].type is 65627,data[4].sensor is 91:[89.000000,,200.000000,,2.000000,0.000000,54451773572605]
01-22 19:58:58.242  3134  3554 D CommonScenarios-103-10305: transportLayerQosChange TransportLayerData{link_index=34, uid=10305, uplink_srtt=0, uplink_packets=0, uplink_retrans_packets=0, uplink_retrans_rate=0, downlink_srtt=0, downlink_packets=0, downlink_retrans_packets=0, downlink_retrans_rate=0, downlink_rate=0, uplink_udp_packets=0, downlink_udp_packets=0, uplink_tcp_rate=0, uplink_udp_rate=0, downlink_tcp_rate=0, downlink_udp_rate=0}
01-22 19:58:58.242  3134  3554 D CommonScenarios-103-10305: ActiveState process message 2
01-22 19:58:58.242  3134  3554 D CommonScenarios-103-10305: ActiveState EVENT_NETWORK_KPI_CHANGE
01-22 19:58:58.242  3134  3554 D CommonScenarios-103-10305: transport layer data is invalid
01-22 19:58:58.242  3134  3554 D CommonScenarios-103-10305: ActiveState EVENT_NETWORK_KPI_CHANGE score is invalid
01-22 19:58:58.279   954  1023 I sensors-hal-OriginChannel: wise light debug, data[2].type is 65627,data[2].sensor is 91:[89.000000,,175.000000,,2.000000,0.000000,54451973375457]
01-22 19:58:58.481   954  1023 I sensors-hal-OriginChannel: wise light debug, data[0].type is 65627,data[0].sensor is 91:[89.000000,,200.000000,,2.000000,0.000000,54452173333009]
01-22 19:58:58.485  1086  4132 D SurfaceFlinger: captureDisplay from pid 1086 uid -1 display 4627039422300187648
01-22 19:58:58.495  2434  2434 I android.hardware.wifi@1.0-service-lazy: WifiCommand::requestResponse err=-14
01-22 19:58:58.495  2434  2434 I WifiHAL : wifi_get_link_stats: result=-1
01-22 19:58:58.496  1749  2331 E WifiStaIfaceHidlImpl: getLinkLayerStatsV1_5 failed with status: {.code = ERROR_UNKNOWN, .description = unknown}
01-22 19:58:58.564  1086  1086 I BufferQueueProducer: [StatusBar#85](this:0xb400007e9a8508f8,id:-1,api:0,p:-1,c:1086) queueBuffer: fps=0.66 dur=3016.48 max=2200.32 min=816.16
01-22 19:58:58.571  1086  1086 I OplusPerfCount: The num of blur fliter in last 60507 ms is: 15
01-22 19:58:58.572  1086  1086 I OplusPerfCount: The layer number in last 60507ms is: 3 layer, 45 time, 4 layer, 18 time, 6 layer, 4 time, 
01-22 19:58:58.574 12246 20835 D ShellSubscriberWorkerThread: the first 8 bytes empty, and RestData length > 8 
01-22 19:58:58.606  1086  4132 D SurfaceFlinger: captureDisplay from pid 1086 uid -1 display 4627039422300187648
01-22 19:58:58.681   954  1023 I sensors-hal-OriginChannel: wise light debug, data[2].type is 65627,data[2].sensor is 91:[89.000000,,175.000000,,2.000000,0.000000,54452373332715]
01-22 19:58:58.880   954  1023 I sensors-hal-OriginChannel: wise light debug, data[4].type is 65627,data[4].sensor is 91:[89.000000,,200.000000,,5.000000,0.000000,54452573508413]
01-22 19:58:59.080   954  1023 I sensors-hal-OriginChannel: wise light debug, data[2].type is 65627,data[2].sensor is 91:[89.000000,,175.000000,,5.000000,0.000000,54452773321269]
01-22 19:58:59.176  1749  2447 D OplusNetKit: in getLpByInterface name from LP: [wlan0]
01-22 19:58:59.189  1749  2447 D TrafficStats: tagSocket(1046) with statsTag=0xffffffff, statsUid=-1
01-22 19:58:59.205  1749  2447 D OplusNetRttKit: getIcmpEchoRtt each addr:192.168.0.1 Rtt: 19
01-22 19:58:59.205  1749  2447 D TrafficStats: tagSocket(1046) with statsTag=0xffffffff, statsUid=-1
01-22 19:58:59.209  1749  2447 D OplusNetRttKit: getIcmpEchoRtt each addr:192.168.0.1 Rtt: 4
01-22 19:58:59.209  1749  2447 D TrafficStats: tagSocket(1046) with statsTag=0xffffffff, statsUid=-1
01-22 19:58:59.213  1749  2447 D OplusNetRttKit: getIcmpEchoRtt each addr:192.168.0.1 Rtt: 4
01-22 19:58:59.213  1749  2447 D OplusNetRttKit: getIcmpEchoRtt addr:192.168.0.1 avgRtt: 9
01-22 19:58:59.264  3134  3554 D CommonScenarios-103-10305: transportLayerQosChange TransportLayerData{link_index=34, uid=10305, uplink_srtt=0, uplink_packets=0, uplink_retrans_packets=0, uplink_retrans_rate=0, downlink_srtt=0, downlink_packets=0, downlink_retrans_packets=0, downlink_retrans_rate=0, downlink_rate=0, uplink_udp_packets=0, downlink_udp_packets=0, uplink_tcp_rate=0, uplink_udp_rate=0, downlink_tcp_rate=0, downlink_udp_rate=0}
01-22 19:58:59.265  3134  3554 D CommonScenarios-103-10305: ActiveState process message 2
01-22 19:58:59.265  3134  3554 D CommonScenarios-103-10305: ActiveState EVENT_NETWORK_KPI_CHANGE
01-22 19:58:59.265  3134  3554 D CommonScenarios-103-10305: transport layer data is invalid
01-22 19:58:59.265  3134  3554 D CommonScenarios-103-10305: ActiveState EVENT_NETWORK_KPI_CHANGE score is invalid
01-22 19:58:59.282   954  1023 I sensors-hal-OriginChannel: wise light debug, data[2].type is 65627,data[2].sensor is 91:[89.000000,,175.000000,,5.000000,0.000000,54452973504005]
01-22 19:58:59.481   954  1023 I sensors-hal-OriginChannel: wise light debug, data[3].type is 65627,data[3].sensor is 91:[89.000000,,175.000000,,8.000000,0.000000,54453173510236]
01-22 19:58:59.681   954  1023 I sensors-hal-OriginChannel: wise light debug, data[2].type is 65627,data[2].sensor is 91:[89.000000,,125.000000,,5.000000,0.000000,54453373325611]
01-22 19:58:59.684  1749  1949 D OplusSmartBrightnessController: handleMessage MSG_LUX_CHANGED, mLux:16.201958 luxQueue=[16.201958, 16.201958, 16.201958, 16.201958, 16.201958, 16.201958]
01-22 19:58:59.881   954  1023 I sensors-hal-OriginChannel: wise light debug, data[2].type is 65627,data[2].sensor is 91:[89.000000,,200.000000,,5.000000,0.000000,54453573499754]
01-22 19:59:00.002  1749  2190 V AlarmManager: sending alarm Alarm{79db44c type 3 origWhen 54453696 whenElapsed 54453696 android} uid 1000 whenElapsed 54453696 windowLength 0 maxWhenElapsed 54453696 repeatInterval 0 action null component null tag TIME_TICK flags 0x9 procName system_server
01-22 19:59:00.015  3203  3203 D SubsysBroadcastManager: onReceive action:android.intent.action.TIME_TICK
01-22 19:59:00.017  5050  5090 D PhoneUsageTime: affairType:231
01-22 19:59:00.025   989  1074 D vendor.oplus.hardware.charger-V3-service: read content:,298,-2740,4388,4388,0,500,2200,100,100,1,4,-1,5106,100,1,1048704,1,1,0,0,4425,0,10,0,10,0,1,0,301,0,4,2,0,0,61,61,61,0,0,0,0,0,0,0,0,0,0
01-22 19:59:00.025   989  1074 D vendor.oplus.hardware.charger-V3-service: , ret_value:138
01-22 19:59:00.025   989  1074 D vendor.oplus.hardware.charger-V3-service: gmtime: 2026-01-22-19-59-00
01-22 19:59:00.026  5050  5090 D PhoneScreenOnTime: affairType:231
01-22 19:59:00.030  2593  2593 I SystemUi--Keyguard: KeyguardUtils-->density is 0 sInitialDisplayDensity:480
01-22 19:59:00.047  1086  1086 I BufferQueueProducer: [StatusBar#85](this:0xb400007e9a8508f8,id:-1,api:0,p:-1,c:1086) queueBuffer: fps=0.67 dur=1483.47 max=1483.47 min=1483.47
01-22 19:59:00.059  2593  2593 I SystemUi--Keyguard: KeyguardUtils-->density is 0 sInitialDisplayDensity:480
01-22 19:59:00.070  2593  2593 D SingleClockView: updateTime,  24hfmt=true, h=19, m=59
01-22 19:59:00.074  2593  2593 D SingleClockView: updateTime,  24hfmt=true, h=19, m=59
01-22 19:59:00.077  1749 10572 E OplusCustomizeRestrictionManagerService: isBiometricDisabled start
01-22 19:59:00.079   954  1023 I sensors-hal-OriginChannel: wise light debug, data[4].type is 65627,data[4].sensor is 91:[89.000000,,175.000000,,2.000000,0.000000,54453773309216]
01-22 19:59:00.085  2593  2593 I SystemUi--Keyguard: KeyguardUtils-->density is 0 sInitialDisplayDensity:480
01-22 19:59:00.281   954  1023 I sensors-hal-OriginChannel: wise light debug, data[2].type is 65627,data[2].sensor is 91:[89.000000,,200.000000,,5.000000,0.000000,54453973503678]
01-22 19:59:00.290  3134  3554 D CommonScenarios-103-10305: transportLayerQosChange TransportLayerData{link_index=34, uid=10305, uplink_srtt=0, uplink_packets=0, uplink_retrans_packets=0, uplink_retrans_rate=0, downlink_srtt=0, downlink_packets=0, downlink_retrans_packets=0, downlink_retrans_rate=0, downlink_rate=0, uplink_udp_packets=0, downlink_udp_packets=0, uplink_tcp_rate=0, uplink_udp_rate=0, downlink_tcp_rate=0, downlink_udp_rate=0}
01-22 19:59:00.290  3134  3554 D CommonScenarios-103-10305: ActiveState process message 2
01-22 19:59:00.290  3134  3554 D CommonScenarios-103-10305: ActiveState EVENT_NETWORK_KPI_CHANGE
01-22 19:59:00.290  3134  3554 D CommonScenarios-103-10305: transport layer data is invalid
01-22 19:59:00.290  3134  3554 D CommonScenarios-103-10305: ActiveState EVENT_NETWORK_KPI_CHANGE score is invalid
01-22 19:59:00.481   954  1023 I sensors-hal-OriginChannel: wise light debug, data[0].type is 65627,data[0].sensor is 91:[89.000000,,175.000000,,5.000000,0.000000,54454173311394]
01-22 19:59:00.540  1096  1106 D ccci_mdinit: (1):monitor_time_update_thread round:1401 ########
01-22 19:59:00.681   954  1023 I sensors-hal-OriginChannel: wise light debug, data[2].type is 65627,data[2].sensor is 91:[89.000000,,200.000000,,5.000000,0.000000,54454373488913]
01-22 19:59:00.881   954  1023 I sensors-hal-OriginChannel: wise light debug, data[4].type is 65627,data[4].sensor is 91:[89.000000,,150.000000,,5.000000,0.000000,54454573291698]
01-22 19:59:00.942  3203  3203 D AtCmdIndication: handleMessage what:1001
01-22 19:59:00.942  3203  3203 D AtCmdParser: [PHONE0]< com.oplus.telephony.AtCmdParser$2@b7d4230 urc ind:+ECSQ: 21,57,-297,1,1,-38,-335,4096,28,3
01-22 19:59:01.081   954  1023 I sensors-hal-OriginChannel: wise light debug, data[2].type is 65627,data[2].sensor is 91:[89.000000,,175.000000,,5.000000,0.000000,54454773332630]
01-22 19:59:01.280   954  1023 I sensors-hal-OriginChannel: wise light debug, data[2].type is 65627,data[2].sensor is 91:[89.000000,,175.000000,,5.000000,0.000000,54454973501525]
01-22 19:59:01.314  3134  3554 D CommonScenarios-103-10305: transportLayerQosChange TransportLayerData{link_index=34, uid=10305, uplink_srtt=0, uplink_packets=0, uplink_retrans_packets=0, uplink_retrans_rate=0, downlink_srtt=0, downlink_packets=0, downlink_retrans_packets=0, downlink_retrans_rate=0, downlink_rate=0, uplink_udp_packets=0, downlink_udp_packets=0, uplink_tcp_rate=0, uplink_udp_rate=0, downlink_tcp_rate=0, downlink_udp_rate=0}
01-22 19:59:01.314  3134  3554 D CommonScenarios-103-10305: ActiveState process message 2
01-22 19:59:01.314  3134  3554 D CommonScenarios-103-10305: ActiveState EVENT_NETWORK_KPI_CHANGE
01-22 19:59:01.314  3134  3554 D CommonScenarios-103-10305: transport layer data is invalid
01-22 19:59:01.314  3134  3554 D CommonScenarios-103-10305: ActiveState EVENT_NETWORK_KPI_CHANGE score is invalid
01-22 19:59:01.481   954  1023 I sensors-hal-OriginChannel: wise light debug, data[3].type is 65627,data[3].sensor is 91:[89.000000,,150.000000,,8.000000,0.000000,54455173316578]
01-22 19:59:01.522  2434  2434 I android.hardware.wifi@1.0-service-lazy: WifiCommand::requestResponse err=-14
01-22 19:59:01.522  2434  2434 I WifiHAL : wifi_get_link_stats: result=-1
01-22 19:59:01.523  1749  2331 E WifiStaIfaceHidlImpl: getLinkLayerStatsV1_5 failed with status: {.code = ERROR_UNKNOWN, .description = unknown}
01-22 19:59:01.580  1086  1086 I BufferQueueProducer: [StatusBar#85](this:0xb400007e9a8508f8,id:-1,api:0,p:-1,c:1086) queueBuffer: fps=0.65 dur=1532.63 max=1532.63 min=1532.63
01-22 19:59:01.681   954  1023 I sensors-hal-OriginChannel: wise light debug, data[2].type is 65627,data[2].sensor is 91:[89.000000,,200.000000,,2.000000,0.000000,54455373531871]
01-22 19:59:01.685  1749  1949 D OplusSmartBrightnessController: handleMessage MSG_LUX_CHANGED, mLux:16.201958 luxQueue=[16.201958, 16.201958, 16.201958, 16.201958, 16.201958, 16.201958, 16.201958, 16.201958, 16.201958, 16.201958]
01-22 19:59:01.764  1749  2663 I Osense-BaseDecisionMaker: notifySceneToAthenaPolicy: SCENE_IDLE_RECOVER, bundle: Bundle[{scene=SCENE_IDLE_RECOVER}]
01-22 19:59:01.781  1749  2663 I Osense-BaseDecisionMaker: scene: SCENE_IDLE_RECOVER, excutingPolicy: cpn
01-22 19:59:01.781  1749  2663 D Osense-BaseDecisionMaker: invoke cpn policy
01-22 19:59:01.782  1749  2663 I Osense-BaseDecisionMaker: scene: SCENE_IDLE_RECOVER, excutingPolicy: respreload
01-22 19:59:01.782  1749  2663 D Osense-BaseDecisionMaker: invoke process preload policy
01-22 19:59:01.782  1749  2663 I Osense-BaseDecisionMaker: scene: SCENE_IDLE_RECOVER, excutingPolicy: clear
