01-22 19:59:01.783  1749  2663 D Osense-BaseDecisionMaker: invoke clear policy,type: unforbid
01-22 19:59:01.783  1749  2663 I OsenseKillAction: KillAction: unhandled request: id=1034, enable=true, scene=SCENE_IDLE_RECOVER, type=unforbid, cchOnly=false
01-22 19:59:01.849  1749 10572 E OplusNetworkStatsNative: bpfGetAppPurStatsTotal return 0
01-22 19:59:01.850  3134  3554 D OplusUidPurStatsSerivce-NAS: checkLoopProcess mLastStatsValue:0; curStats:0
01-22 19:59:01.880   954  1023 I sensors-hal-OriginChannel: wise light debug, data[2].type is 65627,data[2].sensor is 91:[90.000000,,175.000000,,5.000000,0.000000,54455573293183]
01-22 19:59:02.081   954  1023 I sensors-hal-OriginChannel: wise light debug, data[4].type is 65627,data[4].sensor is 91:[90.000000,,200.000000,,5.000000,0.000000,54455773514102]
01-22 19:59:02.280   954  1023 I sensors-hal-OriginChannel: wise light debug, data[2].type is 65627,data[2].sensor is 91:[90.000000,,200.000000,,5.000000,0.000000,54455973800482]
01-22 19:59:02.322   989  1069 D vendor.oplus.hardware.charger-V3-service: BmsAcOnline: ac_online = 0
01-22 19:59:02.322   989  1069 D vendor.oplus.hardware.charger-V3-service: BmsAcOnline: usb online and usb_type = 1.
01-22 19:59:02.322   989  1069 D vendor.oplus.hardware.charger-V3-service: BmsAcOnline: usb online and usb charging
01-22 19:59:02.336  3134  3554 D CommonScenarios-103-10305: transportLayerQosChange TransportLayerData{link_index=34, uid=10305, uplink_srtt=0, uplink_packets=0, uplink_retrans_packets=0, uplink_retrans_rate=0, downlink_srtt=0, downlink_packets=0, downlink_retrans_packets=0, downlink_retrans_rate=0, downlink_rate=0, uplink_udp_packets=0, downlink_udp_packets=0, uplink_tcp_rate=0, uplink_udp_rate=0, downlink_tcp_rate=0, downlink_udp_rate=0}
01-22 19:59:02.337  3134  3554 D CommonScenarios-103-10305: ActiveState process message 2
01-22 19:59:02.337  3134  3554 D CommonScenarios-103-10305: ActiveState EVENT_NETWORK_KPI_CHANGE
01-22 19:59:02.337  3134  3554 D CommonScenarios-103-10305: transport layer data is invalid
01-22 19:59:02.337  3134  3554 D CommonScenarios-103-10305: ActiveState EVENT_NETWORK_KPI_CHANGE score is invalid
01-22 19:59:02.438   989  1069 D vendor.oplus.hardware.charger-V3-service: BmsAcOnline: ac_online = 0
01-22 19:59:02.438   989  1069 D vendor.oplus.hardware.charger-V3-service: BmsAcOnline: usb online and usb_type = 1.
01-22 19:59:02.438   989  1069 D vendor.oplus.hardware.charger-V3-service: BmsAcOnline: usb online and usb charging
01-22 19:59:02.479   954  1023 I sensors-hal-OriginChannel: wise light debug, data[0].type is 65627,data[0].sensor is 91:[90.000000,,150.000000,,5.000000,0.000000,54456173400183]
01-22 19:59:02.679   954  1023 I sensors-hal-OriginChannel: wise light debug, data[2].type is 65627,data[2].sensor is 91:[90.000000,,200.000000,,8.000000,0.000000,54456373574727]
01-22 19:59:02.879   954  1023 I sensors-hal-OriginChannel: wise light debug, data[4].type is 65627,data[4].sensor is 91:[89.000000,,175.000000,,8.000000,0.000000,54456573506972]
01-22 19:59:03.080   954  1023 I sensors-hal-OriginChannel: wise light debug, data[2].type is 65627,data[2].sensor is 91:[88.000000,,150.000000,,5.000000,0.000000,54456773895987]
01-22 19:59:03.281   954  1023 I sensors-hal-OriginChannel: wise light debug, data[2].type is 65627,data[2].sensor is 91:[88.000000,,150.000000,,5.000000,0.000000,54456973631396]
01-22 19:59:03.353  1390  1390 I thermal_repeater: [recvMdThermalInfo] ret=29, strLen=127,  3, 31, -127, 0, 32767, 10441
01-22 19:59:03.360  3134  3554 D CommonScenarios-103-10305: transportLayerQosChange TransportLayerData{link_index=34, uid=10305, uplink_srtt=0, uplink_packets=0, uplink_retrans_packets=0, uplink_retrans_rate=0, downlink_srtt=0, downlink_packets=0, downlink_retrans_packets=0, downlink_retrans_rate=0, downlink_rate=0, uplink_udp_packets=0, downlink_udp_packets=0, uplink_tcp_rate=0, uplink_udp_rate=0, downlink_tcp_rate=0, downlink_udp_rate=0}
01-22 19:59:03.361  3134  3554 D CommonScenarios-103-10305: ActiveState process message 2
01-22 19:59:03.361  3134  3554 D CommonScenarios-103-10305: ActiveState EVENT_NETWORK_KPI_CHANGE
01-22 19:59:03.361  3134  3554 D CommonScenarios-103-10305: transport layer data is invalid
01-22 19:59:03.361  3134  3554 D CommonScenarios-103-10305: ActiveState EVENT_NETWORK_KPI_CHANGE score is invalid
01-22 19:59:03.482   954  1023 I sensors-hal-OriginChannel: wise light debug, data[2].type is 65627,data[2].sensor is 91:[88.000000,,200.000000,,5.000000,0.000000,54457173534722]
01-22 19:59:03.681   954  1023 I sensors-hal-OriginChannel: wise light debug, data[2].type is 65627,data[2].sensor is 91:[88.000000,,200.000000,,5.000000,0.000000,54457373538799]
01-22 19:59:03.684  1086  4132 D SurfaceFlinger: captureDisplay from pid 1086 uid -1 display 4627039422300187648
01-22 19:59:03.686  1749  1949 D OplusSmartBrightnessController: handleMessage MSG_LUX_CHANGED, mLux:16.201958 luxQueue=[16.201958, 16.201958, 16.201958, 16.201958, 16.201958, 16.201958, 16.201958, 16.201958, 16.201958, 16.201958]
01-22 19:59:03.881   954  1023 I sensors-hal-OriginChannel: wise light debug, data[2].type is 65627,data[2].sensor is 91:[89.000000,,175.000000,,5.000000,0.000000,54457573306183]
01-22 19:59:04.081   954  1023 I sensors-hal-OriginChannel: wise light debug, data[4].type is 65627,data[4].sensor is 91:[88.000000,,200.000000,,2.000000,0.000000,54457773513468]
01-22 19:59:04.281   954  1023 I sensors-hal-OriginChannel: wise light debug, data[2].type is 65627,data[2].sensor is 91:[88.000000,,175.000000,,5.000000,0.000000,54457973289472]
01-22 19:59:04.386  3134  3554 D CommonScenarios-103-10305: transportLayerQosChange TransportLayerData{link_index=34, uid=10305, uplink_srtt=0, uplink_packets=0, uplink_retrans_packets=0, uplink_retrans_rate=0, downlink_srtt=0, downlink_packets=0, downlink_retrans_packets=0, downlink_retrans_rate=0, downlink_rate=0, uplink_udp_packets=0, downlink_udp_packets=0, uplink_tcp_rate=0, uplink_udp_rate=0, downlink_tcp_rate=0, downlink_udp_rate=0}
01-22 19:59:04.386  3134  3554 D CommonScenarios-103-10305: ActiveState process message 2
01-22 19:59:04.386  3134  3554 D CommonScenarios-103-10305: ActiveState EVENT_NETWORK_KPI_CHANGE
01-22 19:59:04.386  3134  3554 D CommonScenarios-103-10305: transport layer data is invalid
01-22 19:59:04.386  3134  3554 D CommonScenarios-103-10305: ActiveState EVENT_NETWORK_KPI_CHANGE score is invalid
01-22 19:59:04.471  1749 10572 I WifiService: startScan uid=10181
01-22 19:59:04.480   954  1023 I sensors-hal-OriginChannel: wise light debug, data[0].type is 65627,data[0].sensor is 91:[73.000000,,150.000000,,3.000000,0.000000,54458173704030]
01-22 19:59:04.493  2434  2471 D WifiHAL : event received NL80211_CMD_TRIGGER_SCAN
01-22 19:59:04.496   914   926 I statsd  : An anomaly (103940000001) (39)0x2018001->10181[I] (39)0x20000->1[I]  has occurred! Informing subscribers.
01-22 19:59:04.546  2434  2434 I android.hardware.wifi@1.0-service-lazy: WifiCommand::requestResponse err=-14
01-22 19:59:04.546  2434  2434 I WifiHAL : wifi_get_link_stats: result=-1
01-22 19:59:04.547  1749  2331 E WifiStaIfaceHidlImpl: getLinkLayerStatsV1_5 failed with status: {.code = ERROR_UNKNOWN, .description = unknown}
01-22 19:59:04.680   954  1023 I sensors-hal-OriginChannel: wise light debug, data[2].type is 65627,data[2].sensor is 91:[74.000000,,150.000000,,3.000000,0.000000,54458373343943]
01-22 19:59:04.881   954  1023 I sensors-hal-OriginChannel: wise light debug, data[4].type is 65627,data[4].sensor is 91:[74.000000,,175.000000,,6.000000,0.000000,54458573811727]
01-22 19:59:05.026   989  1074 D vendor.oplus.hardware.charger-V3-service: read content:,298,-2740,4388,4388,0,500,2200,100,100,1,4,-1,5112,100,1,1048704,1,1,0,0,4425,0,10,0,10,0,1,0,301,0,4,2,0,0,61,61,61,0,0,0,0,0,0,0,0,0,0
01-22 19:59:05.026   989  1074 D vendor.oplus.hardware.charger-V3-service: , ret_value:138
01-22 19:59:05.026   989  1074 D vendor.oplus.hardware.charger-V3-service: gmtime: 2026-01-22-19-59-05
01-22 19:59:05.081   954  1023 I sensors-hal-OriginChannel: wise light debug, data[2].type is 65627,data[2].sensor is 91:[74.000000,,175.000000,,6.000000,0.000000,54458773636583]
01-22 19:59:05.097  9997 14624 I TeaLog  : s worked:true 60000
01-22 19:59:05.280   954  1023 I sensors-hal-OriginChannel: wise light debug, data[2].type is 65627,data[2].sensor is 91:[73.000000,,150.000000,,6.000000,0.000000,54458973375146]
01-22 19:59:05.408  3134  3554 D CommonScenarios-103-10305: transportLayerQosChange TransportLayerData{link_index=34, uid=10305, uplink_srtt=0, uplink_packets=0, uplink_retrans_packets=0, uplink_retrans_rate=0, downlink_srtt=0, downlink_packets=0, downlink_retrans_packets=0, downlink_retrans_rate=0, downlink_rate=0, uplink_udp_packets=0, downlink_udp_packets=0, uplink_tcp_rate=0, uplink_udp_rate=0, downlink_tcp_rate=0, downlink_udp_rate=0}
01-22 19:59:05.409  3134  3554 D CommonScenarios-103-10305: ActiveState process message 2
01-22 19:59:05.409  3134  3554 D CommonScenarios-103-10305: ActiveState EVENT_NETWORK_KPI_CHANGE
01-22 19:59:05.409  3134  3554 D CommonScenarios-103-10305: transport layer data is invalid
01-22 19:59:05.409  3134  3554 D CommonScenarios-103-10305: ActiveState EVENT_NETWORK_KPI_CHANGE score is invalid
01-22 19:59:05.481   954  1023 I sensors-hal-OriginChannel: wise light debug, data[3].type is 65627,data[3].sensor is 91:[73.000000,,200.000000,,3.000000,0.000000,54459173496660]
01-22 19:59:05.482   954  1021 W AString : ctor got NULL, using empty string instead
01-22 19:59:05.483   954  1021 I sensors-hal-SensorSavedChannel: [5559,1863,-582]==>gyro_bias.json
01-22 19:59:05.681   954  1023 I sensors-hal-OriginChannel: wise light debug, data[2].type is 65627,data[2].sensor is 91:[74.000000,,125.000000,,6.000000,0.000000,54459373304963]
01-22 19:59:05.880   954  1023 I sensors-hal-OriginChannel: wise light debug, data[2].type is 65627,data[2].sensor is 91:[74.000000,,200.000000,,3.000000,0.000000,54459573512266]
01-22 19:59:05.882  1749  1949 D OplusSmartBrightnessController: handleMessage MSG_LUX_CHANGED, mLux:16.201958 luxQueue=[16.201958, 16.201958, 16.201958, 16.201958, 16.201958, 16.201958, 16.201958, 16.201958, 16.201958, 16.201958, 16.201958]
01-22 19:59:05.985  1134  1134 I libPerfCtl: gbeGetCmd ioctl_ret:-1
01-22 19:59:06.059  3203  3203 D AtCmdIndication: handleMessage what:1001
01-22 19:59:06.060  3203  3203 D AtCmdParser: [PHONE0]< com.oplus.telephony.AtCmdParser$2@b7d4230 urc ind:+ECSQ: 21,57,-298,1,1,-38,-336,4096,28,3
01-22 19:59:06.080   954  1023 I sensors-hal-OriginChannel: wise light debug, data[4].type is 65627,data[4].sensor is 91:[76.000000,,150.000000,,6.000000,0.000000,54459773324578]
01-22 19:59:06.099  1086  4134 E SurfaceFlinger: midas  refreshRate = 60
01-22 19:59:06.281   954  1023 I sensors-hal-OriginChannel: wise light debug, data[2].type is 65627,data[2].sensor is 91:[78.000000,,200.000000,,6.000000,0.000000,54459973500953]
01-22 19:59:06.288  2927  6585 D IpClient/wlan0: interfaceLinkStateChanged: ifindex 34 up
01-22 19:59:06.288   915  1472 E TetherController:  addInterface wlan0->34 succ
01-22 19:59:06.290  1749  2690 D WifiNl80211Manager: Scan result ready event
01-22 19:59:06.290  1749  2690 D WifiNative: Scan result ready event
01-22 19:59:06.291  2434  2471 D WifiHAL : event received NL80211_CMD_NEW_SCAN_RESULTS
01-22 19:59:06.302  1749  2335 W IE_Capabilities: Unknown RSN cipher suite: 6ac0f00
01-22 19:59:06.302  1749  2335 W IE_Capabilities: Unknown RSN cipher suite: 6ac0f00
01-22 19:59:06.303  1749  2335 W IE_Capabilities: Unknown RSN cipher suite: 6ac0f00
01-22 19:59:06.366   914   926 I statsd  : An anomaly (103940000001) (39)0x2018001->10181[I] (39)0x20000->0[I]  has occurred! Informing subscribers.
01-22 19:59:06.372 23421 31631 I metis_v2_WifiDataCollector: onScanResultsAvailable [base|com.oplus.metis|2.0.20-aa39d14]
01-22 19:59:06.372  1749  2424 D WiFiHardWareMonitor ScanresultsCollector: rssiFailCheckAndNotify  diff = 2405243 now=1769083146372 latestSendTime=1769080741129 statisticsInterval=7200000
01-22 19:59:06.377  2434  2434 I android.hardware.wifi@1.0-service-lazy: WifiCommand::requestResponse err=-14
01-22 19:59:06.377  2434  2434 I WifiHAL : wifi_get_link_stats: result=-1
01-22 19:59:06.378  1749  2331 E WifiStaIfaceHidlImpl: getLinkLayerStatsV1_5 failed with status: {.code = ERROR_UNKNOWN, .description = unknown}
01-22 19:59:06.402  1749  2331 D OplusWifiConnectionAlert: handleWCNSelectNocandidates
01-22 19:59:06.432  3134  3554 D CommonScenarios-103-10305: transportLayerQosChange TransportLayerData{link_index=34, uid=10305, uplink_srtt=0, uplink_packets=0, uplink_retrans_packets=0, uplink_retrans_rate=0, downlink_srtt=0, downlink_packets=0, downlink_retrans_packets=0, downlink_retrans_rate=0, downlink_rate=0, uplink_udp_packets=0, downlink_udp_packets=0, uplink_tcp_rate=0, uplink_udp_rate=0, downlink_tcp_rate=0, downlink_udp_rate=0}
01-22 19:59:06.432  3134  3554 D CommonScenarios-103-10305: ActiveState process message 2
01-22 19:59:06.432  3134  3554 D CommonScenarios-103-10305: ActiveState EVENT_NETWORK_KPI_CHANGE
01-22 19:59:06.432  3134  3554 D CommonScenarios-103-10305: transport layer data is invalid
01-22 19:59:06.432  3134  3554 D CommonScenarios-103-10305: ActiveState EVENT_NETWORK_KPI_CHANGE score is invalid
01-22 19:59:06.479   954  1023 I sensors-hal-OriginChannel: wise light debug, data[0].type is 65627,data[0].sensor is 91:[80.000000,,200.000000,,9.000000,0.000000,54460173513242]
01-22 19:59:06.631   954  1026 E VirtualSensors: pedo minute, step_count = 0, report_count = 576 move_statust = 0 ,time_gap = 0 , step_run_count = 0 , step_walk_count = 0
01-22 19:59:06.631   954  1026 E power   : ISystemSuspend::getService() failed.
01-22 19:59:06.631   954  1026 E VirtualSensors: post_events : call
01-22 19:59:06.643  1749  2174 E AppOps  : attributionTag  not declared in manifest of com.oplus.exsystemservice
01-22 19:59:06.646  2527  2527 V SystemSensorManagerExtImpl: Pedometer minute step counter dispatchSensorEvent step 0.0 to + i.b$b@1f9053f
01-22 19:59:06.646  2527  2527 I StepApp_StepDataPreHandler: (main)onSensorChanged raw data: step=0.0 state=0.0 minuteDelta=0.0 timestamp=54460322950139 steprun=0.0 stepwalk=0.0 formatted data: step=0 state=0 timestamp=54460322950139 time=1769083146628 steprun=0 stepwalk=0
01-22 19:59:06.648  2527 12326 I StepApp_StepDataSaver: (StepDataDispatcher)getNewFixedOffsetStep type is STEP
01-22 19:59:06.649  2527 12326 I StepApp_StepDataSaver: (StepDataDispatcher)isRebootCountStep:false	 lastRealTimeStamp = 1769083080000	 bootTimestamp = 1769028686305	 mLastModifiedMinuteTime = 2026-01-22-19-58
01-22 19:59:06.649  2527 12326 I StepApp_StepDataSaver: (StepDataDispatcher)calOffSet:sensorStep = 0	 lastModifiedStep = 0	 offSet = 0
01-22 19:59:06.649  2527 12326 I StepApp_StepDataSaver: (StepDataDispatcher)getNewFixedOffsetStep type is RUN
01-22 19:59:06.649  2527 12326 I StepApp_StepDataSaver: (StepDataDispatcher)isRebootCountStep:false	 lastRealTimeStamp = 1769083080000	 bootTimestamp = 1769028686305	 mLastModifiedMinuteTime = 2026-01-22-19-58
01-22 19:59:06.649  2527 12326 I StepApp_StepDataSaver: (StepDataDispatcher)calOffSet:sensorStep = 0	 lastModifiedStep = 0	 offSet = 0
01-22 19:59:06.649  2527 12326 I StepApp_StepDataSaver: (StepDataDispatcher)getNewFixedOffsetStep type is WALK
01-22 19:59:06.650  2527 12326 I StepApp_StepDataSaver: (StepDataDispatcher)isRebootCountStep:false	 lastRealTimeStamp = 1769083080000	 bootTimestamp = 1769028686305	 mLastModifiedMinuteTime = 2026-01-22-19-58
01-22 19:59:06.650  2527 12326 I StepApp_StepDataSaver: (StepDataDispatcher)calOffSet:sensorStep = 0	 lastModifiedStep = 0	 offSet = 0
01-22 19:59:06.651  1749  2174 E AppOps  : attributionTag  not declared in manifest of com.oplus.exsystemservice
01-22 19:59:06.652  2527  2527 V SystemSensorManagerExtImpl: Pedometer minute step counter dispatchSensorEvent step 0.0 to + j.a$a@2ef680d
01-22 19:59:06.681   954  1023 I sensors-hal-OriginChannel: wise light debug, data[0].type is 65627,data[0].sensor is 91:[83.000000,,175.000000,,9.000000,0.000000,54460373590153]
