01-22 19:48:29.280   954  1023 I sensors-hal-OriginChannel: wise light debug, data[8].type is 65627,data[8].sensor is 91:[160.000000,,175.000000,,6.000000,0.000000,53822972917256]
01-22 19:48:29.305  2434  2434 I android.hardware.wifi@1.0-service-lazy: WifiCommand::requestResponse err=-14
01-22 19:48:29.305  2434  2434 I WifiHAL : wifi_get_link_stats: result=-1
01-22 19:48:29.306  1749  2331 E WifiStaIfaceHidlImpl: getLinkLayerStatsV1_5 failed with status: {.code = ERROR_UNKNOWN, .description = unknown}
01-22 19:48:29.481   954  1023 I sensors-hal-OriginChannel: wise light debug, data[0].type is 65627,data[0].sensor is 91:[160.000000,,150.000000,,6.000000,0.000000,53823173824266]
01-22 19:48:29.484  1749  1947 I OplusSmartBrightnessController: deltaLux = 1.9073486E-6, scale = 1.0
01-22 19:48:29.485  1749  1949 D OplusSmartBrightnessController: handleMessage MSG_LUX_CHANGED, mLux:29.431957 luxQueue=[29.431957, 29.431957, 29.431957, 29.431957, 29.431957, 29.431957, 29.431957, 29.431957, 29.431957, 29.431957]
01-22 19:48:29.504  3134  3554 D CommonScenarios-103-10305: transportLayerQosChange TransportLayerData{link_index=34, uid=10305, uplink_srtt=0, uplink_packets=0, uplink_retrans_packets=0, uplink_retrans_rate=0, downlink_srtt=0, downlink_packets=0, downlink_retrans_packets=0, downlink_retrans_rate=0, downlink_rate=0, uplink_udp_packets=0, downlink_udp_packets=0, uplink_tcp_rate=0, uplink_udp_rate=0, downlink_tcp_rate=0, downlink_udp_rate=0}
01-22 19:48:29.505  3134  3554 D CommonScenarios-103-10305: ActiveState process message 2
01-22 19:48:29.505  3134  3554 D CommonScenarios-103-10305: ActiveState EVENT_NETWORK_KPI_CHANGE
01-22 19:48:29.505  3134  3554 D CommonScenarios-103-10305: transport layer data is invalid
01-22 19:48:29.505  3134  3554 D CommonScenarios-103-10305: ActiveState EVENT_NETWORK_KPI_CHANGE score is invalid
01-22 19:48:29.681   954  1023 I sensors-hal-OriginChannel: wise light debug, data[4].type is 65627,data[4].sensor is 91:[159.000000,,175.000000,,6.000000,0.000000,53823373515853]
01-22 19:48:29.774   989  1074 D vendor.oplus.hardware.charger-V3-service: read content:,300,-2740,4390,4390,0,500,2200,100,100,1,4,-1,5081,100,1,1048704,1,1,0,0,4425,0,10,0,10,0,1,0,302,0,4,2,0,0,61,61,61,0,0,0,0,0,0,0,0,0,0
01-22 19:48:29.774   989  1074 D vendor.oplus.hardware.charger-V3-service: , ret_value:138
01-22 19:48:29.774   989  1074 D vendor.oplus.hardware.charger-V3-service: gmtime: 2026-01-22-19-48-29
01-22 19:48:29.881   954  1023 I sensors-hal-OriginChannel: wise light debug, data[8].type is 65627,data[8].sensor is 91:[159.000000,,150.000000,,6.000000,0.000000,53823573298944]
01-22 19:48:29.956  1096  1106 D ccci_mdinit: (1):monitor_time_update_thread round:1380 ########
01-22 19:48:30.081   954  1023 I sensors-hal-OriginChannel: wise light debug, data[3].type is 65627,data[3].sensor is 91:[159.000000,,200.000000,,6.000000,0.000000,53823773519021]
01-22 19:48:30.280   954  1023 I sensors-hal-OriginChannel: wise light debug, data[4].type is 65627,data[4].sensor is 91:[159.000000,,175.000000,,6.000000,0.000000,53823973303328]
01-22 19:48:30.480   954  1023 I sensors-hal-OriginChannel: wise light debug, data[8].type is 65627,data[8].sensor is 91:[160.000000,,200.000000,,6.000000,0.000000,53824173510709]
01-22 19:48:30.482  1086  4132 D SurfaceFlinger: captureDisplay from pid 1086 uid -1 display 4627039422300187648
01-22 19:48:30.529  3134  3554 D CommonScenarios-103-10305: transportLayerQosChange TransportLayerData{link_index=34, uid=10305, uplink_srtt=0, uplink_packets=0, uplink_retrans_packets=0, uplink_retrans_rate=0, downlink_srtt=0, downlink_packets=0, downlink_retrans_packets=0, downlink_retrans_rate=0, downlink_rate=0, uplink_udp_packets=0, downlink_udp_packets=0, uplink_tcp_rate=0, uplink_udp_rate=0, downlink_tcp_rate=0, downlink_udp_rate=0}
01-22 19:48:30.529  3134  3554 D CommonScenarios-103-10305: ActiveState process message 2
01-22 19:48:30.529  3134  3554 D CommonScenarios-103-10305: ActiveState EVENT_NETWORK_KPI_CHANGE
01-22 19:48:30.529  3134  3554 D CommonScenarios-103-10305: transport layer data is invalid
01-22 19:48:30.529  3134  3554 D CommonScenarios-103-10305: ActiveState EVENT_NETWORK_KPI_CHANGE score is invalid
01-22 19:48:30.680   954  1023 I sensors-hal-OriginChannel: wise light debug, data[3].type is 65627,data[3].sensor is 91:[159.000000,,175.000000,,6.000000,0.000000,53824372962925]
01-22 19:48:30.881   954  1023 I sensors-hal-OriginChannel: wise light debug, data[4].type is 65627,data[4].sensor is 91:[159.000000,,200.000000,,6.000000,0.000000,53824573509064]
01-22 19:48:31.080   954  1023 I sensors-hal-OriginChannel: wise light debug, data[8].type is 65627,data[8].sensor is 91:[160.000000,,200.000000,,6.000000,0.000000,53824773749454]
01-22 19:48:31.280   954  1023 I sensors-hal-OriginChannel: wise light debug, data[3].type is 65627,data[3].sensor is 91:[160.000000,,175.000000,,6.000000,0.000000,53824973338906]
01-22 19:48:31.480   954  1023 I sensors-hal-OriginChannel: wise light debug, data[0].type is 65627,data[0].sensor is 91:[160.000000,,175.000000,,6.000000,0.000000,53825173513752]
01-22 19:48:31.554  3134  3554 D CommonScenarios-103-10305: transportLayerQosChange TransportLayerData{link_index=34, uid=10305, uplink_srtt=0, uplink_packets=0, uplink_retrans_packets=0, uplink_retrans_rate=0, downlink_srtt=0, downlink_packets=0, downlink_retrans_packets=0, downlink_retrans_rate=0, downlink_rate=0, uplink_udp_packets=0, downlink_udp_packets=0, uplink_tcp_rate=0, uplink_udp_rate=0, downlink_tcp_rate=0, downlink_udp_rate=0}
01-22 19:48:31.554  3134  3554 D CommonScenarios-103-10305: ActiveState process message 2
01-22 19:48:31.554  3134  3554 D CommonScenarios-103-10305: ActiveState EVENT_NETWORK_KPI_CHANGE
01-22 19:48:31.554  3134  3554 D CommonScenarios-103-10305: transport layer data is invalid
01-22 19:48:31.554  3134  3554 D CommonScenarios-103-10305: ActiveState EVENT_NETWORK_KPI_CHANGE score is invalid
01-22 19:48:31.576  1749 10642 E OplusNetworkStatsNative: bpfGetAppPurStatsTotal return 0
01-22 19:48:31.577  3134  3554 D OplusUidPurStatsSerivce-NAS: checkLoopProcess mLastStatsValue:0; curStats:0
01-22 19:48:31.680   954  1023 I sensors-hal-OriginChannel: wise light debug, data[4].type is 65627,data[4].sensor is 91:[160.000000,,150.000000,,6.000000,0.000000,53825373324151]
01-22 19:48:31.683  1749  1949 D OplusSmartBrightnessController: handleMessage MSG_LUX_CHANGED, mLux:29.43196 luxQueue=[29.431957, 29.431957, 29.431957, 29.431957, 29.431957, 29.431957, 29.431957, 29.431957, 29.431957, 29.431957, 29.431957]
01-22 19:48:31.881   954  1023 I sensors-hal-OriginChannel: wise light debug, data[7].type is 65627,data[7].sensor is 91:[160.000000,,150.000000,,6.000000,0.000000,53825573503213]
01-22 19:48:32.081   954  1023 I sensors-hal-OriginChannel: wise light debug, data[4].type is 65627,data[4].sensor is 91:[161.000000,,200.000000,,4.000000,0.000000,53825773546358]
01-22 19:48:32.202  1390  1390 I thermal_repeater: [recvMdThermalInfo] ret=29, strLen=127,  3, 30, -127, 0, 32767, 10441
01-22 19:48:32.281   954  1023 I sensors-hal-OriginChannel: wise light debug, data[4].type is 65627,data[4].sensor is 91:[160.000000,,125.000000,,6.000000,0.000000,53825973413059]
01-22 19:48:32.327  2434  2434 I android.hardware.wifi@1.0-service-lazy: WifiCommand::requestResponse err=-14
01-22 19:48:32.327  2434  2434 I WifiHAL : wifi_get_link_stats: result=-1
01-22 19:48:32.328  1749  2331 E WifiStaIfaceHidlImpl: getLinkLayerStatsV1_5 failed with status: {.code = ERROR_UNKNOWN, .description = unknown}
01-22 19:48:32.332   989  1069 D vendor.oplus.hardware.charger-V3-service: BmsAcOnline: ac_online = 0
01-22 19:48:32.332   989  1069 D vendor.oplus.hardware.charger-V3-service: BmsAcOnline: usb online and usb_type = 1.
01-22 19:48:32.332   989  1069 D vendor.oplus.hardware.charger-V3-service: BmsAcOnline: usb online and usb charging
01-22 19:48:32.480   954  1023 I sensors-hal-OriginChannel: wise light debug, data[7].type is 65627,data[7].sensor is 91:[160.000000,,200.000000,,4.000000,0.000000,53826173680170]
01-22 19:48:32.576  3134  3554 D CommonScenarios-103-10305: transportLayerQosChange TransportLayerData{link_index=34, uid=10305, uplink_srtt=0, uplink_packets=0, uplink_retrans_packets=0, uplink_retrans_rate=0, downlink_srtt=0, downlink_packets=0, downlink_retrans_packets=0, downlink_retrans_rate=0, downlink_rate=0, uplink_udp_packets=0, downlink_udp_packets=0, uplink_tcp_rate=0, uplink_udp_rate=0, downlink_tcp_rate=0, downlink_udp_rate=0}
01-22 19:48:32.577  3134  3554 D CommonScenarios-103-10305: ActiveState process message 2
01-22 19:48:32.577  3134  3554 D CommonScenarios-103-10305: ActiveState EVENT_NETWORK_KPI_CHANGE
01-22 19:48:32.577  3134  3554 D CommonScenarios-103-10305: transport layer data is invalid
01-22 19:48:32.577  3134  3554 D CommonScenarios-103-10305: ActiveState EVENT_NETWORK_KPI_CHANGE score is invalid
01-22 19:48:32.679   954  1023 I sensors-hal-OriginChannel: wise light debug, data[4].type is 65627,data[4].sensor is 91:[159.000000,,175.000000,,4.000000,0.000000,53826373272800]
01-22 19:48:32.881   954  1023 I sensors-hal-OriginChannel: wise light debug, data[4].type is 65627,data[4].sensor is 91:[158.000000,,200.000000,,6.000000,0.000000,53826573278636]
01-22 19:48:33.081   954  1023 I sensors-hal-OriginChannel: wise light debug, data[7].type is 65627,data[7].sensor is 91:[158.000000,,175.000000,,6.000000,0.000000,53826773309204]
01-22 19:48:33.279   954  1023 I sensors-hal-OriginChannel: wise light debug, data[4].type is 65627,data[4].sensor is 91:[159.000000,,175.000000,,7.000000,0.000000,53826973032901]
01-22 19:48:33.482   954  1023 I sensors-hal-OriginChannel: wise light debug, data[0].type is 65627,data[0].sensor is 91:[159.000000,,175.000000,,6.000000,0.000000,53827173681762]
01-22 19:48:33.602  3134  3554 D CommonScenarios-103-10305: transportLayerQosChange TransportLayerData{link_index=34, uid=10305, uplink_srtt=0, uplink_packets=0, uplink_retrans_packets=0, uplink_retrans_rate=0, downlink_srtt=0, downlink_packets=0, downlink_retrans_packets=0, downlink_retrans_rate=0, downlink_rate=0, uplink_udp_packets=0, downlink_udp_packets=0, uplink_tcp_rate=0, uplink_udp_rate=0, downlink_tcp_rate=0, downlink_udp_rate=0}
01-22 19:48:33.602  3134  3554 D CommonScenarios-103-10305: ActiveState process message 2
01-22 19:48:33.602  3134  3554 D CommonScenarios-103-10305: ActiveState EVENT_NETWORK_KPI_CHANGE
01-22 19:48:33.602  3134  3554 D CommonScenarios-103-10305: transport layer data is invalid
01-22 19:48:33.602  3134  3554 D CommonScenarios-103-10305: ActiveState EVENT_NETWORK_KPI_CHANGE score is invalid
01-22 19:48:33.681   954  1023 I sensors-hal-OriginChannel: wise light debug, data[4].type is 65627,data[4].sensor is 91:[160.000000,,150.000000,,6.000000,0.000000,53827373404300]
01-22 19:48:33.684  1749  1947 I OplusSmartBrightnessController: deltaLux = 1.9073486E-6, scale = 1.0
01-22 19:48:33.685  1749  1949 D OplusSmartBrightnessController: handleMessage MSG_LUX_CHANGED, mLux:29.431957 luxQueue=[29.431957, 29.431957, 29.431957, 29.431957, 29.431957, 29.431957, 29.431957, 29.431957, 29.431957, 29.431957]
01-22 19:48:33.741  3203  3203 D AtCmdIndication: handleMessage what:1001
01-22 19:48:33.741  3203  3203 D AtCmdParser: [PHONE0]< com.oplus.telephony.AtCmdParser$2@b7d4230 urc ind:+ECSQ: 21,58,-294,1,1,-37,-331,4096,28,3
01-22 19:48:33.881   954  1023 I sensors-hal-OriginChannel: wise light debug, data[8].type is 65627,data[8].sensor is 91:[159.000000,,200.000000,,4.000000,0.000000,53827573488815]
01-22 19:48:34.081   954  1023 I sensors-hal-OriginChannel: wise light debug, data[3].type is 65627,data[3].sensor is 91:[159.000000,,175.000000,,6.000000,0.000000,53827773324891]
01-22 19:48:34.281   954  1023 I sensors-hal-OriginChannel: wise light debug, data[4].type is 65627,data[4].sensor is 91:[159.000000,,100.000000,,4.000000,0.000000,53827973512891]
01-22 19:48:34.481   954  1023 I sensors-hal-OriginChannel: wise light debug, data[8].type is 65627,data[8].sensor is 91:[159.000000,,100.000000,,6.000000,0.000000,53828173291362]
01-22 19:48:34.626  3134  3554 D CommonScenarios-103-10305: transportLayerQosChange TransportLayerData{link_index=34, uid=10305, uplink_srtt=0, uplink_packets=0, uplink_retrans_packets=0, uplink_retrans_rate=0, downlink_srtt=0, downlink_packets=0, downlink_retrans_packets=0, downlink_retrans_rate=0, downlink_rate=0, uplink_udp_packets=0, downlink_udp_packets=0, uplink_tcp_rate=0, uplink_udp_rate=0, downlink_tcp_rate=0, downlink_udp_rate=0}
01-22 19:48:34.626  3134  3554 D CommonScenarios-103-10305: ActiveState process message 2
01-22 19:48:34.626  3134  3554 D CommonScenarios-103-10305: ActiveState EVENT_NETWORK_KPI_CHANGE
01-22 19:48:34.626  3134  3554 D CommonScenarios-103-10305: transport layer data is invalid
01-22 19:48:34.626  3134  3554 D CommonScenarios-103-10305: ActiveState EVENT_NETWORK_KPI_CHANGE score is invalid
01-22 19:48:34.679   954  1023 I sensors-hal-OriginChannel: wise light debug, data[3].type is 65627,data[3].sensor is 91:[160.000000,,200.000000,,6.000000,0.000000,53828373157820]
01-22 19:48:34.777   989  1074 D vendor.oplus.hardware.charger-V3-service: read content:,300,-2740,4389,4389,0,500,2200,100,100,1,4,-1,5106,100,1,1048704,1,1,0,0,4425,0,10,0,10,0,1,0,302,0,4,2,0,0,61,61,61,0,0,0,0,0,0,0,0,0,0
01-22 19:48:34.777   989  1074 D vendor.oplus.hardware.charger-V3-service: , ret_value:138
01-22 19:48:34.777   989  1074 D vendor.oplus.hardware.charger-V3-service: gmtime: 2026-01-22-19-48-34
01-22 19:48:34.881   954  1023 I sensors-hal-OriginChannel: wise light debug, data[4].type is 65627,data[4].sensor is 91:[160.000000,,175.000000,,6.000000,0.000000,53828573561185]
01-22 19:48:35.081   954  1023 I sensors-hal-OriginChannel: wise light debug, data[8].type is 65627,data[8].sensor is 91:[159.000000,,150.000000,,4.000000,0.000000,53828773673719]
01-22 19:48:35.280   954  1023 I sensors-hal-OriginChannel: wise light debug, data[3].type is 65627,data[3].sensor is 91:[160.000000,,175.000000,,6.000000,0.000000,53828973499550]
01-22 19:48:35.356  2434  2434 I android.hardware.wifi@1.0-service-lazy: WifiCommand::requestResponse err=-14
01-22 19:48:35.356  2434  2434 I WifiHAL : wifi_get_link_stats: result=-1
01-22 19:48:35.357  1749  2331 E WifiStaIfaceHidlImpl: getLinkLayerStatsV1_5 failed with status: {.code = ERROR_UNKNOWN, .description = unknown}
01-22 19:48:35.481   954  1023 I sensors-hal-OriginChannel: wise light debug, data[0].type is 65627,data[0].sensor is 91:[160.000000,,125.000000,,6.000000,0.000000,53829173307304]
01-22 19:48:35.650  3134  3554 D CommonScenarios-103-10305: transportLayerQosChange TransportLayerData{link_index=34, uid=10305, uplink_srtt=0, uplink_packets=0, uplink_retrans_packets=0, uplink_retrans_rate=0, downlink_srtt=0, downlink_packets=0, downlink_retrans_packets=0, downlink_retrans_rate=0, downlink_rate=0, uplink_udp_packets=0, downlink_udp_packets=0, uplink_tcp_rate=0, uplink_udp_rate=0, downlink_tcp_rate=0, downlink_udp_rate=0}
01-22 19:48:35.650  3134  3554 D CommonScenarios-103-10305: ActiveState process message 2
01-22 19:48:35.650  3134  3554 D CommonScenarios-103-10305: ActiveState EVENT_NETWORK_KPI_CHANGE
01-22 19:48:35.650  3134  3554 D CommonScenarios-103-10305: transport layer data is invalid
01-22 19:48:35.650  3134  3554 D CommonScenarios-103-10305: ActiveState EVENT_NETWORK_KPI_CHANGE score is invalid
01-22 19:48:35.681   954  1023 I sensors-hal-OriginChannel: wise light debug, data[4].type is 65627,data[4].sensor is 91:[159.000000,,150.000000,,6.000000,0.000000,53829373528862]
01-22 19:48:35.685  1749  1949 D OplusSmartBrightnessController: handleMessage MSG_LUX_CHANGED, mLux:29.431957 luxQueue=[29.431957, 29.431957, 29.431957, 29.431957, 29.431957, 29.431957, 29.431957, 29.431957, 29.431957, 29.431957]
01-22 19:48:35.881   954  1023 I sensors-hal-OriginChannel: wise light debug, data[7].type is 65627,data[7].sensor is 91:[159.000000,,175.000000,,6.000000,0.000000,53829573306078]
01-22 19:48:36.079   954  1023 I sensors-hal-OriginChannel: wise light debug, data[4].type is 65627,data[4].sensor is 91:[158.000000,,200.000000,,4.000000,0.000000,53829773533385]
01-22 19:48:36.279   954  1023 I sensors-hal-OriginChannel: wise light debug, data[4].type is 65627,data[4].sensor is 91:[159.000000,,175.000000,,6.000000,0.000000,53829973585722]
01-22 19:48:36.328 10082 30960 E Oms-SDK.: [WearableApiManager]Service---->true
01-22 19:48:36.331  1749 10642 W ActivityManager: Unable to start service Intent { act=com.heytap.wearable.oms.SERVICE pkg=com.heytap.health mCallingUid=10099 } U=0: not found
01-22 19:48:36.480   954  1023 I sensors-hal-OriginChannel: wise light debug, data[7].type is 65627,data[7].sensor is 91:[160.000000,,175.000000,,4.000000,0.000000,53830173472857]
01-22 19:48:36.674  3134  3554 D CommonScenarios-103-10305: transportLayerQosChange TransportLayerData{link_index=34, uid=10305, uplink_srtt=0, uplink_packets=0, uplink_retrans_packets=0, uplink_retrans_rate=0, downlink_srtt=0, downlink_packets=0, downlink_retrans_packets=0, downlink_retrans_rate=0, downlink_rate=0, uplink_udp_packets=0, downlink_udp_packets=0, uplink_tcp_rate=0, uplink_udp_rate=0, downlink_tcp_rate=0, downlink_udp_rate=0}
01-22 19:48:36.674  3134  3554 D CommonScenarios-103-10305: ActiveState process message 2
01-22 19:48:36.674  3134  3554 D CommonScenarios-103-10305: ActiveState EVENT_NETWORK_KPI_CHANGE
01-22 19:48:36.674  3134  3554 D CommonScenarios-103-10305: transport layer data is invalid
01-22 19:48:36.674  3134  3554 D CommonScenarios-103-10305: ActiveState EVENT_NETWORK_KPI_CHANGE score is invalid
01-22 19:48:36.681   954  1023 I sensors-hal-OriginChannel: wise light debug, data[4].type is 65627,data[4].sensor is 91:[158.000000,,200.000000,,6.000000,0.000000,53830373804564]
01-22 19:48:36.879   954  1023 I sensors-hal-OriginChannel: wise light debug, data[4].type is 65627,data[4].sensor is 91:[158.000000,,175.000000,,6.000000,0.000000,53830573306660]
01-22 19:48:37.079   954  1023 I sensors-hal-OriginChannel: wise light debug, data[7].type is 65627,data[7].sensor is 91:[158.000000,,175.000000,,6.000000,0.000000,53830773507992]
01-22 19:48:37.280   954  1023 I sensors-hal-OriginChannel: wise light debug, data[4].type is 65627,data[4].sensor is 91:[158.000000,,100.000000,,6.000000,0.000000,53830973342482]
01-22 19:48:37.480   954  1023 I sensors-hal-OriginChannel: wise light debug, data[0].type is 65627,data[0].sensor is 91:[157.000000,,200.000000,,4.000000,0.000000,53831173522121]
01-22 19:48:37.679   954  1023 I sensors-hal-OriginChannel: wise light debug, data[4].type is 65627,data[4].sensor is 91:[157.000000,,200.000000,,4.000000,0.000000,53831373525313]
01-22 19:48:37.697  3134  3554 D CommonScenarios-103-10305: transportLayerQosChange TransportLayerData{link_index=34, uid=10305, uplink_srtt=0, uplink_packets=0, uplink_retrans_packets=0, uplink_retrans_rate=0, downlink_srtt=0, downlink_packets=0, downlink_retrans_packets=0, downlink_retrans_rate=0, downlink_rate=0, uplink_udp_packets=0, downlink_udp_packets=0, uplink_tcp_rate=0, uplink_udp_rate=0, downlink_tcp_rate=0, downlink_udp_rate=0}
01-22 19:48:37.697  3134  3554 D CommonScenarios-103-10305: ActiveState process message 2
01-22 19:48:37.697  3134  3554 D CommonScenarios-103-10305: ActiveState EVENT_NETWORK_KPI_CHANGE
01-22 19:48:37.697  3134  3554 D CommonScenarios-103-10305: transport layer data is invalid
01-22 19:48:37.697  3134  3554 D CommonScenarios-103-10305: ActiveState EVENT_NETWORK_KPI_CHANGE score is invalid
01-22 19:48:37.880   954  1023 I sensors-hal-OriginChannel: wise light debug, data[8].type is 65627,data[8].sensor is 91:[156.000000,,175.000000,,4.000000,0.000000,53831573299473]
01-22 19:48:37.884  1749  1949 D OplusSmartBrightnessController: handleMessage MSG_LUX_CHANGED, mLux:29.43196 luxQueue=[29.431957, 29.431957, 29.431957, 29.431957, 29.431957, 29.431957, 29.431957, 29.431957, 29.431957, 29.431957, 29.431957]
01-22 19:48:38.081   954  1023 I sensors-hal-OriginChannel: wise light debug, data[3].type is 65627,data[3].sensor is 91:[156.000000,,200.000000,,4.000000,0.000000,53831773505621]
01-22 19:48:38.281   954  1023 I sensors-hal-OriginChannel: wise light debug, data[4].type is 65627,data[4].sensor is 91:[154.000000,,175.000000,,4.000000,0.000000,53831973294112]
01-22 19:48:38.384  2434  2434 I android.hardware.wifi@1.0-service-lazy: WifiCommand::requestResponse err=-14
01-22 19:48:38.384  2434  2434 I WifiHAL : wifi_get_link_stats: result=-1
01-22 19:48:38.385  1749  2331 E WifiStaIfaceHidlImpl: getLinkLayerStatsV1_5 failed with status: {.code = ERROR_UNKNOWN, .description = unknown}
01-22 19:48:38.479   954  1023 I sensors-hal-OriginChannel: wise light debug, data[8].type is 65627,data[8].sensor is 91:[153.000000,,200.000000,,6.000000,0.000000,53832173506156]
01-22 19:48:38.681   954  1023 I sensors-hal-OriginChannel: wise light debug, data[1].type is 65627,data[1].sensor is 91:[146.000000,,150.000000,,5.000000,0.000000,53832373520286]
01-22 19:48:38.721  3134  3554 D CommonScenarios-103-10305: transportLayerQosChange TransportLayerData{link_index=34, uid=10305, uplink_srtt=0, uplink_packets=0, uplink_retrans_packets=0, uplink_retrans_rate=0, downlink_srtt=0, downlink_packets=0, downlink_retrans_packets=0, downlink_retrans_rate=0, downlink_rate=0, uplink_udp_packets=0, downlink_udp_packets=0, uplink_tcp_rate=0, uplink_udp_rate=0, downlink_tcp_rate=0, downlink_udp_rate=0}
01-22 19:48:38.722  3134  3554 D CommonScenarios-103-10305: ActiveState process message 2
01-22 19:48:38.722  3134  3554 D CommonScenarios-103-10305: ActiveState EVENT_NETWORK_KPI_CHANGE
01-22 19:48:38.722  3134  3554 D CommonScenarios-103-10305: transport layer data is invalid
01-22 19:48:38.722  3134  3554 D CommonScenarios-103-10305: ActiveState EVENT_NETWORK_KPI_CHANGE score is invalid
01-22 19:48:38.858  3203  3203 D AtCmdIndication: handleMessage what:1001
01-22 19:48:38.858  3203  3203 D AtCmdParser: [PHONE0]< com.oplus.telephony.AtCmdParser$2@b7d4230 urc ind:+ECSQ: 21,59,-290,1,1,-38,-328,4096,21,3
01-22 19:48:38.880   954  1023 I sensors-hal-OriginChannel: wise light debug, data[1].type is 65627,data[1].sensor is 91:[148.000000,,150.000000,,6.000000,0.000000,53832573409502]
01-22 19:48:39.081   954  1023 I sensors-hal-OriginChannel: wise light debug, data[4].type is 65627,data[4].sensor is 91:[145.000000,,175.000000,,6.000000,0.000000,53832773812354]
01-22 19:48:39.281   954  1023 I sensors-hal-OriginChannel: wise light debug, data[2].type is 65627,data[2].sensor is 91:[116.000000,,25.000000,,6.000000,0.000000,53832973549555]
01-22 19:48:39.481   954  1023 I sensors-hal-OriginChannel: wise light debug, data[0].type is 65627,data[0].sensor is 91:[111.000000,,150.000000,,4.000000,0.000000,53833173638180]
01-22 19:48:39.681   954  1023 I sensors-hal-OriginChannel: wise light debug, data[2].type is 65627,data[2].sensor is 91:[114.000000,,100.000000,,6.000000,0.000000,53833373146714]
01-22 19:48:39.744  3134  3554 D CommonScenarios-103-10305: transportLayerQosChange TransportLayerData{link_index=34, uid=10305, uplink_srtt=0, uplink_packets=0, uplink_retrans_packets=0, uplink_retrans_rate=0, downlink_srtt=0, downlink_packets=0, downlink_retrans_packets=0, downlink_retrans_rate=0, downlink_rate=0, uplink_udp_packets=0, downlink_udp_packets=0, uplink_tcp_rate=0, uplink_udp_rate=0, downlink_tcp_rate=0, downlink_udp_rate=0}
01-22 19:48:39.745  3134  3554 D CommonScenarios-103-10305: ActiveState process message 2
01-22 19:48:39.745  3134  3554 D CommonScenarios-103-10305: ActiveState EVENT_NETWORK_KPI_CHANGE
01-22 19:48:39.745  3134  3554 D CommonScenarios-103-10305: transport layer data is invalid
01-22 19:48:39.745  3134  3554 D CommonScenarios-103-10305: ActiveState EVENT_NETWORK_KPI_CHANGE score is invalid
01-22 19:48:39.778   989  1074 D vendor.oplus.hardware.charger-V3-service: read content:,300,-2740,4389,4389,0,500,2200,100,100,1,4,-1,5118,100,1,1048704,1,1,0,0,4425,0,10,0,10,0,1,0,302,0,4,2,0,0,61,61,61,0,0,0,0,0,0,0,0,0,0
01-22 19:48:39.778   989  1074 D vendor.oplus.hardware.charger-V3-service: , ret_value:138
01-22 19:48:39.779   989  1074 D vendor.oplus.hardware.charger-V3-service: gmtime: 2026-01-22-19-48-39
01-22 19:48:39.881   954  1023 I sensors-hal-OriginChannel: wise light debug, data[4].type is 65627,data[4].sensor is 91:[117.000000,,200.000000,,6.000000,0.000000,53833573508007]
01-22 19:48:39.884  1749  1947 I OplusSmartBrightnessController: deltaLux = 1.9073486E-6, scale = 1.0
01-22 19:48:39.885  1749  1949 D OplusSmartBrightnessController: handleMessage MSG_LUX_CHANGED, mLux:29.431957 luxQueue=[29.431957, 29.431957, 29.431957, 29.431957, 29.431957, 29.431957, 29.431957, 29.431957, 29.431957, 29.431957]
01-22 19:48:40.080   954  1023 I sensors-hal-OriginChannel: wise light debug, data[2].type is 65627,data[2].sensor is 91:[120.000000,,175.000000,,6.000000,0.000000,53833773322671]
01-22 19:48:40.282   954  1023 I sensors-hal-OriginChannel: wise light debug, data[2].type is 65627,data[2].sensor is 91:[121.000000,,200.000000,,6.000000,0.000000,53833973498031]
01-22 19:48:40.480   954  1023 I sensors-hal-OriginChannel: wise light debug, data[3].type is 65627,data[3].sensor is 91:[120.000000,,200.000000,,6.000000,0.000000,53834173511257]
01-22 19:48:40.679   954  1023 I sensors-hal-OriginChannel: wise light debug, data[2].type is 65627,data[2].sensor is 91:[120.000000,,175.000000,,6.000000,0.000000,53834373318080]
01-22 19:48:40.701 12246 20835 D ShellSubscriberWorkerThread: the first 8 bytes empty, and RestData length > 8 
01-22 19:48:40.768  3134  3554 D CommonScenarios-103-10305: transportLayerQosChange TransportLayerData{link_index=34, uid=10305, uplink_srtt=0, uplink_packets=0, uplink_retrans_packets=0, uplink_retrans_rate=0, downlink_srtt=0, downlink_packets=0, downlink_retrans_packets=0, downlink_retrans_rate=0, downlink_rate=0, uplink_udp_packets=0, downlink_udp_packets=0, uplink_tcp_rate=0, uplink_udp_rate=0, downlink_tcp_rate=0, downlink_udp_rate=0}
01-22 19:48:40.769  3134  3554 D CommonScenarios-103-10305: ActiveState process message 2
01-22 19:48:40.769  3134  3554 D CommonScenarios-103-10305: ActiveState EVENT_NETWORK_KPI_CHANGE
01-22 19:48:40.769  3134  3554 D CommonScenarios-103-10305: transport layer data is invalid
01-22 19:48:40.769  3134  3554 D CommonScenarios-103-10305: ActiveState EVENT_NETWORK_KPI_CHANGE score is invalid
01-22 19:48:40.881   954  1023 I sensors-hal-OriginChannel: wise light debug, data[2].type is 65627,data[2].sensor is 91:[118.000000,,150.000000,,6.000000,0.000000,53834573754378]
01-22 19:48:40.948  1749  1914 D AES     : AEEIOCTL_GET/SET_SF_STATE IOCTL,cmd= 1074294797, lParam=0. 
01-22 19:48:40.949  1749  1914 D AES     : AEEIOCTL_RT_MON_Kick IOCTL,cmd= 2147774474, lParam=300. 
01-22 19:48:41.079   954  1023 I sensors-hal-OriginChannel: wise light debug, data[4].type is 65627,data[4].sensor is 91:[117.000000,,150.000000,,6.000000,0.000000,53834773341069]
01-22 19:48:41.281   954  1023 I sensors-hal-OriginChannel: wise light debug, data[2].type is 65627,data[2].sensor is 91:[116.000000,,200.000000,,4.000000,0.000000,53834973675930]
01-22 19:48:41.410  2434  2434 I android.hardware.wifi@1.0-service-lazy: WifiCommand::requestResponse err=-14
01-22 19:48:41.411  2434  2434 I WifiHAL : wifi_get_link_stats: result=-1
01-22 19:48:41.411  1749  2331 E WifiStaIfaceHidlImpl: getLinkLayerStatsV1_5 failed with status: {.code = ERROR_UNKNOWN, .description = unknown}
01-22 19:48:41.479   954  1023 I sensors-hal-OriginChannel: wise light debug, data[0].type is 65627,data[0].sensor is 91:[114.000000,,175.000000,,4.000000,0.000000,53835173485059]
01-22 19:48:41.480  1086  1086 I BufferQueueProducer: [StatusBar#85](this:0xb400007e9a8508f8,id:-1,api:0,p:-1,c:1086) queueBuffer: fps=0.07 dur=15140.00 max=15140.00 min=15140.00
01-22 19:48:41.579  1749  2690 E OplusNetworkStatsNative: bpfGetAppPurStatsTotal return 0
01-22 19:48:41.580  3134  3554 D OplusUidPurStatsSerivce-NAS: checkLoopProcess mLastStatsValue:0; curStats:0
01-22 19:48:41.681   954  1023 I sensors-hal-OriginChannel: wise light debug, data[2].type is 65627,data[2].sensor is 91:[115.000000,,200.000000,,6.000000,0.000000,53835373625161]
01-22 19:48:41.727  1749  2663 I Osense-BaseDecisionMaker: notifySceneToAthenaPolicy: SCENE_IDLE_RECOVER, bundle: Bundle[{scene=SCENE_IDLE_RECOVER}]
01-22 19:48:41.741  1749  2663 I Osense-BaseDecisionMaker: scene: SCENE_IDLE_RECOVER, excutingPolicy: cpn
01-22 19:48:41.742  1749  2663 D Osense-BaseDecisionMaker: invoke cpn policy
01-22 19:48:41.742  1749  2663 I Osense-BaseDecisionMaker: scene: SCENE_IDLE_RECOVER, excutingPolicy: respreload
01-22 19:48:41.742  1749  2663 D Osense-BaseDecisionMaker: invoke process preload policy
01-22 19:48:41.743  1749  2663 I Osense-BaseDecisionMaker: scene: SCENE_IDLE_RECOVER, excutingPolicy: clear
01-22 19:48:41.743  1749  2663 D Osense-BaseDecisionMaker: invoke clear policy,type: unforbid
01-22 19:48:41.743  1749  2663 I OsenseKillAction: KillAction: unhandled request: id=998, enable=true, scene=SCENE_IDLE_RECOVER, type=unforbid, cchOnly=false
01-22 19:48:41.794  3134  3554 D CommonScenarios-103-10305: transportLayerQosChange TransportLayerData{link_index=34, uid=10305, uplink_srtt=0, uplink_packets=0, uplink_retrans_packets=0, uplink_retrans_rate=0, downlink_srtt=0, downlink_packets=0, downlink_retrans_packets=0, downlink_retrans_rate=0, downlink_rate=0, uplink_udp_packets=0, downlink_udp_packets=0, uplink_tcp_rate=0, uplink_udp_rate=0, downlink_tcp_rate=0, downlink_udp_rate=0}
01-22 19:48:41.794  3134  3554 D CommonScenarios-103-10305: ActiveState process message 2
01-22 19:48:41.794  3134  3554 D CommonScenarios-103-10305: ActiveState EVENT_NETWORK_KPI_CHANGE
01-22 19:48:41.794  3134  3554 D CommonScenarios-103-10305: transport layer data is invalid
01-22 19:48:41.794  3134  3554 D CommonScenarios-103-10305: ActiveState EVENT_NETWORK_KPI_CHANGE score is invalid
01-22 19:48:41.881   954  1023 I sensors-hal-OriginChannel: wise light debug, data[4].type is 65627,data[4].sensor is 91:[115.000000,,200.000000,,6.000000,0.000000,53835573505377]
01-22 19:48:42.081   954  1023 I sensors-hal-OriginChannel: wise light debug, data[2].type is 65627,data[2].sensor is 91:[115.000000,,175.000000,,6.000000,0.000000,53835773329378]
01-22 19:48:42.220  1390  1390 I thermal_repeater: [recvMdThermalInfo] ret=29, strLen=127,  3, 31, -127, 0, 32767, 10441
01-22 19:48:42.279   954  1023 I sensors-hal-OriginChannel: wise light debug, data[2].type is 65627,data[2].sensor is 91:[114.000000,,150.000000,,6.000000,0.000000,53835973499300]
01-22 19:48:42.459 12246 13217 D ScreenStatusProducer: Current queue status: isIdle = true, isPolling = true
01-22 19:48:42.479   954  1023 I sensors-hal-OriginChannel: wise light debug, data[3].type is 65627,data[3].sensor is 91:[113.000000,,150.000000,,6.000000,0.000000,53836173306603]
01-22 19:48:42.681   954  1023 I sensors-hal-OriginChannel: wise light debug, data[2].type is 65627,data[2].sensor is 91:[112.000000,,125.000000,,4.000000,0.000000,53836373521146]
01-22 19:48:42.818  3134  3554 D CommonScenarios-103-10305: transportLayerQosChange TransportLayerData{link_index=34, uid=10305, uplink_srtt=0, uplink_packets=0, uplink_retrans_packets=0, uplink_retrans_rate=0, downlink_srtt=0, downlink_packets=0, downlink_retrans_packets=0, downlink_retrans_rate=0, downlink_rate=0, uplink_udp_packets=0, downlink_udp_packets=0, uplink_tcp_rate=0, uplink_udp_rate=0, downlink_tcp_rate=0, downlink_udp_rate=0}
01-22 19:48:42.818  3134  3554 D CommonScenarios-103-10305: ActiveState process message 2
01-22 19:48:42.818  3134  3554 D CommonScenarios-103-10305: ActiveState EVENT_NETWORK_KPI_CHANGE
01-22 19:48:42.818  3134  3554 D CommonScenarios-103-10305: transport layer data is invalid
01-22 19:48:42.818  3134  3554 D CommonScenarios-103-10305: ActiveState EVENT_NETWORK_KPI_CHANGE score is invalid
01-22 19:48:42.881   954  1023 I sensors-hal-OriginChannel: wise light debug, data[2].type is 65627,data[2].sensor is 91:[112.000000,,175.000000,,6.000000,0.000000,53836573505372]
01-22 19:48:43.081   954  1023 I sensors-hal-OriginChannel: wise light debug, data[4].type is 65627,data[4].sensor is 91:[112.000000,,150.000000,,6.000000,0.000000,53836773466074]
01-22 19:48:43.084  1749  1947 I OplusSmartBrightnessController: deltaLux = 7.9379997, scale = 1.0
01-22 19:48:43.085  1749  1949 D OplusSmartBrightnessController: handleMessage MSG_LUX_CHANGED, mLux:21.493958 luxQueue=[21.493958, 21.493958, 21.493958, 21.493958, 21.493958, 21.493958, 21.493958, 21.493958, 21.493958, 21.493958, 21.493958]
01-22 19:48:43.281   954  1023 I sensors-hal-OriginChannel: wise light debug, data[2].type is 65627,data[2].sensor is 91:[114.000000,,200.000000,,4.000000,0.000000,53836973394685]
01-22 19:48:43.480   954  1023 I sensors-hal-OriginChannel: wise light debug, data[0].type is 65627,data[0].sensor is 91:[114.000000,,125.000000,,6.000000,0.000000,53837173561445]
01-22 19:48:43.679   954  1023 I sensors-hal-OriginChannel: wise light debug, data[1].type is 65627,data[1].sensor is 91:[114.000000,,200.000000,,6.000000,0.000000,53837373541137]
01-22 19:48:43.842  3134  3554 D CommonScenarios-103-10305: transportLayerQosChange TransportLayerData{link_index=34, uid=10305, uplink_srtt=0, uplink_packets=0, uplink_retrans_packets=0, uplink_retrans_rate=0, downlink_srtt=0, downlink_packets=0, downlink_retrans_packets=0, downlink_retrans_rate=0, downlink_rate=0, uplink_udp_packets=0, downlink_udp_packets=0, uplink_tcp_rate=0, uplink_udp_rate=0, downlink_tcp_rate=0, downlink_udp_rate=0}
01-22 19:48:43.842  3134  3554 D CommonScenarios-103-10305: ActiveState process message 2
01-22 19:48:43.842  3134  3554 D CommonScenarios-103-10305: ActiveState EVENT_NETWORK_KPI_CHANGE
01-22 19:48:43.842  3134  3554 D CommonScenarios-103-10305: transport layer data is invalid
01-22 19:48:43.842  3134  3554 D CommonScenarios-103-10305: ActiveState EVENT_NETWORK_KPI_CHANGE score is invalid
01-22 19:48:43.881   954  1023 I sensors-hal-OriginChannel: wise light debug, data[4].type is 65627,data[4].sensor is 91:[113.000000,,175.000000,,4.000000,0.000000,53837573331541]
01-22 19:48:43.978  3203  3203 D AtCmdIndication: handleMessage what:1001
01-22 19:48:43.979  3203  3203 D AtCmdParser: [PHONE0]< com.oplus.telephony.AtCmdParser$2@b7d4230 urc ind:+ECSQ: 21,56,-299,1,1,-38,-337,4096,25,3
01-22 19:48:44.081   954  1023 I sensors-hal-OriginChannel: wise light debug, data[2].type is 65627,data[2].sensor is 91:[111.000000,,150.000000,,4.000000,0.000000,53837773513772]
01-22 19:48:44.281   954  1023 I sensors-hal-OriginChannel: wise light debug, data[1].type is 65627,data[1].sensor is 91:[111.000000,,175.000000,,6.000000,0.000000,53837973302598]
01-22 19:48:44.360   989  1069 D vendor.oplus.hardware.charger-V3-service: BmsAcOnline: ac_online = 0
01-22 19:48:44.360   989  1069 D vendor.oplus.hardware.charger-V3-service: BmsAcOnline: usb online and usb_type = 1.
01-22 19:48:44.360   989  1069 D vendor.oplus.hardware.charger-V3-service: BmsAcOnline: usb online and usb charging
01-22 19:48:44.441  2434  2434 I android.hardware.wifi@1.0-service-lazy: WifiCommand::requestResponse err=-14
01-22 19:48:44.441  2434  2434 I WifiHAL : wifi_get_link_stats: result=-1
01-22 19:48:44.442  1749  2331 E WifiStaIfaceHidlImpl: getLinkLayerStatsV1_5 failed with status: {.code = ERROR_UNKNOWN, .description = unknown}
01-22 19:48:44.479   954  1023 I sensors-hal-OriginChannel: wise light debug, data[4].type is 65627,data[4].sensor is 91:[111.000000,,175.000000,,4.000000,0.000000,53838173504473]
01-22 19:48:44.680   954  1023 I sensors-hal-OriginChannel: wise light debug, data[2].type is 65627,data[2].sensor is 91:[112.000000,,175.000000,,4.000000,0.000000,53838373533064]
01-22 19:48:44.780   989  1074 D vendor.oplus.hardware.charger-V3-service: read content:,299,-2740,4389,4389,0,500,2200,100,100,1,4,-1,5118,100,1,1048704,1,1,0,0,4425,0,10,0,10,0,1,0,302,0,4,2,0,0,61,61,61,0,0,0,0,0,0,0,0,0,0
01-22 19:48:44.780   989  1074 D vendor.oplus.hardware.charger-V3-service: , ret_value:138
01-22 19:48:44.781   989  1074 D vendor.oplus.hardware.charger-V3-service: gmtime: 2026-01-22-19-48-44
01-22 19:48:44.866  3134  3554 D CommonScenarios-103-10305: transportLayerQosChange TransportLayerData{link_index=34, uid=10305, uplink_srtt=0, uplink_packets=0, uplink_retrans_packets=0, uplink_retrans_rate=0, downlink_srtt=0, downlink_packets=0, downlink_retrans_packets=0, downlink_retrans_rate=0, downlink_rate=0, uplink_udp_packets=0, downlink_udp_packets=0, uplink_tcp_rate=0, uplink_udp_rate=0, downlink_tcp_rate=0, downlink_udp_rate=0}
01-22 19:48:44.866  3134  3554 D CommonScenarios-103-10305: ActiveState process message 2
01-22 19:48:44.866  3134  3554 D CommonScenarios-103-10305: ActiveState EVENT_NETWORK_KPI_CHANGE
01-22 19:48:44.866  3134  3554 D CommonScenarios-103-10305: transport layer data is invalid
01-22 19:48:44.866  3134  3554 D CommonScenarios-103-10305: ActiveState EVENT_NETWORK_KPI_CHANGE score is invalid
01-22 19:48:44.881   954  1023 I sensors-hal-OriginChannel: wise light debug, data[2].type is 65627,data[2].sensor is 91:[113.000000,,150.000000,,6.000000,0.000000,53838573296203]
01-22 19:48:45.081   954  1023 I sensors-hal-OriginChannel: wise light debug, data[4].type is 65627,data[4].sensor is 91:[112.000000,,125.000000,,4.000000,0.000000,53838773519512]
01-22 19:48:45.280   954  1023 I sensors-hal-OriginChannel: wise light debug, data[2].type is 65627,data[2].sensor is 91:[111.000000,,175.000000,,4.000000,0.000000,53838973479906]
01-22 19:48:45.283  1749  1949 D OplusSmartBrightnessController: handleMessage MSG_LUX_CHANGED, mLux:21.493958 luxQueue=[21.493958, 21.493958, 21.493958, 21.493958, 21.493958, 21.493958, 21.493958, 21.493958, 21.493958, 21.493958, 21.493958]
01-22 19:48:45.481   954  1023 I sensors-hal-OriginChannel: wise light debug, data[0].type is 65627,data[0].sensor is 91:[110.000000,,175.000000,,6.000000,0.000000,53839173384122]
01-22 19:48:45.681   954  1023 I sensors-hal-OriginChannel: wise light debug, data[2].type is 65627,data[2].sensor is 91:[110.000000,,175.000000,,4.000000,0.000000,53839373557660]
01-22 19:48:45.829  4248  4302 I midasd  : OplusObrainService::notifyEventInt eventId:21 iParam:0
01-22 19:48:45.831 12246 12392 I OplusObrain: OplusObrainClientInvoke.nativeGetTelephonyInfo
01-22 19:48:45.834 12246 12392 I OplusObrain: OplusObrainClientInvoke.nativeGetTrafficTypeInfoForNetworkType networkType 0
01-22 19:48:45.834  1749  2141 D KernelStatsHelper: getKernelStats start!
01-22 19:48:45.835  1749  2403 D OplusNetlinkSocket: handleNetlinkRecvKernelMessage:nlmsghdr:StructNlMsgHdr{ nlmsg_len{3004}, nlmsg_type{29()}, nlmsg_flags{0()}, nlmsg_seq{0}, nlmsg_pid{114624867} }
01-22 19:48:45.835  1749  2403 D KernelStatsHelper: get magic :[-1, -1, -1, 77, 65, 71, 73, 67]
01-22 19:48:45.835  1749  2403 D KernelStatsHelper: magic matched count:65 data_len:3380
01-22 19:48:45.836  1749  2403 D OplusNetlinkSocket: handleNetlinkRecvKernelMessage:nlmsghdr:StructNlMsgHdr{ nlmsg_len{440}, nlmsg_type{29()}, nlmsg_flags{0()}, nlmsg_seq{0}, nlmsg_pid{114624867} }
01-22 19:48:45.836  1749  2403 D KernelStatsHelper: data over! check: true
01-22 19:48:45.874 12246 12392 E MIDASApplication: PackageManagerUtil: getAudioPackageList err android.content.pm.PackageManager$NameNotFoundException: Others
01-22 19:48:45.876 12246 12392 E MIDASApplication: PackageManagerUtil: getAudioPackageList err android.content.pm.PackageManager$NameNotFoundException: Others
01-22 19:48:45.879   954  1023 I sensors-hal-OriginChannel: wise light debug, data[4].type is 65627,data[4].sensor is 91:[111.000000,,200.000000,,6.000000,0.000000,53839573532530]
01-22 19:48:45.888  3134  3554 D CommonScenarios-103-10305: transportLayerQosChange TransportLayerData{link_index=34, uid=10305, uplink_srtt=0, uplink_packets=0, uplink_retrans_packets=0, uplink_retrans_rate=0, downlink_srtt=0, downlink_packets=0, downlink_retrans_packets=0, downlink_retrans_rate=0, downlink_rate=0, uplink_udp_packets=0, downlink_udp_packets=0, uplink_tcp_rate=0, uplink_udp_rate=0, downlink_tcp_rate=0, downlink_udp_rate=0}
01-22 19:48:45.889  3134  3554 D CommonScenarios-103-10305: ActiveState process message 2
01-22 19:48:45.889  3134  3554 D CommonScenarios-103-10305: ActiveState EVENT_NETWORK_KPI_CHANGE
01-22 19:48:45.889  3134  3554 D CommonScenarios-103-10305: transport layer data is invalid
01-22 19:48:45.889  3134  3554 D CommonScenarios-103-10305: ActiveState EVENT_NETWORK_KPI_CHANGE score is invalid
01-22 19:48:46.080   954  1023 I sensors-hal-OriginChannel: wise light debug, data[1].type is 65627,data[1].sensor is 91:[110.000000,,175.000000,,4.000000,0.000000,53839773619304]
01-22 19:48:46.082  1086  4132 D SurfaceFlinger: captureDisplay from pid 1086 uid -1 display 4627039422300187648
01-22 19:48:46.281   954  1023 I sensors-hal-OriginChannel: wise light debug, data[2].type is 65627,data[2].sensor is 91:[111.000000,,125.000000,,4.000000,0.000000,53839973303233]
01-22 19:48:46.345 10082 30962 E Oms-SDK.: [WearableApiManager]Service---->true
01-22 19:48:46.349  1749  2141 W ActivityManager: Unable to start service Intent { act=com.heytap.wearable.oms.SERVICE pkg=com.heytap.health mCallingUid=10099 } U=0: not found
01-22 19:48:46.480   954  1023 I sensors-hal-OriginChannel: wise light debug, data[4].type is 65627,data[4].sensor is 91:[112.000000,,175.000000,,6.000000,0.000000,53840173504786]
01-22 19:48:46.681   954  1023 I sensors-hal-OriginChannel: wise light debug, data[2].type is 65627,data[2].sensor is 91:[112.000000,,150.000000,,6.000000,0.000000,53840373313166]
01-22 19:48:46.881   954  1023 I sensors-hal-OriginChannel: wise light debug, data[2].type is 65627,data[2].sensor is 91:[112.000000,,150.000000,,4.000000,0.000000,53840573510934]
01-22 19:48:46.914  3134  3554 D CommonScenarios-103-10305: transportLayerQosChange TransportLayerData{link_index=34, uid=10305, uplink_srtt=0, uplink_packets=0, uplink_retrans_packets=0, uplink_retrans_rate=0, downlink_srtt=0, downlink_packets=0, downlink_retrans_packets=0, downlink_retrans_rate=0, downlink_rate=0, uplink_udp_packets=0, downlink_udp_packets=0, uplink_tcp_rate=0, uplink_udp_rate=0, downlink_tcp_rate=0, downlink_udp_rate=0}
01-22 19:48:46.914  3134  3554 D CommonScenarios-103-10305: ActiveState process message 2
01-22 19:48:46.914  3134  3554 D CommonScenarios-103-10305: ActiveState EVENT_NETWORK_KPI_CHANGE
01-22 19:48:46.914  3134  3554 D CommonScenarios-103-10305: transport layer data is invalid
01-22 19:48:46.914  3134  3554 D CommonScenarios-103-10305: ActiveState EVENT_NETWORK_KPI_CHANGE score is invalid
01-22 19:48:47.080   954  1023 I sensors-hal-OriginChannel: wise light debug, data[4].type is 65627,data[4].sensor is 91:[111.000000,,200.000000,,4.000000,0.000000,53840773518320]
01-22 19:48:47.281   954  1023 I sensors-hal-OriginChannel: wise light debug, data[1].type is 65627,data[1].sensor is 91:[112.000000,,175.000000,,6.000000,0.000000,53840973299939]
01-22 19:48:47.465  2434  2434 I android.hardware.wifi@1.0-service-lazy: WifiCommand::requestResponse err=-14
01-22 19:48:47.466  2434  2434 I WifiHAL : wifi_get_link_stats: result=-1
01-22 19:48:47.466  1749  2331 E WifiStaIfaceHidlImpl: getLinkLayerStatsV1_5 failed with status: {.code = ERROR_UNKNOWN, .description = unknown}
01-22 19:48:47.480   954  1023 I sensors-hal-OriginChannel: wise light debug, data[0].type is 65627,data[0].sensor is 91:[112.000000,,175.000000,,6.000000,0.000000,53841173658400]
01-22 19:48:47.530  1086  1086 I BufferQueueProducer: [StatusBar#85](this:0xb400007e9a8508f8,id:-1,api:0,p:-1,c:1086) queueBuffer: fps=0.17 dur=6049.90 max=6049.90 min=6049.90
01-22 19:48:47.679   954  1023 I sensors-hal-OriginChannel: wise light debug, data[2].type is 65627,data[2].sensor is 91:[113.000000,,175.000000,,6.000000,0.000000,53841373368881]
01-22 19:48:47.680   954  1021 W AString : ctor got NULL, using empty string instead
01-22 19:48:47.680   954  1021 I sensors-hal-SensorSavedChannel: [5376,2077,-409]==>gyro_bias.json
01-22 19:48:47.881   954  1023 I sensors-hal-OriginChannel: wise light debug, data[3].type is 65627,data[3].sensor is 91:[112.000000,,175.000000,,4.000000,0.000000,53841573766333]
01-22 19:48:47.938  3134  3554 D CommonScenarios-103-10305: transportLayerQosChange TransportLayerData{link_index=34, uid=10305, uplink_srtt=0, uplink_packets=0, uplink_retrans_packets=0, uplink_retrans_rate=0, downlink_srtt=0, downlink_packets=0, downlink_retrans_packets=0, downlink_retrans_rate=0, downlink_rate=0, uplink_udp_packets=0, downlink_udp_packets=0, uplink_tcp_rate=0, uplink_udp_rate=0, downlink_tcp_rate=0, downlink_udp_rate=0}
01-22 19:48:47.938  3134  3554 D CommonScenarios-103-10305: ActiveState process message 2
01-22 19:48:47.938  3134  3554 D CommonScenarios-103-10305: ActiveState EVENT_NETWORK_KPI_CHANGE
01-22 19:48:47.938  3134  3554 D CommonScenarios-103-10305: transport layer data is invalid
01-22 19:48:47.938  3134  3554 D CommonScenarios-103-10305: ActiveState EVENT_NETWORK_KPI_CHANGE score is invalid
01-22 19:48:48.081   954  1023 I sensors-hal-OriginChannel: wise light debug, data[2].type is 65627,data[2].sensor is 91:[112.000000,,175.000000,,6.000000,0.000000,53841773455872]
01-22 19:48:48.281   954  1023 I sensors-hal-OriginChannel: wise light debug, data[2].type is 65627,data[2].sensor is 91:[110.000000,,175.000000,,6.000000,0.000000,53841973516185]
01-22 19:48:48.479   954  1023 I sensors-hal-OriginChannel: wise light debug, data[4].type is 65627,data[4].sensor is 91:[108.000000,,175.000000,,6.000000,0.000000,53842173526127]
01-22 19:48:48.482  1749  1947 I OplusSmartBrightnessController: deltaLux = 0.56700134, scale = 1.0
01-22 19:48:48.483  1749  1949 D OplusSmartBrightnessController: handleMessage MSG_LUX_CHANGED, mLux:20.926956 luxQueue=[20.926956, 20.926956, 20.926956, 20.926956, 20.926956, 20.926956, 20.926956, 20.926956, 20.926956, 20.926956, 20.926956, 20.926956]
01-22 19:48:48.637  1086  2192 E SurfaceFlinger: midas  refreshRate = 60
01-22 19:48:48.681   954  1023 I sensors-hal-OriginChannel: wise light debug, data[2].type is 65627,data[2].sensor is 91:[104.000000,,150.000000,,4.000000,0.000000,53842373316892]
01-22 19:48:48.879   954  1023 I sensors-hal-OriginChannel: wise light debug, data[2].type is 65627,data[2].sensor is 91:[109.000000,,150.000000,,6.000000,0.000000,53842573147949]
01-22 19:48:48.960  3134  3554 D CommonScenarios-103-10305: transportLayerQosChange TransportLayerData{link_index=34, uid=10305, uplink_srtt=0, uplink_packets=0, uplink_retrans_packets=0, uplink_retrans_rate=0, downlink_srtt=0, downlink_packets=0, downlink_retrans_packets=0, downlink_retrans_rate=0, downlink_rate=0, uplink_udp_packets=0, downlink_udp_packets=0, uplink_tcp_rate=0, uplink_udp_rate=0, downlink_tcp_rate=0, downlink_udp_rate=0}
01-22 19:48:48.961  3134  3554 D CommonScenarios-103-10305: ActiveState process message 2
01-22 19:48:48.961  3134  3554 D CommonScenarios-103-10305: ActiveState EVENT_NETWORK_KPI_CHANGE
01-22 19:48:48.961  3134  3554 D CommonScenarios-103-10305: transport layer data is invalid
01-22 19:48:48.961  3134  3554 D CommonScenarios-103-10305: ActiveState EVENT_NETWORK_KPI_CHANGE score is invalid
01-22 19:48:49.079   954  1023 I sensors-hal-OriginChannel: wise light debug, data[3].type is 65627,data[3].sensor is 91:[111.000000,,175.000000,,4.000000,0.000000,53842773347367]
01-22 19:48:49.099  3203  3203 D AtCmdIndication: handleMessage what:1001
01-22 19:48:49.099  3203  3203 D AtCmdParser: [PHONE0]< com.oplus.telephony.AtCmdParser$2@b7d4230 urc ind:+ECSQ: 20,57,-294,1,1,-39,-333,4096,23,3
01-22 19:48:49.281   954  1023 I sensors-hal-OriginChannel: wise light debug, data[2].type is 65627,data[2].sensor is 91:[109.000000,,125.000000,,4.000000,0.000000,53842973503079]
01-22 19:48:49.480   954  1023 I sensors-hal-OriginChannel: wise light debug, data[0].type is 65627,data[0].sensor is 91:[109.000000,,75.000000,,4.000000,0.000000,53843173315992]
01-22 19:48:49.681   954  1023 I sensors-hal-OriginChannel: wise light debug, data[2].type is 65627,data[2].sensor is 91:[117.000000,,125.000000,,16.000000,0.000000,53843373835281]
01-22 19:48:49.783   989  1074 D vendor.oplus.hardware.charger-V3-service: read content:,299,-2740,4389,4389,0,500,2200,100,100,1,4,-1,5118,100,1,1048704,1,1,0,0,4425,0,10,0,10,0,1,0,302,0,4,2,0,0,61,61,61,0,0,0,0,0,0,0,0,0,0
01-22 19:48:49.783   989  1074 D vendor.oplus.hardware.charger-V3-service: , ret_value:138
01-22 19:48:49.784   989  1074 D vendor.oplus.hardware.charger-V3-service: gmtime: 2026-01-22-19-48-49
01-22 19:48:49.881   954  1023 I sensors-hal-OriginChannel: wise light debug, data[3].type is 65627,data[3].sensor is 91:[129.000000,,100.000000,,17.000000,0.000000,53843573439579]
01-22 19:48:49.985  3134  3554 D CommonScenarios-103-10305: transportLayerQosChange TransportLayerData{link_index=34, uid=10305, uplink_srtt=0, uplink_packets=0, uplink_retrans_packets=0, uplink_retrans_rate=0, downlink_srtt=0, downlink_packets=0, downlink_retrans_packets=0, downlink_retrans_rate=0, downlink_rate=0, uplink_udp_packets=0, downlink_udp_packets=0, uplink_tcp_rate=0, uplink_udp_rate=0, downlink_tcp_rate=0, downlink_udp_rate=0}
01-22 19:48:49.985  3134  3554 D CommonScenarios-103-10305: ActiveState process message 2
01-22 19:48:49.985  3134  3554 D CommonScenarios-103-10305: ActiveState EVENT_NETWORK_KPI_CHANGE
01-22 19:48:49.985  3134  3554 D CommonScenarios-103-10305: transport layer data is invalid
01-22 19:48:49.985  3134  3554 D CommonScenarios-103-10305: ActiveState EVENT_NETWORK_KPI_CHANGE score is invalid
01-22 19:48:50.081   954  1023 I sensors-hal-OriginChannel: wise light debug, data[2].type is 65627,data[2].sensor is 91:[133.000000,,200.000000,,16.000000,0.000000,53843773769819]
01-22 19:48:50.192   989  1069 D vendor.oplus.hardware.charger-V3-service: BmsAcOnline: ac_online = 0
