01-22 19:49:58.593  3134  3554 D CommonScenarios-103-10305: ActiveState EVENT_NETWORK_KPI_CHANGE
01-22 19:49:58.593  3134  3554 D CommonScenarios-103-10305: transport layer data is invalid
01-22 19:49:58.593  3134  3554 D CommonScenarios-103-10305: ActiveState EVENT_NETWORK_KPI_CHANGE score is invalid
01-22 19:49:58.681   954  1023 I sensors-hal-OriginChannel: wise light debug, data[2].type is 65627,data[2].sensor is 91:[71.000000,,175.000000,,6.000000,0.000000,53912373672881]
01-22 19:49:58.881   954  1023 I sensors-hal-OriginChannel: wise light debug, data[4].type is 65627,data[4].sensor is 91:[72.000000,,175.000000,,3.000000,0.000000,53912573489247]
01-22 19:49:59.081   954  1023 I sensors-hal-OriginChannel: wise light debug, data[1].type is 65627,data[1].sensor is 91:[75.000000,,150.000000,,6.000000,0.000000,53912773333165]
01-22 19:49:59.119  1749  2447 D OplusNetKit: in getLpByInterface name from LP: [wlan0]
01-22 19:49:59.127  1749  2447 D TrafficStats: tagSocket(298) with statsTag=0xffffffff, statsUid=-1
01-22 19:49:59.133  1749  2447 D OplusNetRttKit: getIcmpEchoRtt each addr:192.168.0.1 Rtt: 6
01-22 19:49:59.133  1749  2447 D TrafficStats: tagSocket(298) with statsTag=0xffffffff, statsUid=-1
01-22 19:49:59.137  1749  2447 D OplusNetRttKit: getIcmpEchoRtt each addr:192.168.0.1 Rtt: 4
01-22 19:49:59.137  1749  2447 D TrafficStats: tagSocket(298) with statsTag=0xffffffff, statsUid=-1
01-22 19:49:59.142  1749  2447 D OplusNetRttKit: getIcmpEchoRtt each addr:192.168.0.1 Rtt: 5
01-22 19:49:59.142  1749  2447 D OplusNetRttKit: getIcmpEchoRtt addr:192.168.0.1 avgRtt: 5
01-22 19:49:59.281   954  1023 I sensors-hal-OriginChannel: wise light debug, data[2].type is 65627,data[2].sensor is 91:[73.000000,,175.000000,,6.000000,0.000000,53912973496223]
01-22 19:49:59.482   954  1023 I sensors-hal-OriginChannel: wise light debug, data[0].type is 65627,data[0].sensor is 91:[85.000000,,75.000000,,5.000000,0.000000,53913173316785]
01-22 19:49:59.618  3134  3554 D CommonScenarios-103-10305: transportLayerQosChange TransportLayerData{link_index=34, uid=10305, uplink_srtt=0, uplink_packets=0, uplink_retrans_packets=0, uplink_retrans_rate=0, downlink_srtt=0, downlink_packets=0, downlink_retrans_packets=0, downlink_retrans_rate=0, downlink_rate=0, uplink_udp_packets=0, downlink_udp_packets=0, uplink_tcp_rate=0, uplink_udp_rate=0, downlink_tcp_rate=0, downlink_udp_rate=0}
01-22 19:49:59.618  3134  3554 D CommonScenarios-103-10305: ActiveState process message 2
01-22 19:49:59.618  3134  3554 D CommonScenarios-103-10305: ActiveState EVENT_NETWORK_KPI_CHANGE
01-22 19:49:59.618  3134  3554 D CommonScenarios-103-10305: transport layer data is invalid
01-22 19:49:59.618  3134  3554 D CommonScenarios-103-10305: ActiveState EVENT_NETWORK_KPI_CHANGE score is invalid
01-22 19:49:59.681   954  1023 I sensors-hal-OriginChannel: wise light debug, data[3].type is 65627,data[3].sensor is 91:[89.000000,,200.000000,,22.000000,0.000000,53913373532775]
01-22 19:49:59.684  1749  1947 I OplusSmartBrightnessController: deltaLux = 0.24708366, scale = 1.162395
01-22 19:49:59.685  1749  1949 D OplusSmartBrightnessController: handleMessage MSG_LUX_CHANGED, mLux:13.485143 luxQueue=[13.697706, 13.697706, 13.697706, 13.343331, 13.343331, 13.343331, 13.343331, 13.343331, 13.343331, 13.343331]
01-22 19:49:59.813   989  1074 D vendor.oplus.hardware.charger-V3-service: read content:,299,-2740,4389,4389,0,500,2200,100,100,1,4,-1,5112,100,1,1048704,1,1,0,0,4425,0,10,0,10,0,1,0,302,0,4,2,0,0,61,61,61,0,0,0,0,0,0,0,0,0,0
01-22 19:49:59.813   989  1074 D vendor.oplus.hardware.charger-V3-service: , ret_value:138
01-22 19:49:59.814   989  1074 D vendor.oplus.hardware.charger-V3-service: gmtime: 2026-01-22-19-49-59
01-22 19:49:59.881   954  1023 I sensors-hal-OriginChannel: wise light debug, data[2].type is 65627,data[2].sensor is 91:[98.000000,,175.000000,,20.000000,0.000000,53913573299501]
01-22 19:49:59.998  2434  2434 I android.hardware.wifi@1.0-service-lazy: WifiCommand::requestResponse err=-14
01-22 19:49:59.999  2434  2434 I WifiHAL : wifi_get_link_stats: result=-1
01-22 19:50:00.000  1749  2331 E WifiStaIfaceHidlImpl: getLinkLayerStatsV1_5 failed with status: {.code = ERROR_UNKNOWN, .description = unknown}
01-22 19:50:00.000  1749  2190 V AlarmManager: sending alarm Alarm{dc67d9b type 3 origWhen 53913695 whenElapsed 53913695 android} uid 1000 whenElapsed 53913695 windowLength 0 maxWhenElapsed 53913695 repeatInterval 0 action null component null tag TIME_TICK flags 0x9 procName system_server
01-22 19:50:00.012  3203  3203 D SubsysBroadcastManager: onReceive action:android.intent.action.TIME_TICK
01-22 19:50:00.013  5050  5090 D PhoneUsageTime: affairType:231
01-22 19:50:00.022  5050  5090 D PhoneScreenOnTime: affairType:231
01-22 19:50:00.030  2593  2593 I SystemUi--Keyguard: KeyguardUtils-->density is 0 sInitialDisplayDensity:480
01-22 19:50:00.047  1096  1106 D ccci_mdinit: (1):monitor_time_update_thread round:1383 ########
01-22 19:50:00.061  2593  2593 D SingleClockView: updateTime,  24hfmt=true, h=19, m=50
01-22 19:50:00.064  1086  1086 I BufferQueueProducer: [StatusBar#85](this:0xb400007e9a8508f8,id:-1,api:0,p:-1,c:1086) queueBuffer: fps=0.26 dur=3783.36 max=3783.36 min=3783.36
01-22 19:50:00.069  2593  2593 D SingleClockView: updateTime,  24hfmt=true, h=19, m=50
01-22 19:50:00.074  1749  2650 E OplusCustomizeRestrictionManagerService: isBiometricDisabled start
01-22 19:50:00.079   954  1023 I sensors-hal-OriginChannel: wise light debug, data[2].type is 65627,data[2].sensor is 91:[98.000000,,200.000000,,5.000000,0.000000,53913773075491]
01-22 19:50:00.089  2593  2593 I SystemUi--Keyguard: KeyguardUtils-->density is 0 sInitialDisplayDensity:480
01-22 19:50:00.102  2593  2593 I SystemUi--Keyguard: KeyguardUtils-->density is 0 sInitialDisplayDensity:480
01-22 19:50:00.281   954  1023 I sensors-hal-OriginChannel: wise light debug, data[4].type is 65627,data[4].sensor is 91:[94.000000,,150.000000,,5.000000,0.000000,53913973518583]
01-22 19:50:00.481   954  1023 I sensors-hal-OriginChannel: wise light debug, data[2].type is 65627,data[2].sensor is 91:[88.000000,,100.000000,,5.000000,0.000000,53914173478896]
01-22 19:50:00.642  3134  3554 D CommonScenarios-103-10305: transportLayerQosChange TransportLayerData{link_index=34, uid=10305, uplink_srtt=0, uplink_packets=0, uplink_retrans_packets=0, uplink_retrans_rate=0, downlink_srtt=0, downlink_packets=0, downlink_retrans_packets=0, downlink_retrans_rate=0, downlink_rate=0, uplink_udp_packets=0, downlink_udp_packets=0, uplink_tcp_rate=0, uplink_udp_rate=0, downlink_tcp_rate=0, downlink_udp_rate=0}
01-22 19:50:00.642  3134  3554 D CommonScenarios-103-10305: ActiveState process message 2
01-22 19:50:00.642  3134  3554 D CommonScenarios-103-10305: ActiveState EVENT_NETWORK_KPI_CHANGE
01-22 19:50:00.642  3134  3554 D CommonScenarios-103-10305: transport layer data is invalid
01-22 19:50:00.642  3134  3554 D CommonScenarios-103-10305: ActiveState EVENT_NETWORK_KPI_CHANGE score is invalid
01-22 19:50:00.681   954  1023 I sensors-hal-OriginChannel: wise light debug, data[2].type is 65627,data[2].sensor is 91:[88.000000,,200.000000,,5.000000,0.000000,53914373558564]
01-22 19:50:00.780  3203  3203 D AtCmdIndication: handleMessage what:1001
01-22 19:50:00.781  3203  3203 D AtCmdParser: [PHONE0]< com.oplus.telephony.AtCmdParser$2@b7d4230 urc ind:+ECSQ: 20,58,-291,1,1,-39,-330,4096,18,3
01-22 19:50:00.881   954  1023 I sensors-hal-OriginChannel: wise light debug, data[3].type is 65627,data[3].sensor is 91:[87.000000,,175.000000,,8.000000,0.000000,53914573159506]
01-22 19:50:01.081   954  1023 I sensors-hal-OriginChannel: wise light debug, data[2].type is 65627,data[2].sensor is 91:[85.000000,,200.000000,,5.000000,0.000000,53914773516492]
01-22 19:50:01.281   954  1023 I sensors-hal-OriginChannel: wise light debug, data[2].type is 65627,data[2].sensor is 91:[85.000000,,175.000000,,5.000000,0.000000,53914973288395]
01-22 19:50:01.481   954  1023 I sensors-hal-OriginChannel: wise light debug, data[0].type is 65627,data[0].sensor is 91:[84.000000,,150.000000,,5.000000,0.000000,53915173509698]
01-22 19:50:01.610  1749  2650 E OplusNetworkStatsNative: bpfGetAppPurStatsTotal return 0
01-22 19:50:01.611  3134  3554 D OplusUidPurStatsSerivce-NAS: checkLoopProcess mLastStatsValue:0; curStats:0
01-22 19:50:01.666  3134  3554 D CommonScenarios-103-10305: transportLayerQosChange TransportLayerData{link_index=34, uid=10305, uplink_srtt=0, uplink_packets=0, uplink_retrans_packets=0, uplink_retrans_rate=0, downlink_srtt=0, downlink_packets=0, downlink_retrans_packets=0, downlink_retrans_rate=0, downlink_rate=0, uplink_udp_packets=0, downlink_udp_packets=0, uplink_tcp_rate=0, uplink_udp_rate=0, downlink_tcp_rate=0, downlink_udp_rate=0}
01-22 19:50:01.666  3134  3554 D CommonScenarios-103-10305: ActiveState process message 2
01-22 19:50:01.666  3134  3554 D CommonScenarios-103-10305: ActiveState EVENT_NETWORK_KPI_CHANGE
01-22 19:50:01.666  3134  3554 D CommonScenarios-103-10305: transport layer data is invalid
01-22 19:50:01.666  3134  3554 D CommonScenarios-103-10305: ActiveState EVENT_NETWORK_KPI_CHANGE score is invalid
01-22 19:50:01.681   954  1023 I sensors-hal-OriginChannel: wise light debug, data[3].type is 65627,data[3].sensor is 91:[83.000000,,150.000000,,6.000000,0.000000,53915373522318]
01-22 19:50:01.684  1749  1947 I OplusSmartBrightnessController: deltaLux = 0.14181137, scale = 1.0
01-22 19:50:01.685  1749  1949 D OplusSmartBrightnessController: handleMessage MSG_LUX_CHANGED, mLux:13.343331 luxQueue=[13.343331, 13.343331, 13.343331, 13.343331, 13.343331, 13.343331, 13.343331, 13.343331, 13.343331, 13.343331]
01-22 19:50:01.730  1749  2663 I Osense-BaseDecisionMaker: notifySceneToAthenaPolicy: SCENE_IDLE_RECOVER, bundle: Bundle[{scene=SCENE_IDLE_RECOVER}]
01-22 19:50:01.747  1749  2663 I Osense-BaseDecisionMaker: scene: SCENE_IDLE_RECOVER, excutingPolicy: cpn
01-22 19:50:01.747  1749  2663 D Osense-BaseDecisionMaker: invoke cpn policy
01-22 19:50:01.747  1749  2663 I Osense-BaseDecisionMaker: scene: SCENE_IDLE_RECOVER, excutingPolicy: respreload
01-22 19:50:01.748  1749  2663 D Osense-BaseDecisionMaker: invoke process preload policy
01-22 19:50:01.748  1749  2663 I Osense-BaseDecisionMaker: scene: SCENE_IDLE_RECOVER, excutingPolicy: clear
01-22 19:50:01.748  1749  2663 D Osense-BaseDecisionMaker: invoke clear policy,type: unforbid
01-22 19:50:01.749  1749  2663 I OsenseKillAction: KillAction: unhandled request: id=1002, enable=true, scene=SCENE_IDLE_RECOVER, type=unforbid, cchOnly=false
01-22 19:50:01.881   954  1023 I sensors-hal-OriginChannel: wise light debug, data[2].type is 65627,data[2].sensor is 91:[85.000000,,175.000000,,20.000000,0.000000,53915573349717]
01-22 19:50:02.079   954  1023 I sensors-hal-OriginChannel: wise light debug, data[2].type is 65627,data[2].sensor is 91:[85.000000,,150.000000,,8.000000,0.000000,53915773513958]
