01-22 19:49:38.681   954  1023 I sensors-hal-OriginChannel: wise light debug, data[2].type is 65627,data[2].sensor is 91:[62.000000,,200.000000,,8.000000,0.000000,53892373564111]
01-22 19:49:38.815  2434  2434 I android.hardware.wifi@1.0-service-lazy: WifiCommand::requestResponse err=-14
01-22 19:49:38.816  2434  2434 I WifiHAL : wifi_get_link_stats: result=-1
01-22 19:49:38.817  1749  2331 E WifiStaIfaceHidlImpl: getLinkLayerStatsV1_5 failed with status: {.code = ERROR_UNKNOWN, .description = unknown}
01-22 19:49:38.881   954  1023 I sensors-hal-OriginChannel: wise light debug, data[3].type is 65627,data[3].sensor is 91:[68.000000,,175.000000,,11.000000,0.000000,53892573480938]
01-22 19:49:39.081   954  1023 I sensors-hal-OriginChannel: wise light debug, data[2].type is 65627,data[2].sensor is 91:[70.000000,,75.000000,,7.000000,0.000000,53892773523755]
01-22 19:49:39.136  3134  3554 D CommonScenarios-103-10305: transportLayerQosChange TransportLayerData{link_index=34, uid=10305, uplink_srtt=0, uplink_packets=0, uplink_retrans_packets=0, uplink_retrans_rate=0, downlink_srtt=0, downlink_packets=0, downlink_retrans_packets=0, downlink_retrans_rate=0, downlink_rate=0, uplink_udp_packets=0, downlink_udp_packets=0, uplink_tcp_rate=0, uplink_udp_rate=0, downlink_tcp_rate=0, downlink_udp_rate=0}
01-22 19:49:39.137  3134  3554 D CommonScenarios-103-10305: ActiveState process message 2
01-22 19:49:39.137  3134  3554 D CommonScenarios-103-10305: ActiveState EVENT_NETWORK_KPI_CHANGE
01-22 19:49:39.137  3134  3554 D CommonScenarios-103-10305: transport layer data is invalid
01-22 19:49:39.137  3134  3554 D CommonScenarios-103-10305: ActiveState EVENT_NETWORK_KPI_CHANGE score is invalid
01-22 19:49:39.281   954  1023 I sensors-hal-OriginChannel: wise light debug, data[2].type is 65627,data[2].sensor is 91:[69.000000,,100.000000,,3.000000,0.000000,53892973323679]
01-22 19:49:39.481   954  1023 I sensors-hal-OriginChannel: wise light debug, data[0].type is 65627,data[0].sensor is 91:[70.000000,,150.000000,,7.000000,0.000000,53893173503712]
01-22 19:49:39.681   954  1023 I sensors-hal-OriginChannel: wise light debug, data[4].type is 65627,data[4].sensor is 91:[72.000000,,125.000000,,10.000000,0.000000,53893373280703]
01-22 19:49:39.806   989  1074 D vendor.oplus.hardware.charger-V3-service: read content:,299,-2740,4390,4390,0,500,2200,100,100,1,4,-1,5112,100,1,1048704,1,1,0,0,4425,0,10,0,10,0,1,0,301,0,4,2,0,0,61,61,61,0,0,0,0,0,0,0,0,0,0
01-22 19:49:39.806   989  1074 D vendor.oplus.hardware.charger-V3-service: , ret_value:138
01-22 19:49:39.806   989  1074 D vendor.oplus.hardware.charger-V3-service: gmtime: 2026-01-22-19-49-39
01-22 19:49:39.880   954  1023 I sensors-hal-OriginChannel: wise light debug, data[2].type is 65627,data[2].sensor is 91:[78.000000,,150.000000,,22.000000,0.000000,53893573303044]
01-22 19:49:40.080   954  1023 I sensors-hal-OriginChannel: wise light debug, data[2].type is 65627,data[2].sensor is 91:[77.000000,,200.000000,,3.000000,0.000000,53893773524650]
01-22 19:49:40.083  1749  1947 I OplusSmartBrightnessController: deltaLux = 2.2679996, scale = 1.0
01-22 19:49:40.084  1749  1949 D OplusSmartBrightnessController: handleMessage MSG_LUX_CHANGED, mLux:11.287957 luxQueue=[11.287957, 11.287957, 11.287957, 11.287957, 11.287957, 11.287957, 11.287957, 11.287957, 11.287957, 11.287957, 11.287957]
01-22 19:49:40.162  3134  3554 D CommonScenarios-103-10305: transportLayerQosChange TransportLayerData{link_index=34, uid=10305, uplink_srtt=0, uplink_packets=0, uplink_retrans_packets=0, uplink_retrans_rate=0, downlink_srtt=0, downlink_packets=0, downlink_retrans_packets=0, downlink_retrans_rate=0, downlink_rate=0, uplink_udp_packets=0, downlink_udp_packets=0, uplink_tcp_rate=0, uplink_udp_rate=0, downlink_tcp_rate=0, downlink_udp_rate=0}
01-22 19:49:40.162  3134  3554 D CommonScenarios-103-10305: ActiveState process message 2
01-22 19:49:40.162  3134  3554 D CommonScenarios-103-10305: ActiveState EVENT_NETWORK_KPI_CHANGE
01-22 19:49:40.162  3134  3554 D CommonScenarios-103-10305: transport layer data is invalid
01-22 19:49:40.162  3134  3554 D CommonScenarios-103-10305: ActiveState EVENT_NETWORK_KPI_CHANGE score is invalid
01-22 19:49:40.281   954  1023 I sensors-hal-OriginChannel: wise light debug, data[4].type is 65627,data[4].sensor is 91:[77.000000,,175.000000,,6.000000,0.000000,53893972880871]
01-22 19:49:40.298  3203  3203 D AtCmdIndication: handleMessage what:1001
01-22 19:49:40.298  3203  3203 D AtCmdParser: [PHONE0]< com.oplus.telephony.AtCmdParser$2@b7d4230 urc ind:+ECSQ: 16,55,-296,1,1,-48,-344,4096,8,3
01-22 19:49:40.480   954  1023 I sensors-hal-OriginChannel: wise light debug, data[2].type is 65627,data[2].sensor is 91:[68.000000,,150.000000,,3.000000,0.000000,53894173538077]
01-22 19:49:40.681   954  1023 I sensors-hal-OriginChannel: wise light debug, data[1].type is 65627,data[1].sensor is 91:[76.000000,,100.000000,,22.000000,0.000000,53894373488904]
01-22 19:49:40.882   954  1023 I sensors-hal-OriginChannel: wise light debug, data[4].type is 65627,data[4].sensor is 91:[78.000000,,175.000000,,6.000000,0.000000,53894573526361]
01-22 19:49:40.955  1749  1914 D AES     : AEEIOCTL_GET/SET_SF_STATE IOCTL,cmd= 1074294797, lParam=0. 
01-22 19:49:40.956  1749  1914 D AES     : AEEIOCTL_RT_MON_Kick IOCTL,cmd= 2147774474, lParam=300. 
01-22 19:49:41.081   954  1023 I sensors-hal-OriginChannel: wise light debug, data[2].type is 65627,data[2].sensor is 91:[77.000000,,175.000000,,6.000000,0.000000,53894773656803]
01-22 19:49:41.186  3134  3554 D CommonScenarios-103-10305: transportLayerQosChange TransportLayerData{link_index=34, uid=10305, uplink_srtt=0, uplink_packets=0, uplink_retrans_packets=0, uplink_retrans_rate=0, downlink_srtt=0, downlink_packets=0, downlink_retrans_packets=0, downlink_retrans_rate=0, downlink_rate=0, uplink_udp_packets=0, downlink_udp_packets=0, uplink_tcp_rate=0, uplink_udp_rate=0, downlink_tcp_rate=0, downlink_udp_rate=0}
01-22 19:49:41.186  3134  3554 D CommonScenarios-103-10305: ActiveState process message 2
01-22 19:49:41.186  3134  3554 D CommonScenarios-103-10305: ActiveState EVENT_NETWORK_KPI_CHANGE
01-22 19:49:41.186  3134  3554 D CommonScenarios-103-10305: transport layer data is invalid
01-22 19:49:41.186  3134  3554 D CommonScenarios-103-10305: ActiveState EVENT_NETWORK_KPI_CHANGE score is invalid
01-22 19:49:41.281   954  1023 I sensors-hal-OriginChannel: wise light debug, data[2].type is 65627,data[2].sensor is 91:[77.000000,,150.000000,,6.000000,0.000000,53894973298405]
01-22 19:49:41.481   954  1023 I sensors-hal-OriginChannel: wise light debug, data[0].type is 65627,data[0].sensor is 91:[77.000000,,200.000000,,3.000000,0.000000,53895173507861]
01-22 19:49:41.604  1749  2689 E OplusNetworkStatsNative: bpfGetAppPurStatsTotal return 0
01-22 19:49:41.605  3134  3554 D OplusUidPurStatsSerivce-NAS: checkLoopProcess mLastStatsValue:0; curStats:0
01-22 19:49:41.680   954  1023 I sensors-hal-OriginChannel: wise light debug, data[4].type is 65627,data[4].sensor is 91:[77.000000,,125.000000,,6.000000,0.000000,53895373322409]
01-22 19:49:41.730  1749  2663 I Osense-BaseDecisionMaker: notifySceneToAthenaPolicy: SCENE_IDLE_RECOVER, bundle: Bundle[{scene=SCENE_IDLE_RECOVER}]
01-22 19:49:41.745  1749  2663 I Osense-BaseDecisionMaker: scene: SCENE_IDLE_RECOVER, excutingPolicy: cpn
01-22 19:49:41.745  1749  2663 D Osense-BaseDecisionMaker: invoke cpn policy
01-22 19:49:41.745  1749  2663 I Osense-BaseDecisionMaker: scene: SCENE_IDLE_RECOVER, excutingPolicy: respreload
01-22 19:49:41.746  1749  2663 D Osense-BaseDecisionMaker: invoke process preload policy
01-22 19:49:41.746  1749  2663 I Osense-BaseDecisionMaker: scene: SCENE_IDLE_RECOVER, excutingPolicy: clear
01-22 19:49:41.746  1749  2663 D Osense-BaseDecisionMaker: invoke clear policy,type: unforbid
01-22 19:49:41.747  1749  2663 I OsenseKillAction: KillAction: unhandled request: id=1001, enable=true, scene=SCENE_IDLE_RECOVER, type=unforbid, cchOnly=false
01-22 19:49:41.843  2434  2434 I android.hardware.wifi@1.0-service-lazy: WifiCommand::requestResponse err=-14
01-22 19:49:41.844  2434  2434 I WifiHAL : wifi_get_link_stats: result=-1
01-22 19:49:41.844  1749  2331 E WifiStaIfaceHidlImpl: getLinkLayerStatsV1_5 failed with status: {.code = ERROR_UNKNOWN, .description = unknown}
01-22 19:49:41.880   954  1023 I sensors-hal-OriginChannel: wise light debug, data[2].type is 65627,data[2].sensor is 91:[77.000000,,200.000000,,6.000000,0.000000,53895573509515]
01-22 19:49:42.081   954  1023 I sensors-hal-OriginChannel: wise light debug, data[2].type is 65627,data[2].sensor is 91:[79.000000,,175.000000,,6.000000,0.000000,53895773381207]
01-22 19:49:42.084  1749  1949 D OplusSmartBrightnessController: handleMessage MSG_LUX_CHANGED, mLux:11.287957 luxQueue=[11.287957, 11.287957, 11.287957, 11.287957, 11.287957, 11.287957, 11.287957, 11.287957, 11.287957, 11.287957]
01-22 19:49:42.210  3134  3554 D CommonScenarios-103-10305: transportLayerQosChange TransportLayerData{link_index=34, uid=10305, uplink_srtt=0, uplink_packets=0, uplink_retrans_packets=0, uplink_retrans_rate=0, downlink_srtt=0, downlink_packets=0, downlink_retrans_packets=0, downlink_retrans_rate=0, downlink_rate=0, uplink_udp_packets=0, downlink_udp_packets=0, uplink_tcp_rate=0, uplink_udp_rate=0, downlink_tcp_rate=0, downlink_udp_rate=0}
01-22 19:49:42.210  3134  3554 D CommonScenarios-103-10305: ActiveState process message 2
01-22 19:49:42.210  3134  3554 D CommonScenarios-103-10305: ActiveState EVENT_NETWORK_KPI_CHANGE
01-22 19:49:42.210  3134  3554 D CommonScenarios-103-10305: transport layer data is invalid
01-22 19:49:42.210  3134  3554 D CommonScenarios-103-10305: ActiveState EVENT_NETWORK_KPI_CHANGE score is invalid
01-22 19:49:42.280   954  1023 I sensors-hal-OriginChannel: wise light debug, data[4].type is 65627,data[4].sensor is 91:[79.000000,,200.000000,,9.000000,0.000000,53895973530645]
01-22 19:49:42.330  1390  1390 I thermal_repeater: [recvMdThermalInfo] ret=29, strLen=127,  3, 30, -127, 0, 32767, 10441
01-22 19:49:42.457 12246 13066 D ScreenStatusProducer: Current queue status: isIdle = true, isPolling = true
01-22 19:49:42.479   954  1023 I sensors-hal-OriginChannel: wise light debug, data[1].type is 65627,data[1].sensor is 91:[79.000000,,125.000000,,6.000000,0.000000,53896172866654]
01-22 19:49:42.681   954  1023 I sensors-hal-OriginChannel: wise light debug, data[2].type is 65627,data[2].sensor is 91:[79.000000,,175.000000,,9.000000,0.000000,53896373544188]
01-22 19:49:42.879   954  1023 I sensors-hal-OriginChannel: wise light debug, data[4].type is 65627,data[4].sensor is 91:[79.000000,,125.000000,,6.000000,0.000000,53896573668529]
01-22 19:49:43.081   954  1023 I sensors-hal-OriginChannel: wise light debug, data[2].type is 65627,data[2].sensor is 91:[80.000000,,125.000000,,6.000000,0.000000,53896773488202]
01-22 19:49:43.232  3134  3554 D CommonScenarios-103-10305: transportLayerQosChange TransportLayerData{link_index=34, uid=10305, uplink_srtt=0, uplink_packets=0, uplink_retrans_packets=0, uplink_retrans_rate=0, downlink_srtt=0, downlink_packets=0, downlink_retrans_packets=0, downlink_retrans_rate=0, downlink_rate=0, uplink_udp_packets=0, downlink_udp_packets=0, uplink_tcp_rate=0, uplink_udp_rate=0, downlink_tcp_rate=0, downlink_udp_rate=0}
01-22 19:49:43.233  3134  3554 D CommonScenarios-103-10305: ActiveState process message 2
01-22 19:49:43.233  3134  3554 D CommonScenarios-103-10305: ActiveState EVENT_NETWORK_KPI_CHANGE
01-22 19:49:43.233  3134  3554 D CommonScenarios-103-10305: transport layer data is invalid
01-22 19:49:43.233  3134  3554 D CommonScenarios-103-10305: ActiveState EVENT_NETWORK_KPI_CHANGE score is invalid
01-22 19:49:43.281   954  1023 I sensors-hal-OriginChannel: wise light debug, data[2].type is 65627,data[2].sensor is 91:[81.000000,,150.000000,,6.000000,0.000000,53896973670342]
01-22 19:49:43.481   954  1023 I sensors-hal-OriginChannel: wise light debug, data[0].type is 65627,data[0].sensor is 91:[82.000000,,125.000000,,6.000000,0.000000,53897173297154]
01-22 19:49:43.680   954  1023 I sensors-hal-OriginChannel: wise light debug, data[4].type is 65627,data[4].sensor is 91:[82.000000,,200.000000,,6.000000,0.000000,53897373519914]
01-22 19:49:43.881   954  1023 I sensors-hal-OriginChannel: wise light debug, data[2].type is 65627,data[2].sensor is 91:[81.000000,,175.000000,,6.000000,0.000000,53897573310054]
01-22 19:49:43.885  1749  1949 D OplusSmartBrightnessController: handleMessage MSG_LUX_CHANGED, mLux:14.311958 luxQueue=[14.311957, 14.311957, 14.311957, 14.311957, 14.311957, 14.311957]
01-22 19:49:44.080   954  1023 I sensors-hal-OriginChannel: wise light debug, data[2].type is 65627,data[2].sensor is 91:[76.000000,,125.000000,,23.000000,0.000000,53897773516895]
01-22 19:49:44.256  3134  3554 D CommonScenarios-103-10305: transportLayerQosChange TransportLayerData{link_index=34, uid=10305, uplink_srtt=0, uplink_packets=0, uplink_retrans_packets=0, uplink_retrans_rate=0, downlink_srtt=0, downlink_packets=0, downlink_retrans_packets=0, downlink_retrans_rate=0, downlink_rate=0, uplink_udp_packets=0, downlink_udp_packets=0, uplink_tcp_rate=0, uplink_udp_rate=0, downlink_tcp_rate=0, downlink_udp_rate=0}
01-22 19:49:44.257  3134  3554 D CommonScenarios-103-10305: ActiveState process message 2
01-22 19:49:44.257  3134  3554 D CommonScenarios-103-10305: ActiveState EVENT_NETWORK_KPI_CHANGE
01-22 19:49:44.257  3134  3554 D CommonScenarios-103-10305: transport layer data is invalid
01-22 19:49:44.257  3134  3554 D CommonScenarios-103-10305: ActiveState EVENT_NETWORK_KPI_CHANGE score is invalid
01-22 19:49:44.279   954  1023 I sensors-hal-OriginChannel: wise light debug, data[3].type is 65627,data[3].sensor is 91:[76.000000,,150.000000,,3.000000,0.000000,53897973539684]
01-22 19:49:44.364   989  1069 D vendor.oplus.hardware.charger-V3-service: BmsAcOnline: ac_online = 0
01-22 19:49:44.364   989  1069 D vendor.oplus.hardware.charger-V3-service: BmsAcOnline: usb online and usb_type = 1.
01-22 19:49:44.364   989  1069 D vendor.oplus.hardware.charger-V3-service: BmsAcOnline: usb online and usb charging
01-22 19:49:44.479   954  1023 I sensors-hal-OriginChannel: wise light debug, data[2].type is 65627,data[2].sensor is 91:[77.000000,,175.000000,,9.000000,0.000000,53898173047006]
01-22 19:49:44.679   954  1023 I sensors-hal-OriginChannel: wise light debug, data[2].type is 65627,data[2].sensor is 91:[75.000000,,175.000000,,6.000000,0.000000,53898373107333]
01-22 19:49:44.809   989  1074 D vendor.oplus.hardware.charger-V3-service: read content:,299,-2740,4389,4389,0,500,2200,100,100,1,4,-1,5106,100,1,1048704,1,1,0,0,4425,0,10,0,10,0,1,0,301,0,4,2,0,0,61,61,61,0,0,0,0,0,0,0,0,0,0
01-22 19:49:44.809   989  1074 D vendor.oplus.hardware.charger-V3-service: , ret_value:138
01-22 19:49:44.809   989  1074 D vendor.oplus.hardware.charger-V3-service: gmtime: 2026-01-22-19-49-44
01-22 19:49:44.867  2434  2434 I android.hardware.wifi@1.0-service-lazy: WifiCommand::requestResponse err=-14
01-22 19:49:44.867  2434  2434 I WifiHAL : wifi_get_link_stats: result=-1
01-22 19:49:44.868  1749  2331 E WifiStaIfaceHidlImpl: getLinkLayerStatsV1_5 failed with status: {.code = ERROR_UNKNOWN, .description = unknown}
01-22 19:49:44.879   954  1023 I sensors-hal-OriginChannel: wise light debug, data[4].type is 65627,data[4].sensor is 91:[74.000000,,150.000000,,6.000000,0.000000,53898573462496]
01-22 19:49:44.930  1086  1086 I BufferQueueProducer: [StatusBar#85](this:0xb400007e9a8508f8,id:-1,api:0,p:-1,c:1086) queueBuffer: fps=0.11 dur=9083.08 max=9083.08 min=9083.08
01-22 19:49:45.081   954  1023 I sensors-hal-OriginChannel: wise light debug, data[2].type is 65627,data[2].sensor is 91:[74.000000,,200.000000,,3.000000,0.000000,53898773685559]
01-22 19:49:45.281   954  1023 I sensors-hal-OriginChannel: wise light debug, data[2].type is 65627,data[2].sensor is 91:[75.000000,,150.000000,,6.000000,0.000000,53898973554194]
01-22 19:49:45.281  3134  3554 D CommonScenarios-103-10305: transportLayerQosChange TransportLayerData{link_index=34, uid=10305, uplink_srtt=0, uplink_packets=0, uplink_retrans_packets=0, uplink_retrans_rate=0, downlink_srtt=0, downlink_packets=0, downlink_retrans_packets=0, downlink_retrans_rate=0, downlink_rate=0, uplink_udp_packets=0, downlink_udp_packets=0, uplink_tcp_rate=0, uplink_udp_rate=0, downlink_tcp_rate=0, downlink_udp_rate=0}
01-22 19:49:45.282  3134  3554 D CommonScenarios-103-10305: ActiveState process message 2
01-22 19:49:45.282  3134  3554 D CommonScenarios-103-10305: ActiveState EVENT_NETWORK_KPI_CHANGE
01-22 19:49:45.282  3134  3554 D CommonScenarios-103-10305: transport layer data is invalid
01-22 19:49:45.282  3134  3554 D CommonScenarios-103-10305: ActiveState EVENT_NETWORK_KPI_CHANGE score is invalid
01-22 19:49:45.420  3203  3203 D AtCmdIndication: handleMessage what:1001
01-22 19:49:45.421  3203  3203 D AtCmdParser: [PHONE0]< com.oplus.telephony.AtCmdParser$2@b7d4230 urc ind:+ECSQ: 22,59,-292,1,1,-36,-328,4096,18,3
01-22 19:49:45.480   954  1023 I sensors-hal-OriginChannel: wise light debug, data[0].type is 65627,data[0].sensor is 91:[74.000000,,175.000000,,3.000000,0.000000,53899173499953]
01-22 19:49:45.681   954  1023 I sensors-hal-OriginChannel: wise light debug, data[3].type is 65627,data[3].sensor is 91:[74.000000,,100.000000,,6.000000,0.000000,53899373540867]
01-22 19:49:45.827  4248  4302 I midasd  : OplusObrainService::notifyEventInt eventId:21 iParam:0
01-22 19:49:45.829 12246 12392 I OplusObrain: OplusObrainClientInvoke.nativeGetTelephonyInfo
01-22 19:49:45.832 12246 12392 I OplusObrain: OplusObrainClientInvoke.nativeGetTrafficTypeInfoForNetworkType networkType 0
01-22 19:49:45.832  1749  2689 D KernelStatsHelper: getKernelStats start!
01-22 19:49:45.833  1749  2403 D OplusNetlinkSocket: handleNetlinkRecvKernelMessage:nlmsghdr:StructNlMsgHdr{ nlmsg_len{3004}, nlmsg_type{29()}, nlmsg_flags{0()}, nlmsg_seq{0}, nlmsg_pid{114624867} }
01-22 19:49:45.833  1749  2403 D KernelStatsHelper: get magic :[-1, -1, -1, 77, 65, 71, 73, 67]
01-22 19:49:45.833  1749  2403 D KernelStatsHelper: magic matched count:65 data_len:3380
01-22 19:49:45.833  1749  2403 D OplusNetlinkSocket: handleNetlinkRecvKernelMessage:nlmsghdr:StructNlMsgHdr{ nlmsg_len{440}, nlmsg_type{29()}, nlmsg_flags{0()}, nlmsg_seq{0}, nlmsg_pid{114624867} }
01-22 19:49:45.833  1749  2403 D KernelStatsHelper: data over! check: true
01-22 19:49:45.855 12246 12392 E MIDASApplication: PackageManagerUtil: getAudioPackageList err android.content.pm.PackageManager$NameNotFoundException: Others
01-22 19:49:45.879   954  1023 I sensors-hal-OriginChannel: wise light debug, data[1].type is 65627,data[1].sensor is 91:[74.000000,,175.000000,,3.000000,0.000000,53899573307020]
01-22 19:49:46.081   954  1023 I sensors-hal-OriginChannel: wise light debug, data[2].type is 65627,data[2].sensor is 91:[74.000000,,200.000000,,6.000000,0.000000,53899773527742]
01-22 19:49:46.083  1749  1947 I OplusSmartBrightnessController: deltaLux = 9.536743E-7, scale = 1.0
01-22 19:49:46.084  1749  1949 D OplusSmartBrightnessController: handleMessage MSG_LUX_CHANGED, mLux:14.311957 luxQueue=[14.311957, 14.311957, 14.311957, 14.311957, 14.311957, 14.311957, 14.311957, 14.311957, 14.311957, 14.311957, 14.311957]
01-22 19:49:46.281   954  1023 I sensors-hal-OriginChannel: wise light debug, data[4].type is 65627,data[4].sensor is 91:[74.000000,,175.000000,,6.000000,0.000000,53899973280328]
01-22 19:49:46.306  3134  3554 D CommonScenarios-103-10305: transportLayerQosChange TransportLayerData{link_index=34, uid=10305, uplink_srtt=0, uplink_packets=0, uplink_retrans_packets=0, uplink_retrans_rate=0, downlink_srtt=0, downlink_packets=0, downlink_retrans_packets=0, downlink_retrans_rate=0, downlink_rate=0, uplink_udp_packets=0, downlink_udp_packets=0, uplink_tcp_rate=0, uplink_udp_rate=0, downlink_tcp_rate=0, downlink_udp_rate=0}
01-22 19:49:46.306  3134  3554 D CommonScenarios-103-10305: ActiveState process message 2
01-22 19:49:46.306  3134  3554 D CommonScenarios-103-10305: ActiveState EVENT_NETWORK_KPI_CHANGE
01-22 19:49:46.306  3134  3554 D CommonScenarios-103-10305: transport layer data is invalid
01-22 19:49:46.306  3134  3554 D CommonScenarios-103-10305: ActiveState EVENT_NETWORK_KPI_CHANGE score is invalid
01-22 19:49:46.434 10082 30988 E Oms-SDK.: [WearableApiManager]Service---->true
01-22 19:49:46.438  1749  2689 W ActivityManager: Unable to start service Intent { act=com.heytap.wearable.oms.SERVICE pkg=com.heytap.health mCallingUid=10099 } U=0: not found
01-22 19:49:46.479   954  1023 I sensors-hal-OriginChannel: wise light debug, data[2].type is 65627,data[2].sensor is 91:[75.000000,,175.000000,,9.000000,0.000000,53900173525871]
01-22 19:49:46.681   954  1023 I sensors-hal-OriginChannel: wise light debug, data[2].type is 65627,data[2].sensor is 91:[74.000000,,175.000000,,6.000000,0.000000,53900373522414]
01-22 19:49:46.881   954  1023 I sensors-hal-OriginChannel: wise light debug, data[4].type is 65627,data[4].sensor is 91:[73.000000,,125.000000,,3.000000,0.000000,53900572938732]
01-22 19:49:47.079   954  1023 I sensors-hal-OriginChannel: wise light debug, data[1].type is 65627,data[1].sensor is 91:[74.000000,,200.000000,,3.000000,0.000000,53900773533525]
01-22 19:49:47.281   954  1023 I sensors-hal-OriginChannel: wise light debug, data[2].type is 65627,data[2].sensor is 91:[73.000000,,175.000000,,3.000000,0.000000,53900973320968]
01-22 19:49:47.330  3134  3554 D CommonScenarios-103-10305: transportLayerQosChange TransportLayerData{link_index=34, uid=10305, uplink_srtt=0, uplink_packets=0, uplink_retrans_packets=0, uplink_retrans_rate=0, downlink_srtt=0, downlink_packets=0, downlink_retrans_packets=0, downlink_retrans_rate=0, downlink_rate=0, uplink_udp_packets=0, downlink_udp_packets=0, uplink_tcp_rate=0, uplink_udp_rate=0, downlink_tcp_rate=0, downlink_udp_rate=0}
01-22 19:49:47.330  3134  3554 D CommonScenarios-103-10305: ActiveState process message 2
01-22 19:49:47.330  3134  3554 D CommonScenarios-103-10305: ActiveState EVENT_NETWORK_KPI_CHANGE
01-22 19:49:47.330  3134  3554 D CommonScenarios-103-10305: transport layer data is invalid
01-22 19:49:47.330  3134  3554 D CommonScenarios-103-10305: ActiveState EVENT_NETWORK_KPI_CHANGE score is invalid
01-22 19:49:47.481   954  1023 I sensors-hal-OriginChannel: wise light debug, data[0].type is 65627,data[0].sensor is 91:[73.000000,,200.000000,,6.000000,0.000000,53901173520543]
01-22 19:49:47.680   954  1023 I sensors-hal-OriginChannel: wise light debug, data[3].type is 65627,data[3].sensor is 91:[73.000000,,150.000000,,6.000000,0.000000,53901373546477]
01-22 19:49:47.881   954  1023 I sensors-hal-OriginChannel: wise light debug, data[2].type is 65627,data[2].sensor is 91:[74.000000,,200.000000,,6.000000,0.000000,53901573487404]
01-22 19:49:47.884  1086  4132 D SurfaceFlinger: captureDisplay from pid 1086 uid -1 display 4627039422300187648
01-22 19:49:47.887  2434  2434 I android.hardware.wifi@1.0-service-lazy: WifiCommand::requestResponse err=-14
01-22 19:49:47.887  2434  2434 I WifiHAL : wifi_get_link_stats: result=-1
01-22 19:49:47.888  1749  2331 E WifiStaIfaceHidlImpl: getLinkLayerStatsV1_5 failed with status: {.code = ERROR_UNKNOWN, .description = unknown}
01-22 19:49:47.946  1086  1086 I BufferQueueProducer: [StatusBar#85](this:0xb400007e9a8508f8,id:-1,api:0,p:-1,c:1086) queueBuffer: fps=0.33 dur=3015.72 max=3015.72 min=3015.72
01-22 19:49:47.954  1086  4132 D SurfaceFlinger: captureDisplay from pid 1086 uid -1 display 4627039422300187648
01-22 19:49:48.081   954  1023 I sensors-hal-OriginChannel: wise light debug, data[2].type is 65627,data[2].sensor is 91:[74.000000,,175.000000,,6.000000,0.000000,53901773295381]
01-22 19:49:48.081   954  1021 W AString : ctor got NULL, using empty string instead
01-22 19:49:48.082   954  1021 I sensors-hal-SensorSavedChannel: [5503,1928,-537]==>gyro_bias.json
01-22 19:49:48.281   954  1023 I sensors-hal-OriginChannel: wise light debug, data[4].type is 65627,data[4].sensor is 91:[74.000000,,175.000000,,6.000000,0.000000,53901973497251]
01-22 19:49:48.354  3134  3554 D CommonScenarios-103-10305: transportLayerQosChange TransportLayerData{link_index=34, uid=10305, uplink_srtt=0, uplink_packets=0, uplink_retrans_packets=0, uplink_retrans_rate=0, downlink_srtt=0, downlink_packets=0, downlink_retrans_packets=0, downlink_retrans_rate=0, downlink_rate=0, uplink_udp_packets=0, downlink_udp_packets=0, uplink_tcp_rate=0, uplink_udp_rate=0, downlink_tcp_rate=0, downlink_udp_rate=0}
01-22 19:49:48.354  3134  3554 D CommonScenarios-103-10305: ActiveState process message 2
01-22 19:49:48.354  3134  3554 D CommonScenarios-103-10305: ActiveState EVENT_NETWORK_KPI_CHANGE
01-22 19:49:48.354  3134  3554 D CommonScenarios-103-10305: transport layer data is invalid
01-22 19:49:48.354  3134  3554 D CommonScenarios-103-10305: ActiveState EVENT_NETWORK_KPI_CHANGE score is invalid
01-22 19:49:48.479   954  1023 I sensors-hal-OriginChannel: wise light debug, data[2].type is 65627,data[2].sensor is 91:[75.000000,,175.000000,,10.000000,0.000000,53902173508246]
01-22 19:49:48.640  1086  1160 E SurfaceFlinger: midas  refreshRate = 60
01-22 19:49:48.679   954  1023 I sensors-hal-OriginChannel: wise light debug, data[2].type is 65627,data[2].sensor is 91:[76.000000,,150.000000,,6.000000,0.000000,53902373339616]
01-22 19:49:48.881   954  1023 I sensors-hal-OriginChannel: wise light debug, data[3].type is 65627,data[3].sensor is 91:[74.000000,,125.000000,,6.000000,0.000000,53902573360241]
01-22 19:49:49.081   954  1023 I sensors-hal-OriginChannel: wise light debug, data[2].type is 65627,data[2].sensor is 91:[76.000000,,150.000000,,22.000000,0.000000,53902773947688]
01-22 19:49:49.281   954  1023 I sensors-hal-OriginChannel: wise light debug, data[2].type is 65627,data[2].sensor is 91:[86.000000,,125.000000,,5.000000,0.000000,53902973543073]
01-22 19:49:49.376  3134  3554 D CommonScenarios-103-10305: transportLayerQosChange TransportLayerData{link_index=34, uid=10305, uplink_srtt=0, uplink_packets=0, uplink_retrans_packets=0, uplink_retrans_rate=0, downlink_srtt=0, downlink_packets=0, downlink_retrans_packets=0, downlink_retrans_rate=0, downlink_rate=0, uplink_udp_packets=0, downlink_udp_packets=0, uplink_tcp_rate=0, uplink_udp_rate=0, downlink_tcp_rate=0, downlink_udp_rate=0}
01-22 19:49:49.377  3134  3554 D CommonScenarios-103-10305: ActiveState process message 2
01-22 19:49:49.377  3134  3554 D CommonScenarios-103-10305: ActiveState EVENT_NETWORK_KPI_CHANGE
01-22 19:49:49.377  3134  3554 D CommonScenarios-103-10305: transport layer data is invalid
01-22 19:49:49.377  3134  3554 D CommonScenarios-103-10305: ActiveState EVENT_NETWORK_KPI_CHANGE score is invalid
01-22 19:49:49.481   954  1023 I sensors-hal-OriginChannel: wise light debug, data[0].type is 65627,data[0].sensor is 91:[85.000000,,200.000000,,5.000000,0.000000,53903173672881]
01-22 19:49:49.536   954  1023 I sensors-hal-HfLooper: distance = 0.000000, data = 274, count = 0
01-22 19:49:49.539  1749  2174 D SensorFusionExtImpl: SensorFusion::process proximity
01-22 19:49:49.541  1749  1947 D ColorAutomaticBrightnessController: Proximity Sensor Changed, current state:near
01-22 19:49:49.681   954  1023 I sensors-hal-OriginChannel: wise light debug, data[2].type is 65627,data[2].sensor is 91:[59.000000,,25.000000,,29.000000,0.000000,53903373432477]
01-22 19:49:49.810   989  1074 D vendor.oplus.hardware.charger-V3-service: read content:,299,-2740,4389,4389,0,500,2200,100,100,1,4,-1,5106,100,1,1048704,1,1,0,0,4425,0,10,0,10,0,1,0,301,0,4,2,0,0,61,61,61,0,0,0,0,0,0,0,0,0,0
01-22 19:49:49.810   989  1074 D vendor.oplus.hardware.charger-V3-service: , ret_value:138
01-22 19:49:49.810   989  1074 D vendor.oplus.hardware.charger-V3-service: gmtime: 2026-01-22-19-49-49
01-22 19:49:49.881   954  1023 I sensors-hal-OriginChannel: wise light debug, data[2].type is 65627,data[2].sensor is 91:[56.000000,,25.000000,,31.000000,0.000000,53903573659260]
01-22 19:49:50.041  1749  1947 D ColorAutomaticBrightnessController: MSG_PROXIMITY_CHANGE near
01-22 19:49:50.042  1749  1947 D OplusSmartBrightnessController: lock AIBrightnessModel, because of proximity near
01-22 19:49:50.081   954  1023 I sensors-hal-OriginChannel: wise light debug, data[2].type is 65627,data[2].sensor is 91:[52.000000,,25.000000,,4.000000,0.000000,53903773302020]
01-22 19:49:50.281   954  1023 I sensors-hal-OriginChannel: wise light debug, data[4].type is 65627,data[4].sensor is 91:[38.000000,,25.000000,,1.000000,0.000000,53903973487953]
01-22 19:49:50.284  1749  1947 I OplusSmartBrightnessController: deltaLux = 0.47250175, scale = 1.0
01-22 19:49:50.285  1749  1949 D OplusSmartBrightnessController: handleMessage MSG_LUX_CHANGED, mLux:13.839456 luxQueue=[13.839457, 13.839457, 13.839457, 13.839457, 13.839457, 13.839457, 13.839457, 13.839457, 13.839457, 13.839457, 13.839457, 13.839457]
01-22 19:49:50.285  1749  1949 I OplusSmartBrightnessController: handleUpdateBrightness, don`t update bright because system has been locked by proximity.
01-22 19:49:50.400  3134  3554 D CommonScenarios-103-10305: transportLayerQosChange TransportLayerData{link_index=34, uid=10305, uplink_srtt=0, uplink_packets=0, uplink_retrans_packets=0, uplink_retrans_rate=0, downlink_srtt=0, downlink_packets=0, downlink_retrans_packets=0, downlink_retrans_rate=0, downlink_rate=0, uplink_udp_packets=0, downlink_udp_packets=0, uplink_tcp_rate=0, uplink_udp_rate=0, downlink_tcp_rate=0, downlink_udp_rate=0}
01-22 19:49:50.401  3134  3554 D CommonScenarios-103-10305: ActiveState process message 2
01-22 19:49:50.401  3134  3554 D CommonScenarios-103-10305: ActiveState EVENT_NETWORK_KPI_CHANGE
01-22 19:49:50.401  3134  3554 D CommonScenarios-103-10305: transport layer data is invalid
01-22 19:49:50.401  3134  3554 D CommonScenarios-103-10305: ActiveState EVENT_NETWORK_KPI_CHANGE score is invalid
01-22 19:49:50.411   989  1069 D vendor.oplus.hardware.charger-V3-service: BmsAcOnline: ac_online = 0
01-22 19:49:50.411   989  1069 D vendor.oplus.hardware.charger-V3-service: BmsAcOnline: usb online and usb_type = 1.
01-22 19:49:50.411   989  1069 D vendor.oplus.hardware.charger-V3-service: BmsAcOnline: usb online and usb charging
01-22 19:49:50.481   954  1023 I sensors-hal-OriginChannel: wise light debug, data[2].type is 65627,data[2].sensor is 91:[40.000000,,25.000000,,6.000000,0.000000,53904173308212]
01-22 19:49:50.521   989  1069 D vendor.oplus.hardware.charger-V3-service: BmsAcOnline: ac_online = 0
01-22 19:49:50.521   989  1069 D vendor.oplus.hardware.charger-V3-service: BmsAcOnline: usb online and usb_type = 1.
01-22 19:49:50.521   989  1069 D vendor.oplus.hardware.charger-V3-service: BmsAcOnline: usb online and usb charging
01-22 19:49:50.538  3203  3203 D AtCmdIndication: handleMessage what:1001
01-22 19:49:50.538  3203  3203 D AtCmdParser: [PHONE0]< com.oplus.telephony.AtCmdParser$2@b7d4230 urc ind:+ECSQ: 17,55,-297,1,1,-46,-343,4096,27,3
01-22 19:49:50.679   954  1023 I sensors-hal-OriginChannel: wise light debug, data[2].type is 65627,data[2].sensor is 91:[37.000000,,25.000000,,1.000000,0.000000,53904373522924]
01-22 19:49:50.700 12246 20835 D ShellSubscriberWorkerThread: the first 8 bytes empty, and RestData length > 8 
01-22 19:49:50.880   954  1023 I sensors-hal-OriginChannel: wise light debug, data[3].type is 65627,data[3].sensor is 91:[41.000000,,25.000000,,5.000000,0.000000,53904573523265]
01-22 19:49:50.913  2434  2434 I android.hardware.wifi@1.0-service-lazy: WifiCommand::requestResponse err=-14
01-22 19:49:50.913  2434  2434 I WifiHAL : wifi_get_link_stats: result=-1
01-22 19:49:50.914  1749  2331 E WifiStaIfaceHidlImpl: getLinkLayerStatsV1_5 failed with status: {.code = ERROR_UNKNOWN, .description = unknown}
01-22 19:49:51.037   954  1023 I sensors-hal-HfLooper: distance = 5.000000, data = 275, count = 0
01-22 19:49:51.041  1749  2174 D SensorFusionExtImpl: SensorFusion::process proximity
01-22 19:49:51.042  1749  1947 D ColorAutomaticBrightnessController: Proximity Sensor Changed, current state:Far
01-22 19:49:51.081   954  1023 I sensors-hal-OriginChannel: wise light debug, data[0].type is 65627,data[0].sensor is 91:[76.000000,,50.000000,,26.000000,0.000000,53904773310024]
01-22 19:49:51.280   954  1023 I sensors-hal-OriginChannel: wise light debug, data[2].type is 65627,data[2].sensor is 91:[77.000000,,200.000000,,3.000000,0.000000,53904973075861]
01-22 19:49:51.284  1749  1949 D OplusSmartBrightnessController: handleMessage MSG_LUX_CHANGED, mLux:13.839457 luxQueue=[13.839457, 13.839457, 13.839457, 13.839457, 13.839457]
01-22 19:49:51.284  1749  1949 I OplusSmartBrightnessController: handleUpdateBrightness, don`t update bright because system has been locked by proximity.
01-22 19:49:51.426  3134  3554 D CommonScenarios-103-10305: transportLayerQosChange TransportLayerData{link_index=34, uid=10305, uplink_srtt=0, uplink_packets=0, uplink_retrans_packets=0, uplink_retrans_rate=0, downlink_srtt=0, downlink_packets=0, downlink_retrans_packets=0, downlink_retrans_rate=0, downlink_rate=0, uplink_udp_packets=0, downlink_udp_packets=0, uplink_tcp_rate=0, uplink_udp_rate=0, downlink_tcp_rate=0, downlink_udp_rate=0}
01-22 19:49:51.426  3134  3554 D CommonScenarios-103-10305: ActiveState process message 2
01-22 19:49:51.426  3134  3554 D CommonScenarios-103-10305: ActiveState EVENT_NETWORK_KPI_CHANGE
01-22 19:49:51.426  3134  3554 D CommonScenarios-103-10305: transport layer data is invalid
01-22 19:49:51.426  3134  3554 D CommonScenarios-103-10305: ActiveState EVENT_NETWORK_KPI_CHANGE score is invalid
01-22 19:49:51.479   954  1023 I sensors-hal-OriginChannel: wise light debug, data[0].type is 65627,data[0].sensor is 91:[76.000000,,175.000000,,3.000000,0.000000,53905173119019]
01-22 19:49:51.545  1749  1947 D ColorAutomaticBrightnessController: MSG_PROXIMITY_CHANGE far
01-22 19:49:51.545  1749  1947 D OplusSmartBrightnessController: unlock AIBrightnessModel, because of proximity far
01-22 19:49:51.545  1749  1949 I OplusSmartBrightnessController: handleMessage MSG_CLEAR_LUXQUEUE.
01-22 19:49:51.606  1749  2646 E OplusNetworkStatsNative: bpfGetAppPurStatsTotal return 0
01-22 19:49:51.607  3134  3554 D OplusUidPurStatsSerivce-NAS: checkLoopProcess mLastStatsValue:0; curStats:0
01-22 19:49:51.681   954  1023 I sensors-hal-OriginChannel: wise light debug, data[4].type is 65627,data[4].sensor is 91:[77.000000,,200.000000,,6.000000,0.000000,53905373691343]
01-22 19:49:51.881   954  1023 I sensors-hal-OriginChannel: wise light debug, data[2].type is 65627,data[2].sensor is 91:[78.000000,,175.000000,,9.000000,0.000000,53905573467587]
01-22 19:49:52.081   954  1023 I sensors-hal-OriginChannel: wise light debug, data[2].type is 65627,data[2].sensor is 91:[77.000000,,175.000000,,6.000000,0.000000,53905773668299]
01-22 19:49:52.279   954  1023 I sensors-hal-OriginChannel: wise light debug, data[4].type is 65627,data[4].sensor is 91:[75.000000,,175.000000,,6.000000,0.000000,53905973538770]
01-22 19:49:52.353  1390  1390 I thermal_repeater: [recvMdThermalInfo] ret=29, strLen=127,  3, 31, -127, 0, 32767, 10441
01-22 19:49:52.449  3134  3554 D CommonScenarios-103-10305: transportLayerQosChange TransportLayerData{link_index=34, uid=10305, uplink_srtt=0, uplink_packets=0, uplink_retrans_packets=0, uplink_retrans_rate=0, downlink_srtt=0, downlink_packets=0, downlink_retrans_packets=0, downlink_retrans_rate=0, downlink_rate=0, uplink_udp_packets=0, downlink_udp_packets=0, uplink_tcp_rate=0, uplink_udp_rate=0, downlink_tcp_rate=0, downlink_udp_rate=0}
01-22 19:49:52.450  3134  3554 D CommonScenarios-103-10305: ActiveState process message 2
01-22 19:49:52.450  3134  3554 D CommonScenarios-103-10305: ActiveState EVENT_NETWORK_KPI_CHANGE
01-22 19:49:52.450  3134  3554 D CommonScenarios-103-10305: transport layer data is invalid
01-22 19:49:52.450  3134  3554 D CommonScenarios-103-10305: ActiveState EVENT_NETWORK_KPI_CHANGE score is invalid
01-22 19:49:52.481   954  1023 I sensors-hal-OriginChannel: wise light debug, data[2].type is 65627,data[2].sensor is 91:[76.000000,,150.000000,,6.000000,0.000000,53906173290462]
01-22 19:49:52.681   954  1023 I sensors-hal-OriginChannel: wise light debug, data[1].type is 65627,data[1].sensor is 91:[75.000000,,200.000000,,3.000000,0.000000,53906373543063]
01-22 19:49:52.880   954  1023 I sensors-hal-OriginChannel: wise light debug, data[4].type is 65627,data[4].sensor is 91:[75.000000,,175.000000,,6.000000,0.000000,53906573283308]
01-22 19:49:53.081   954  1023 I sensors-hal-OriginChannel: wise light debug, data[2].type is 65627,data[2].sensor is 91:[74.000000,,175.000000,,3.000000,0.000000,53906773533232]
01-22 19:49:53.281   954  1023 I sensors-hal-OriginChannel: wise light debug, data[2].type is 65627,data[2].sensor is 91:[75.000000,,175.000000,,3.000000,0.000000,53906973312626]
01-22 19:49:53.474  3134  3554 D CommonScenarios-103-10305: transportLayerQosChange TransportLayerData{link_index=34, uid=10305, uplink_srtt=0, uplink_packets=0, uplink_retrans_packets=0, uplink_retrans_rate=0, downlink_srtt=0, downlink_packets=0, downlink_retrans_packets=0, downlink_retrans_rate=0, downlink_rate=0, uplink_udp_packets=0, downlink_udp_packets=0, uplink_tcp_rate=0, uplink_udp_rate=0, downlink_tcp_rate=0, downlink_udp_rate=0}
01-22 19:49:53.474  3134  3554 D CommonScenarios-103-10305: ActiveState process message 2
01-22 19:49:53.474  3134  3554 D CommonScenarios-103-10305: ActiveState EVENT_NETWORK_KPI_CHANGE
01-22 19:49:53.474  3134  3554 D CommonScenarios-103-10305: transport layer data is invalid
01-22 19:49:53.474  3134  3554 D CommonScenarios-103-10305: ActiveState EVENT_NETWORK_KPI_CHANGE score is invalid
01-22 19:49:53.479   954  1023 I sensors-hal-OriginChannel: wise light debug, data[0].type is 65627,data[0].sensor is 91:[75.000000,,200.000000,,6.000000,0.000000,53907173099631]
01-22 19:49:53.681   954  1023 I sensors-hal-OriginChannel: wise light debug, data[4].type is 65627,data[4].sensor is 91:[75.000000,,200.000000,,6.000000,0.000000,53907373621544]
01-22 19:49:53.881   954  1023 I sensors-hal-OriginChannel: wise light debug, data[2].type is 65627,data[2].sensor is 91:[75.000000,,125.000000,,6.000000,0.000000,53907573222707]
01-22 19:49:53.944  2434  2434 I android.hardware.wifi@1.0-service-lazy: WifiCommand::requestResponse err=-14
01-22 19:49:53.944  2434  2434 I WifiHAL : wifi_get_link_stats: result=-1
01-22 19:49:53.945  1749  2331 E WifiStaIfaceHidlImpl: getLinkLayerStatsV1_5 failed with status: {.code = ERROR_UNKNOWN, .description = unknown}
01-22 19:49:54.081   954  1023 I sensors-hal-OriginChannel: wise light debug, data[2].type is 65627,data[2].sensor is 91:[75.000000,,150.000000,,3.000000,0.000000,53907773544260]
01-22 19:49:54.280   954  1023 I sensors-hal-OriginChannel: wise light debug, data[4].type is 65627,data[4].sensor is 91:[74.000000,,100.000000,,3.000000,0.000000,53907973508338]
01-22 19:49:54.481   954  1023 I sensors-hal-OriginChannel: wise light debug, data[1].type is 65627,data[1].sensor is 91:[74.000000,,200.000000,,6.000000,0.000000,53908173512929]
01-22 19:49:54.496  3134  3554 D CommonScenarios-103-10305: transportLayerQosChange TransportLayerData{link_index=34, uid=10305, uplink_srtt=0, uplink_packets=0, uplink_retrans_packets=0, uplink_retrans_rate=0, downlink_srtt=0, downlink_packets=0, downlink_retrans_packets=0, downlink_retrans_rate=0, downlink_rate=0, uplink_udp_packets=0, downlink_udp_packets=0, uplink_tcp_rate=0, uplink_udp_rate=0, downlink_tcp_rate=0, downlink_udp_rate=0}
01-22 19:49:54.497  3134  3554 D CommonScenarios-103-10305: ActiveState process message 2
01-22 19:49:54.497  3134  3554 D CommonScenarios-103-10305: ActiveState EVENT_NETWORK_KPI_CHANGE
01-22 19:49:54.497  3134  3554 D CommonScenarios-103-10305: transport layer data is invalid
01-22 19:49:54.497  3134  3554 D CommonScenarios-103-10305: ActiveState EVENT_NETWORK_KPI_CHANGE score is invalid
01-22 19:49:54.681   954  1023 I sensors-hal-OriginChannel: wise light debug, data[2].type is 65627,data[2].sensor is 91:[75.000000,,125.000000,,6.000000,0.000000,53908373338068]
01-22 19:49:54.812   989  1074 D vendor.oplus.hardware.charger-V3-service: read content:,299,-2740,4389,4389,0,500,2200,100,100,1,4,-1,5106,100,1,1048704,1,1,0,0,4425,0,10,0,10,0,1,0,302,0,4,2,0,0,61,61,61,0,0,0,0,0,0,0,0,0,0
01-22 19:49:54.812   989  1074 D vendor.oplus.hardware.charger-V3-service: , ret_value:138
01-22 19:49:54.813   989  1074 D vendor.oplus.hardware.charger-V3-service: gmtime: 2026-01-22-19-49-54
01-22 19:49:54.881   954  1023 I sensors-hal-OriginChannel: wise light debug, data[4].type is 65627,data[4].sensor is 91:[74.000000,,175.000000,,6.000000,0.000000,53908573513530]
01-22 19:49:55.081   954  1023 I sensors-hal-OriginChannel: wise light debug, data[2].type is 65627,data[2].sensor is 91:[73.000000,,200.000000,,3.000000,0.000000,53908773515924]
01-22 19:49:55.281   954  1023 I sensors-hal-OriginChannel: wise light debug, data[2].type is 65627,data[2].sensor is 91:[74.000000,,100.000000,,6.000000,0.000000,53908973331073]
01-22 19:49:55.481   954  1023 I sensors-hal-OriginChannel: wise light debug, data[0].type is 65627,data[0].sensor is 91:[73.000000,,175.000000,,3.000000,0.000000,53909173505164]
01-22 19:49:55.484  1749  1947 I OplusSmartBrightnessController: deltaLux = 0.14174938, scale = 1.0
01-22 19:49:55.485  1749  1949 D OplusSmartBrightnessController: handleMessage MSG_LUX_CHANGED, mLux:13.697707 luxQueue=[13.697706, 13.697706, 13.697706, 13.697706, 13.697706, 13.697706, 13.697706, 13.697706, 13.697706, 13.697706, 13.697706, 13.697706]
01-22 19:49:55.522  3134  3554 D CommonScenarios-103-10305: transportLayerQosChange TransportLayerData{link_index=34, uid=10305, uplink_srtt=0, uplink_packets=0, uplink_retrans_packets=0, uplink_retrans_rate=0, downlink_srtt=0, downlink_packets=0, downlink_retrans_packets=0, downlink_retrans_rate=0, downlink_rate=0, uplink_udp_packets=0, downlink_udp_packets=0, uplink_tcp_rate=0, uplink_udp_rate=0, downlink_tcp_rate=0, downlink_udp_rate=0}
01-22 19:49:55.522  3134  3554 D CommonScenarios-103-10305: ActiveState process message 2
01-22 19:49:55.522  3134  3554 D CommonScenarios-103-10305: ActiveState EVENT_NETWORK_KPI_CHANGE
01-22 19:49:55.522  3134  3554 D CommonScenarios-103-10305: transport layer data is invalid
01-22 19:49:55.522  3134  3554 D CommonScenarios-103-10305: ActiveState EVENT_NETWORK_KPI_CHANGE score is invalid
01-22 19:49:55.659  3203  3203 D AtCmdIndication: handleMessage what:1001
01-22 19:49:55.659  3203  3203 D AtCmdParser: [PHONE0]< com.oplus.telephony.AtCmdParser$2@b7d4230 urc ind:+ECSQ: 19,56,-296,1,1,-42,-338,4096,17,3
01-22 19:49:55.679   954  1023 I sensors-hal-OriginChannel: wise light debug, data[4].type is 65627,data[4].sensor is 91:[72.000000,,125.000000,,3.000000,0.000000,53909372895708]
01-22 19:49:55.881   954  1023 I sensors-hal-OriginChannel: wise light debug, data[1].type is 65627,data[1].sensor is 91:[72.000000,,175.000000,,6.000000,0.000000,53909573530102]
01-22 19:49:56.081   954  1023 I sensors-hal-OriginChannel: wise light debug, data[1].type is 65627,data[1].sensor is 91:[72.000000,,175.000000,,10.000000,0.000000,53909773892631]
01-22 19:49:56.222   989  1069 D vendor.oplus.hardware.charger-V3-service: BmsAcOnline: ac_online = 0
01-22 19:49:56.222   989  1069 D vendor.oplus.hardware.charger-V3-service: BmsAcOnline: usb online and usb_type = 1.
01-22 19:49:56.222   989  1069 D vendor.oplus.hardware.charger-V3-service: BmsAcOnline: usb online and usb charging
01-22 19:49:56.241  2593  2593 D OplusPrivacyDotViewController: scheduleUpdate: 
01-22 19:49:56.244  2593  2771 D OplusPrivacyDotViewController: processNextViewState: 
01-22 19:49:56.244  2593  2771 D OplusPrivacyDotViewController: resolveState ViewState(systemPrivacyEventIsActive=false, shadeExpanded=false, qsExpanded=false, rtl=false, rotation=0, height=0, x=40, y=56, cornerIndex=1, designatedCorner=android.widget.FrameLayout{4deeec2 G.E...... ......ID 0,0-12,12 #7f0a050e app:id/icons_container viewInfo = }, contentDescription=null, chipAnimationStart=false, preDraw=false) shouldShowDot false
01-22 19:49:56.279   954  1023 I sensors-hal-OriginChannel: wise light debug, data[4].type is 65627,data[4].sensor is 91:[71.000000,,150.000000,,10.000000,0.000000,53909973582400]
01-22 19:49:56.281  1086  1086 I BufferQueueProducer: [StatusBar#85](this:0xb400007e9a8508f8,id:-1,api:0,p:-1,c:1086) queueBuffer: fps=0.12 dur=8334.66 max=8334.66 min=8334.66
01-22 19:49:56.365   989  1069 D vendor.oplus.hardware.charger-V3-service: BmsAcOnline: ac_online = 0
01-22 19:49:56.365   989  1069 D vendor.oplus.hardware.charger-V3-service: BmsAcOnline: usb online and usb_type = 1.
01-22 19:49:56.365   989  1069 D vendor.oplus.hardware.charger-V3-service: BmsAcOnline: usb online and usb charging
01-22 19:49:56.449 10082 30991 E Oms-SDK.: [WearableApiManager]Service---->true
01-22 19:49:56.452  1749  2689 W ActivityManager: Unable to start service Intent { act=com.heytap.wearable.oms.SERVICE pkg=com.heytap.health mCallingUid=10099 } U=0: not found
01-22 19:49:56.481   954  1023 I sensors-hal-OriginChannel: wise light debug, data[2].type is 65627,data[2].sensor is 91:[71.000000,,200.000000,,3.000000,0.000000,53910173667015]
01-22 19:49:56.545  3134  3554 D CommonScenarios-103-10305: transportLayerQosChange TransportLayerData{link_index=34, uid=10305, uplink_srtt=0, uplink_packets=0, uplink_retrans_packets=0, uplink_retrans_rate=0, downlink_srtt=0, downlink_packets=0, downlink_retrans_packets=0, downlink_retrans_rate=0, downlink_rate=0, uplink_udp_packets=0, downlink_udp_packets=0, uplink_tcp_rate=0, uplink_udp_rate=0, downlink_tcp_rate=0, downlink_udp_rate=0}
01-22 19:49:56.545  3134  3554 D CommonScenarios-103-10305: ActiveState process message 2
01-22 19:49:56.545  3134  3554 D CommonScenarios-103-10305: ActiveState EVENT_NETWORK_KPI_CHANGE
01-22 19:49:56.545  3134  3554 D CommonScenarios-103-10305: transport layer data is invalid
01-22 19:49:56.545  3134  3554 D CommonScenarios-103-10305: ActiveState EVENT_NETWORK_KPI_CHANGE score is invalid
01-22 19:49:56.679   954  1023 I sensors-hal-OriginChannel: wise light debug, data[2].type is 65627,data[2].sensor is 91:[71.000000,,125.000000,,6.000000,0.000000,53910373327958]
01-22 19:49:56.881   954  1023 I sensors-hal-OriginChannel: wise light debug, data[4].type is 65627,data[4].sensor is 91:[70.000000,,200.000000,,7.000000,0.000000,53910573501795]
01-22 19:49:56.972  2434  2434 I android.hardware.wifi@1.0-service-lazy: WifiCommand::requestResponse err=-14
01-22 19:49:56.973  2434  2434 I WifiHAL : wifi_get_link_stats: result=-1
01-22 19:49:56.973  1749  2331 E WifiStaIfaceHidlImpl: getLinkLayerStatsV1_5 failed with status: {.code = ERROR_UNKNOWN, .description = unknown}
01-22 19:49:57.079   954  1023 I sensors-hal-OriginChannel: wise light debug, data[2].type is 65627,data[2].sensor is 91:[70.000000,,175.000000,,3.000000,0.000000,53910773301515]
01-22 19:49:57.280   954  1023 I sensors-hal-OriginChannel: wise light debug, data[1].type is 65627,data[1].sensor is 91:[70.000000,,200.000000,,7.000000,0.000000,53910973483761]
01-22 19:49:57.481   954  1023 I sensors-hal-OriginChannel: wise light debug, data[0].type is 65627,data[0].sensor is 91:[70.000000,,175.000000,,7.000000,0.000000,53911173330520]
01-22 19:49:57.569  3134  3554 D CommonScenarios-103-10305: transportLayerQosChange TransportLayerData{link_index=34, uid=10305, uplink_srtt=0, uplink_packets=0, uplink_retrans_packets=0, uplink_retrans_rate=0, downlink_srtt=0, downlink_packets=0, downlink_retrans_packets=0, downlink_retrans_rate=0, downlink_rate=0, uplink_udp_packets=0, downlink_udp_packets=0, uplink_tcp_rate=0, uplink_udp_rate=0, downlink_tcp_rate=0, downlink_udp_rate=0}
01-22 19:49:57.569  3134  3554 D CommonScenarios-103-10305: ActiveState process message 2
01-22 19:49:57.569  3134  3554 D CommonScenarios-103-10305: ActiveState EVENT_NETWORK_KPI_CHANGE
01-22 19:49:57.569  3134  3554 D CommonScenarios-103-10305: transport layer data is invalid
01-22 19:49:57.569  3134  3554 D CommonScenarios-103-10305: ActiveState EVENT_NETWORK_KPI_CHANGE score is invalid
01-22 19:49:57.680   954  1023 I sensors-hal-OriginChannel: wise light debug, data[4].type is 65627,data[4].sensor is 91:[70.000000,,175.000000,,7.000000,0.000000,53911373526771]
01-22 19:49:57.683  1749  1949 D OplusSmartBrightnessController: handleMessage MSG_LUX_CHANGED, mLux:13.697707 luxQueue=[13.697706, 13.697706, 13.697706, 13.697706, 13.697706, 13.697706, 13.697706, 13.697706, 13.697706, 13.697706, 13.697706]
01-22 19:49:57.880   954  1023 I sensors-hal-OriginChannel: wise light debug, data[1].type is 65627,data[1].sensor is 91:[70.000000,,150.000000,,7.000000,0.000000,53911573084665]
01-22 19:49:58.081   954  1023 I sensors-hal-OriginChannel: wise light debug, data[2].type is 65627,data[2].sensor is 91:[72.000000,,150.000000,,6.000000,0.000000,53911773473890]
01-22 19:49:58.281   954  1023 I sensors-hal-OriginChannel: wise light debug, data[4].type is 65627,data[4].sensor is 91:[72.000000,,150.000000,,10.000000,0.000000,53911973282516]
01-22 19:49:58.283  1086  4132 D SurfaceFlinger: captureDisplay from pid 1086 uid -1 display 4627039422300187648
01-22 19:49:58.481   954  1023 I sensors-hal-OriginChannel: wise light debug, data[2].type is 65627,data[2].sensor is 91:[72.000000,,175.000000,,3.000000,0.000000,53912172877280]
01-22 19:49:58.592  3134  3554 D CommonScenarios-103-10305: transportLayerQosChange TransportLayerData{link_index=34, uid=10305, uplink_srtt=0, uplink_packets=0, uplink_retrans_packets=0, uplink_retrans_rate=0, downlink_srtt=0, downlink_packets=0, downlink_retrans_packets=0, downlink_retrans_rate=0, downlink_rate=0, uplink_udp_packets=0, downlink_udp_packets=0, uplink_tcp_rate=0, uplink_udp_rate=0, downlink_tcp_rate=0, downlink_udp_rate=0}
01-22 19:49:58.593  3134  3554 D CommonScenarios-103-10305: ActiveState process message 2
