01-22 19:49:03.298  3134  3554 D CommonScenarios-103-10305: ActiveState process message 2
01-22 19:49:03.298  3134  3554 D CommonScenarios-103-10305: ActiveState EVENT_NETWORK_KPI_CHANGE
01-22 19:49:03.298  3134  3554 D CommonScenarios-103-10305: transport layer data is invalid
01-22 19:49:03.298  3134  3554 D CommonScenarios-103-10305: ActiveState EVENT_NETWORK_KPI_CHANGE score is invalid
01-22 19:49:03.480   954  1023 I sensors-hal-OriginChannel: wise light debug, data[0].type is 65627,data[0].sensor is 91:[76.000000,,175.000000,,9.000000,0.000000,53857173607094]
01-22 19:49:03.637   954  1023 I sensors-hal-HfLooper: distance = 0.000000, data = 264, count = 0
01-22 19:49:03.641  1749  2174 D SensorFusionExtImpl: SensorFusion::process proximity
01-22 19:49:03.642  1749  1947 D ColorAutomaticBrightnessController: Proximity Sensor Changed, current state:near
01-22 19:49:03.680   954  1023 I sensors-hal-OriginChannel: wise light debug, data[0].type is 65627,data[0].sensor is 91:[64.000000,,25.000000,,3.000000,0.000000,53857373340618]
01-22 19:49:03.881   954  1023 I sensors-hal-OriginChannel: wise light debug, data[2].type is 65627,data[2].sensor is 91:[66.000000,,25.000000,,3.000000,0.000000,53857573492041]
01-22 19:49:03.884  1749  1947 I OplusSmartBrightnessController: deltaLux = 0.18900108, scale = 1.0
01-22 19:49:03.885  1749  1949 D OplusSmartBrightnessController: handleMessage MSG_LUX_CHANGED, mLux:15.067956 luxQueue=[15.067957, 15.067957, 15.067957, 15.067957, 15.067957, 15.067957, 15.067957, 15.067957, 15.067957, 15.067957, 15.067957, 15.067957]
01-22 19:49:04.081   954  1023 I sensors-hal-OriginChannel: wise light debug, data[2].type is 65627,data[2].sensor is 91:[66.000000,,25.000000,,7.000000,0.000000,53857773281551]
01-22 19:49:04.143  1749  1947 D ColorAutomaticBrightnessController: MSG_PROXIMITY_CHANGE near
01-22 19:49:04.143  1749  1947 D OplusSmartBrightnessController: lock AIBrightnessModel, because of proximity near
01-22 19:49:04.244  1749  1912 I WindowManager: defer call onFirstWindowDrawn until mainwindow drawn:Window{c0ad258 u0 com.heytap.browser}
01-22 19:49:04.264  1086  1086 D Layer   : reparent to null sequence=3728, seq[1], name=WindowToken{dc29a2e type=2005 android.os.Binder@d04b4a9}#3728
01-22 19:49:04.279   954  1023 I sensors-hal-OriginChannel: wise light debug, data[2].type is 65627,data[2].sensor is 91:[65.000000,,25.000000,,7.000000,0.000000,53857973478483]
01-22 19:49:04.280  1086  1086 I BufferQueueDebug: [WindowToken{dc29a2e type=2005 android.os.Binder@d04b4a9}#3728](this:0xb400007e89ee68f8,id:-1,api:0,p:-1,c:1086) onDestructor()
01-22 19:49:04.280  1086  1086 E Layer   : detect multiple ~Layer
01-22 19:49:04.320  3134  3554 D CommonScenarios-103-10305: transportLayerQosChange TransportLayerData{link_index=34, uid=10305, uplink_srtt=0, uplink_packets=0, uplink_retrans_packets=0, uplink_retrans_rate=0, downlink_srtt=0, downlink_packets=0, downlink_retrans_packets=0, downlink_retrans_rate=0, downlink_rate=0, uplink_udp_packets=0, downlink_udp_packets=0, uplink_tcp_rate=0, uplink_udp_rate=0, downlink_tcp_rate=0, downlink_udp_rate=0}
01-22 19:49:04.321  3134  3554 D CommonScenarios-103-10305: ActiveState process message 2
01-22 19:49:04.321  3134  3554 D CommonScenarios-103-10305: ActiveState EVENT_NETWORK_KPI_CHANGE
01-22 19:49:04.321  3134  3554 D CommonScenarios-103-10305: transport layer data is invalid
01-22 19:49:04.321  3134  3554 D CommonScenarios-103-10305: ActiveState EVENT_NETWORK_KPI_CHANGE score is invalid
01-22 19:49:04.458  3203  3203 D AtCmdIndication: handleMessage what:1001
01-22 19:49:04.458  3203  3203 D AtCmdParser: [PHONE0]< com.oplus.telephony.AtCmdParser$2@b7d4230 urc ind:+ECSQ: 14,55,-292,1,1,-51,-343,4096,5,3
01-22 19:49:04.481   954  1023 I sensors-hal-OriginChannel: wise light debug, data[4].type is 65627,data[4].sensor is 91:[68.000000,,25.000000,,25.000000,0.000000,53858173297257]
01-22 19:49:04.681   954  1023 I sensors-hal-OriginChannel: wise light debug, data[2].type is 65627,data[2].sensor is 91:[65.000000,,25.000000,,26.000000,0.000000,53858373515075]
01-22 19:49:04.696  9997 14624 I TeaLog  : s worked:true 60000
01-22 19:49:04.792   989  1074 D vendor.oplus.hardware.charger-V3-service: read content:,299,-2740,4389,4389,0,500,2200,100,100,1,4,-1,5075,100,1,1048704,1,1,0,0,4425,0,10,0,10,0,1,0,302,0,4,2,0,0,61,61,61,0,0,0,0,0,0,0,0,0,0
01-22 19:49:04.792   989  1074 D vendor.oplus.hardware.charger-V3-service: , ret_value:138
01-22 19:49:04.792   989  1074 D vendor.oplus.hardware.charger-V3-service: gmtime: 2026-01-22-19-49-04
01-22 19:49:04.881   954  1023 I sensors-hal-OriginChannel: wise light debug, data[2].type is 65627,data[2].sensor is 91:[64.000000,,25.000000,,27.000000,0.000000,53858573027345]
01-22 19:49:04.884  1749  1949 D OplusSmartBrightnessController: handleMessage MSG_LUX_CHANGED, mLux:15.067956 luxQueue=[15.067957, 15.067957, 15.067957, 15.067957, 15.067957]
01-22 19:49:04.885  1749  1949 I OplusSmartBrightnessController: handleUpdateBrightness, don`t update bright because system has been locked by proximity.
01-22 19:49:05.081   954  1023 I sensors-hal-OriginChannel: wise light debug, data[3].type is 65627,data[3].sensor is 91:[69.000000,,25.000000,,3.000000,0.000000,53858773540571]
01-22 19:49:05.137   954  1023 I sensors-hal-HfLooper: distance = 5.000000, data = 265, count = 0
01-22 19:49:05.140  1749  2174 D SensorFusionExtImpl: SensorFusion::process proximity
01-22 19:49:05.141  1749  1947 D ColorAutomaticBrightnessController: Proximity Sensor Changed, current state:Far
01-22 19:49:05.237   954  1023 I sensors-hal-HfLooper: distance = 0.000000, data = 266, count = 0
01-22 19:49:05.241  1749  2174 D SensorFusionExtImpl: SensorFusion::process proximity
01-22 19:49:05.242  1749  1947 D ColorAutomaticBrightnessController: Proximity Sensor Changed, current state:near
01-22 19:49:05.281   954  1023 I sensors-hal-OriginChannel: wise light debug, data[0].type is 65627,data[0].sensor is 91:[61.000000,,25.000000,,1.000000,0.000000,53858973439897]
01-22 19:49:05.346  3134  3554 D CommonScenarios-103-10305: transportLayerQosChange TransportLayerData{link_index=34, uid=10305, uplink_srtt=0, uplink_packets=0, uplink_retrans_packets=0, uplink_retrans_rate=0, downlink_srtt=0, downlink_packets=0, downlink_retrans_packets=0, downlink_retrans_rate=0, downlink_rate=0, uplink_udp_packets=0, downlink_udp_packets=0, uplink_tcp_rate=0, uplink_udp_rate=0, downlink_tcp_rate=0, downlink_udp_rate=0}
01-22 19:49:05.346  3134  3554 D CommonScenarios-103-10305: ActiveState process message 2
01-22 19:49:05.346  3134  3554 D CommonScenarios-103-10305: ActiveState EVENT_NETWORK_KPI_CHANGE
01-22 19:49:05.346  3134  3554 D CommonScenarios-103-10305: transport layer data is invalid
01-22 19:49:05.346  3134  3554 D CommonScenarios-103-10305: ActiveState EVENT_NETWORK_KPI_CHANGE score is invalid
01-22 19:49:05.437   954  1023 I sensors-hal-HfLooper: distance = 5.000000, data = 267, count = 0
01-22 19:49:05.441  1749  2174 D SensorFusionExtImpl: SensorFusion::process proximity
01-22 19:49:05.442  1749  1947 D ColorAutomaticBrightnessController: Proximity Sensor Changed, current state:Far
01-22 19:49:05.481   954  1023 I sensors-hal-OriginChannel: wise light debug, data[0].type is 65627,data[0].sensor is 91:[68.000000,,50.000000,,3.000000,0.000000,53859173484469]
01-22 19:49:05.589  2434  2434 I android.hardware.wifi@1.0-service-lazy: WifiCommand::requestResponse err=-14
01-22 19:49:05.589  2434  2434 I WifiHAL : wifi_get_link_stats: result=-1
01-22 19:49:05.590  1749  2331 E WifiStaIfaceHidlImpl: getLinkLayerStatsV1_5 failed with status: {.code = ERROR_UNKNOWN, .description = unknown}
01-22 19:49:05.647  1086  1086 I BufferQueueProducer: [StatusBar#85](this:0xb400007e9a8508f8,id:-1,api:0,p:-1,c:1086) queueBuffer: fps=0.33 dur=3016.76 max=3016.76 min=3016.76
01-22 19:49:05.680   954  1023 I sensors-hal-OriginChannel: wise light debug, data[3].type is 65627,data[3].sensor is 91:[68.000000,,200.000000,,3.000000,0.000000,53859373585796]
01-22 19:49:05.880   954  1023 I sensors-hal-OriginChannel: wise light debug, data[2].type is 65627,data[2].sensor is 91:[68.000000,,175.000000,,3.000000,0.000000,53859573579344]
01-22 19:49:05.883  1749  1949 D OplusSmartBrightnessController: handleMessage MSG_LUX_CHANGED, mLux:15.067956 luxQueue=[15.067957, 15.067957, 15.067957, 15.067957, 15.067957]
01-22 19:49:05.883  1749  1949 I OplusSmartBrightnessController: handleUpdateBrightness, don`t update bright because system has been locked by proximity.
01-22 19:49:05.908  1749  3256 I OplusHansManager : uid=10272, pkg=com.tencent.mm F enter(), M stay=10
01-22 19:49:05.909  5354  5354 D IHansComunication: HANS sendMessageToKernel: threadId = 488029854896, netLinkSetup = 1, type = PKG, targetUid = 10272, pkgCmd = ADD_ONE_UID
01-22 19:49:05.912  1749  3256 I OplusHansManager : freeze uid: 10272 com.tencent.mm pids: [14268, 19149] scene: LcdOn
01-22 19:49:05.913  5354  5354 D IHansComunication: HANS sendMessageToKernel: threadId = 488029854896, netLinkSetup = 1, type = PKG, targetUid = 10272, pkgCmd = ADD_ONE_UID
01-22 19:49:05.913  1749  3261 I OplusHansManager : p_BC uid=10272 pkg=com.tencent.mm
01-22 19:49:05.913  1749  3261 I OplusBinderProxy: proxyBinder uid: 10272 pkg: com.tencent.mm proxy: true calling: OFreezer
01-22 19:49:05.920  1749  2748 I OplusHansManager : unfreeze uid: 10272 com.tencent.mm pids: [14268, 19149] reason: ExecutingComponent scene: LcdOn
01-22 19:49:05.921  1749  3256 I OplusHansManager : uid=10272, pkg=com.tencent.mm F exit(), F stay=0, reason=ExecutingComponent
01-22 19:49:05.922  1749  3261 I OplusHansManager : up_BC uid=10272 pkg=com.tencent.mm
01-22 19:49:05.922  1749  3261 I OplusBinderProxy: proxyBinder uid: 10272 pkg: com.tencent.mm proxy: false calling: OFreezer
01-22 19:49:05.942  1749  1947 D ColorAutomaticBrightnessController: MSG_PROXIMITY_CHANGE far
01-22 19:49:05.942  1749  1947 D OplusSmartBrightnessController: unlock AIBrightnessModel, because of proximity far
01-22 19:49:05.943  1749  1949 I OplusSmartBrightnessController: handleMessage MSG_CLEAR_LUXQUEUE.
01-22 19:49:05.972  1134  1134 I libPerfCtl: gbeGetCmd ioctl_ret:-1
01-22 19:49:05.972  1749  2169 W ProcessStats: Tracking association SourceState{f83a3e0 com.heytap.htms:cloudctrl/10159 BFgs #29905} whose proc state 4 is better than process ProcessState{fcd4c7b com.heytap.htms/10159 pkg=com.heytap.htms} proc state 9 (4 skipped)
01-22 19:49:06.079   954  1023 I sensors-hal-OriginChannel: wise light debug, data[2].type is 65627,data[2].sensor is 91:[68.000000,,200.000000,,7.000000,0.000000,53859773518397]
01-22 19:49:06.281   954  1023 I sensors-hal-OriginChannel: wise light debug, data[2].type is 65627,data[2].sensor is 91:[67.000000,,200.000000,,7.000000,0.000000,53859973511983]
01-22 19:49:06.370  3134  3554 D CommonScenarios-103-10305: transportLayerQosChange TransportLayerData{link_index=34, uid=10305, uplink_srtt=0, uplink_packets=0, uplink_retrans_packets=0, uplink_retrans_rate=0, downlink_srtt=0, downlink_packets=0, downlink_retrans_packets=0, downlink_retrans_rate=0, downlink_rate=0, uplink_udp_packets=0, downlink_udp_packets=0, uplink_tcp_rate=0, uplink_udp_rate=0, downlink_tcp_rate=0, downlink_udp_rate=0}
01-22 19:49:06.370  3134  3554 D CommonScenarios-103-10305: ActiveState process message 2
01-22 19:49:06.370  3134  3554 D CommonScenarios-103-10305: ActiveState EVENT_NETWORK_KPI_CHANGE
01-22 19:49:06.370  3134  3554 D CommonScenarios-103-10305: transport layer data is invalid
01-22 19:49:06.370  3134  3554 D CommonScenarios-103-10305: ActiveState EVENT_NETWORK_KPI_CHANGE score is invalid
01-22 19:49:06.379 10082 30973 E Oms-SDK.: [WearableApiManager]Service---->true
01-22 19:49:06.382  1749  2690 W ActivityManager: Unable to start service Intent { act=com.heytap.wearable.oms.SERVICE pkg=com.heytap.health mCallingUid=10099 } U=0: not found
01-22 19:49:06.481   954  1023 I sensors-hal-OriginChannel: wise light debug, data[4].type is 65627,data[4].sensor is 91:[66.000000,,175.000000,,3.000000,0.000000,53860173297204]
01-22 19:49:06.629   954  1026 E VirtualSensors: pedo minute, step_count = 0, report_count = 566 move_statust = 0 ,time_gap = 0 , step_run_count = 0 , step_walk_count = 0
01-22 19:49:06.630   954  1026 E power   : ISystemSuspend::getService() failed.
01-22 19:49:06.630   954  1026 E VirtualSensors: post_events : call
01-22 19:49:06.641  1749  2174 E AppOps  : attributionTag  not declared in manifest of com.oplus.exsystemservice
01-22 19:49:06.645  2527  2527 V SystemSensorManagerExtImpl: Pedometer minute step counter dispatchSensorEvent step 0.0 to + i.b$b@1f9053f
01-22 19:49:06.645  2527  2527 I StepApp_StepDataPreHandler: (main)onSensorChanged raw data: step=0.0 state=0.0 minuteDelta=0.0 timestamp=53860322948897 steprun=0.0 stepwalk=0.0 formatted data: step=0 state=0 timestamp=53860322948897 time=1769082546628 steprun=0 stepwalk=0
01-22 19:49:06.646  2527 12326 I StepApp_StepDataSaver: (StepDataDispatcher)getNewFixedOffsetStep type is STEP
01-22 19:49:06.647  2527 12326 I StepApp_StepDataSaver: (StepDataDispatcher)isRebootCountStep:false	 lastRealTimeStamp = 1769082480000	 bootTimestamp = 1769028686305	 mLastModifiedMinuteTime = 2026-01-22-19-48
01-22 19:49:06.647  2527 12326 I StepApp_StepDataSaver: (StepDataDispatcher)calOffSet:sensorStep = 0	 lastModifiedStep = 0	 offSet = 0
01-22 19:49:06.647  2527 12326 I StepApp_StepDataSaver: (StepDataDispatcher)getNewFixedOffsetStep type is RUN
01-22 19:49:06.648  2527 12326 I StepApp_StepDataSaver: (StepDataDispatcher)isRebootCountStep:false	 lastRealTimeStamp = 1769082480000	 bootTimestamp = 1769028686305	 mLastModifiedMinuteTime = 2026-01-22-19-48
01-22 19:49:06.648  2527 12326 I StepApp_StepDataSaver: (StepDataDispatcher)calOffSet:sensorStep = 0	 lastModifiedStep = 0	 offSet = 0
01-22 19:49:06.648  2527 12326 I StepApp_StepDataSaver: (StepDataDispatcher)getNewFixedOffsetStep type is WALK
01-22 19:49:06.648  2527 12326 I StepApp_StepDataSaver: (StepDataDispatcher)isRebootCountStep:false	 lastRealTimeStamp = 1769082480000	 bootTimestamp = 1769028686305	 mLastModifiedMinuteTime = 2026-01-22-19-48
01-22 19:49:06.648  2527 12326 I StepApp_StepDataSaver: (StepDataDispatcher)calOffSet:sensorStep = 0	 lastModifiedStep = 0	 offSet = 0
01-22 19:49:06.650  1749  2174 E AppOps  : attributionTag  not declared in manifest of com.oplus.exsystemservice
01-22 19:49:06.651  2527  2527 V SystemSensorManagerExtImpl: Pedometer minute step counter dispatchSensorEvent step 0.0 to + j.a$a@2ef680d
01-22 19:49:06.681   954  1023 I sensors-hal-OriginChannel: wise light debug, data[0].type is 65627,data[0].sensor is 91:[66.000000,,200.000000,,7.000000,0.000000,53860373530661]
01-22 19:49:06.683  1086  4132 D SurfaceFlinger: captureDisplay from pid 1086 uid -1 display 4627039422300187648
01-22 19:49:06.881   954  1023 I sensors-hal-OriginChannel: wise light debug, data[1].type is 65627,data[1].sensor is 91:[66.000000,,175.000000,,11.000000,0.000000,53860573310747]
01-22 19:49:07.079   954  1023 I sensors-hal-OriginChannel: wise light debug, data[4].type is 65627,data[4].sensor is 91:[62.000000,,175.000000,,4.000000,0.000000,53860773522993]
01-22 19:49:07.238   954  1023 I sensors-hal-HfLooper: distance = 0.000000, data = 268, count = 0
01-22 19:49:07.241  1749  2174 D SensorFusionExtImpl: SensorFusion::process proximity
01-22 19:49:07.242  1749  1947 D ColorAutomaticBrightnessController: Proximity Sensor Changed, current state:near
01-22 19:49:07.281   954  1023 I sensors-hal-OriginChannel: wise light debug, data[0].type is 65627,data[0].sensor is 91:[66.000000,,25.000000,,7.000000,0.000000,53860973022358]
01-22 19:49:07.394  3134  3554 D CommonScenarios-103-10305: transportLayerQosChange TransportLayerData{link_index=34, uid=10305, uplink_srtt=0, uplink_packets=0, uplink_retrans_packets=0, uplink_retrans_rate=0, downlink_srtt=0, downlink_packets=0, downlink_retrans_packets=0, downlink_retrans_rate=0, downlink_rate=0, uplink_udp_packets=0, downlink_udp_packets=0, uplink_tcp_rate=0, uplink_udp_rate=0, downlink_tcp_rate=0, downlink_udp_rate=0}
01-22 19:49:07.394  3134  3554 D CommonScenarios-103-10305: ActiveState process message 2
01-22 19:49:07.394  3134  3554 D CommonScenarios-103-10305: ActiveState EVENT_NETWORK_KPI_CHANGE
01-22 19:49:07.394  3134  3554 D CommonScenarios-103-10305: transport layer data is invalid
01-22 19:49:07.394  3134  3554 D CommonScenarios-103-10305: ActiveState EVENT_NETWORK_KPI_CHANGE score is invalid
01-22 19:49:07.481   954  1023 I sensors-hal-OriginChannel: wise light debug, data[0].type is 65627,data[0].sensor is 91:[68.000000,,25.000000,,3.000000,0.000000,53861173452237]
01-22 19:49:07.637   954  1023 I sensors-hal-HfLooper: distance = 5.000000, data = 269, count = 0
01-22 19:49:07.640  1749  2174 D SensorFusionExtImpl: SensorFusion::process proximity
01-22 19:49:07.641  1749  1947 D ColorAutomaticBrightnessController: Proximity Sensor Changed, current state:Far
01-22 19:49:07.650  2527 12326 I StepApp_StepProvider: (StepDataDispatcher)query:uri=content://com.oplus.healthservice.stepprovider/step_data	projection=[Ljava.lang.String;@e0ad25d	selection=minute_time = '2026-01-22-19-49'	selectionArgs=null	sortOrder=null
01-22 19:49:07.654  2527 12326 I StepApp_StepProvider: (StepDataDispatcher)query:uri=content://com.oplus.healthservice.stepprovider/step_data	projection=[Ljava.lang.String;@7a217d2	selection=minute_time = '2026-01-22-19-49'	selectionArgs=null	sortOrder=null
01-22 19:49:07.656  2527 12326 I StepApp_StepProvider: (StepDataDispatcher)query:uri=content://com.oplus.healthservice.stepprovider/step_data	projection=[Ljava.lang.String;@1b250a3	selection=minute_time = '2026-01-22-19-49'	selectionArgs=null	sortOrder=null
01-22 19:49:07.660  2527 12326 I StepApp_StepProvider: (StepDataDispatcher)query:uri=content://com.oplus.healthservice.stepprovider/day_statistic	projection=[Ljava.lang.String;@e902fa0	selection=day_date = '2026-01-22'	selectionArgs=null	sortOrder=null
01-22 19:49:07.661  2527 12326 I StepApp_StepProvider: (StepDataDispatcher)query:uri=content://com.oplus.healthservice.stepprovider/day_statistic	projection=[Ljava.lang.String;@7a73759	selection=day_date = '2026-01-22'	selectionArgs=null	sortOrder=null
01-22 19:49:07.662  2527 12326 I StepApp_StepProvider: (StepDataDispatcher)query:uri=content://com.oplus.healthservice.stepprovider/day_statistic	projection=[Ljava.lang.String;@ce5df1e	selection=day_date = '2026-01-22'	selectionArgs=null	sortOrder=null
01-22 19:49:07.677  2527  2549 I StepApp_StepProvider: (binder:2527_3)call:package=com.oplus.metis	method=method_call_by_assistantscreen_and_health_from_table_day_step_data	arg=	extras=Bundle[mParcelledData.dataSize=296]	pid=2527
01-22 19:49:07.678  2527  2549 I StepApp_StepProvider: (binder:2527_3)parserQueryData:queryData=QueryData(uri=content://com.oplus.healthservice.stepprovider/day_statistic, projection=null, selection=day_date=?, selectionArgs=[2026-01-22], sortOrder=null, startPos=null)
01-22 19:49:07.678  2527  2549 I StepApp_StepProvider: (binder:2527_3)query:uri=content://com.oplus.healthservice.stepprovider/day_statistic	projection=null	selection=day_date=?	selectionArgs=[Ljava.lang.String;@70f53ff	sortOrder=null
01-22 19:49:07.679   954  1023 I sensors-hal-OriginChannel: wise light debug, data[2].type is 65627,data[2].sensor is 91:[70.000000,,150.000000,,7.000000,0.000000,53861373872944]
01-22 19:49:07.683  2527  2549 I StepApp_StepProvider: (binder:2527_3)resultListString :[{"date":"2026-01-22","offset":0,"offsetRun":0,"offsetWalk":0,"step":0,"stepRun":0,"stepWalk":0,"timestamp":0}]
01-22 19:49:07.881   954  1023 I sensors-hal-OriginChannel: wise light debug, data[2].type is 65627,data[2].sensor is 91:[72.000000,,125.000000,,6.000000,0.000000,53861573465483]
01-22 19:49:08.081   954  1023 I sensors-hal-OriginChannel: wise light debug, data[2].type is 65627,data[2].sensor is 91:[74.000000,,200.000000,,3.000000,0.000000,53861773728224]
01-22 19:49:08.142  1749  1947 D ColorAutomaticBrightnessController: MSG_PROXIMITY_CHANGE far
01-22 19:49:08.279   954  1023 I sensors-hal-OriginChannel: wise light debug, data[2].type is 65627,data[2].sensor is 91:[70.000000,,150.000000,,3.000000,0.000000,53861973313550]
01-22 19:49:08.416  3134  3554 D CommonScenarios-103-10305: transportLayerQosChange TransportLayerData{link_index=34, uid=10305, uplink_srtt=0, uplink_packets=0, uplink_retrans_packets=0, uplink_retrans_rate=0, downlink_srtt=0, downlink_packets=0, downlink_retrans_packets=0, downlink_retrans_rate=0, downlink_rate=0, uplink_udp_packets=0, downlink_udp_packets=0, uplink_tcp_rate=0, uplink_udp_rate=0, downlink_tcp_rate=0, downlink_udp_rate=0}
01-22 19:49:08.417  3134  3554 D CommonScenarios-103-10305: ActiveState process message 2
01-22 19:49:08.417  3134  3554 D CommonScenarios-103-10305: ActiveState EVENT_NETWORK_KPI_CHANGE
01-22 19:49:08.417  3134  3554 D CommonScenarios-103-10305: transport layer data is invalid
01-22 19:49:08.417  3134  3554 D CommonScenarios-103-10305: ActiveState EVENT_NETWORK_KPI_CHANGE score is invalid
01-22 19:49:08.433   989  1069 D vendor.oplus.hardware.charger-V3-service: BmsAcOnline: ac_online = 0
01-22 19:49:08.434   989  1069 D vendor.oplus.hardware.charger-V3-service: BmsAcOnline: usb online and usb_type = 1.
01-22 19:49:08.434   989  1069 D vendor.oplus.hardware.charger-V3-service: BmsAcOnline: usb online and usb charging
01-22 19:49:08.480   954  1023 I sensors-hal-OriginChannel: wise light debug, data[4].type is 65627,data[4].sensor is 91:[74.000000,,150.000000,,6.000000,0.000000,53862173509521]
01-22 19:49:08.548   989  1069 D vendor.oplus.hardware.charger-V3-service: BmsAcOnline: ac_online = 0
01-22 19:49:08.549   989  1069 D vendor.oplus.hardware.charger-V3-service: BmsAcOnline: usb online and usb_type = 1.
01-22 19:49:08.549   989  1069 D vendor.oplus.hardware.charger-V3-service: BmsAcOnline: usb online and usb charging
01-22 19:49:08.607  2434  2434 I android.hardware.wifi@1.0-service-lazy: WifiCommand::requestResponse err=-14
01-22 19:49:08.607  2434  2434 I WifiHAL : wifi_get_link_stats: result=-1
01-22 19:49:08.608  1749  2331 E WifiStaIfaceHidlImpl: getLinkLayerStatsV1_5 failed with status: {.code = ERROR_UNKNOWN, .description = unknown}
01-22 19:49:08.638  1086  1160 E SurfaceFlinger: midas  refreshRate = 60
01-22 19:49:08.668  1086  1086 I BufferQueueProducer: [StatusBar#85](this:0xb400007e9a8508f8,id:-1,api:0,p:-1,c:1086) queueBuffer: fps=0.33 dur=3020.57 max=3020.57 min=3020.57
01-22 19:49:08.679   954  1023 I sensors-hal-OriginChannel: wise light debug, data[1].type is 65627,data[1].sensor is 91:[76.000000,,175.000000,,9.000000,0.000000,53862373330445]
01-22 19:49:08.880   954  1023 I sensors-hal-OriginChannel: wise light debug, data[2].type is 65627,data[2].sensor is 91:[76.000000,,175.000000,,6.000000,0.000000,53862573507704]
01-22 19:49:09.012  1749  2452 D OplusNetKit: interface name from LP: [wlan0]
01-22 19:49:09.012  1749  2452 D OplusNetKit: in getLpByInterface name from LP: [wlan0]
01-22 19:49:09.012  1749  2452 D OplusNetKit: in getLpByInterface name from LP: [wlan0]
01-22 19:49:09.046  1749  2452 D OplusArpKit: sendGatewayMacAddress ifaceName=wlan0 gatewayMac=a4:**:**:**:92:91 gatewayIp=192.168.0.***
01-22 19:49:09.049  1749  2450 D OplusNetKit: in getLpByInterface name from LP: [wlan0]
01-22 19:49:09.081   954  1023 I sensors-hal-OriginChannel: wise light debug, data[4].type is 65627,data[4].sensor is 91:[76.000000,,175.000000,,6.000000,0.000000,53862773512859]
01-22 19:49:09.084  1749  1947 I OplusSmartBrightnessController: deltaLux = 3.2129984, scale = 1.0
01-22 19:49:09.085  1749  1949 D OplusSmartBrightnessController: handleMessage MSG_LUX_CHANGED, mLux:11.854958 luxQueue=[11.854958, 11.854958, 11.854958, 11.854958, 11.854958, 11.854958, 11.854958, 11.854958, 11.854958, 11.854958, 11.854958, 11.854958]
01-22 19:49:09.281   954  1023 I sensors-hal-OriginChannel: wise light debug, data[2].type is 65627,data[2].sensor is 91:[76.000000,,150.000000,,6.000000,0.000000,53862973300854]
01-22 19:49:09.442  3134  3554 D CommonScenarios-103-10305: transportLayerQosChange TransportLayerData{link_index=34, uid=10305, uplink_srtt=0, uplink_packets=0, uplink_retrans_packets=0, uplink_retrans_rate=0, downlink_srtt=0, downlink_packets=0, downlink_retrans_packets=0, downlink_retrans_rate=0, downlink_rate=0, uplink_udp_packets=0, downlink_udp_packets=0, uplink_tcp_rate=0, uplink_udp_rate=0, downlink_tcp_rate=0, downlink_udp_rate=0}
01-22 19:49:09.442  3134  3554 D CommonScenarios-103-10305: ActiveState process message 2
01-22 19:49:09.442  3134  3554 D CommonScenarios-103-10305: ActiveState EVENT_NETWORK_KPI_CHANGE
01-22 19:49:09.442  3134  3554 D CommonScenarios-103-10305: transport layer data is invalid
01-22 19:49:09.442  3134  3554 D CommonScenarios-103-10305: ActiveState EVENT_NETWORK_KPI_CHANGE score is invalid
01-22 19:49:09.481   954  1023 I sensors-hal-OriginChannel: wise light debug, data[0].type is 65627,data[0].sensor is 91:[77.000000,,200.000000,,6.000000,0.000000,53863173307315]
01-22 19:49:09.580  3203  3203 D AtCmdIndication: handleMessage what:1001
01-22 19:49:09.580  3203  3203 D AtCmdParser: [PHONE0]< com.oplus.telephony.AtCmdParser$2@b7d4230 urc ind:+ECSQ: 19,58,-287,1,1,-42,-329,4096,12,3
01-22 19:49:09.681   954  1023 I sensors-hal-OriginChannel: wise light debug, data[4].type is 65627,data[4].sensor is 91:[77.000000,,175.000000,,3.000000,0.000000,53863373599027]
01-22 19:49:09.793   989  1074 D vendor.oplus.hardware.charger-V3-service: read content:,299,-2740,4389,4389,0,500,2200,100,100,1,4,-1,5081,100,1,1048704,1,1,0,0,4425,0,10,0,10,0,1,0,302,0,4,2,0,0,61,61,61,0,0,0,0,0,0,0,0,0,0
01-22 19:49:09.793   989  1074 D vendor.oplus.hardware.charger-V3-service: , ret_value:138
01-22 19:49:09.793   989  1074 D vendor.oplus.hardware.charger-V3-service: gmtime: 2026-01-22-19-49-09
01-22 19:49:09.881   954  1023 I sensors-hal-OriginChannel: wise light debug, data[2].type is 65627,data[2].sensor is 91:[77.000000,,200.000000,,6.000000,0.000000,53863573760863]
01-22 19:49:10.044  1749  2452 E OplusArpPeer_euclid_psw: ARP read failure: android.system.ErrnoException: read failed: EAGAIN (Try again)
01-22 19:49:10.050  1749  2452 E OplusArpPeer_euclid_psw:  OplusArpPeer close
01-22 19:49:10.080   954  1023 I sensors-hal-OriginChannel: wise light debug, data[2].type is 65627,data[2].sensor is 91:[77.000000,,175.000000,,3.000000,0.000000,53863773471402]
01-22 19:49:10.280   954  1023 I sensors-hal-OriginChannel: wise light debug, data[4].type is 65627,data[4].sensor is 91:[76.000000,,200.000000,,6.000000,0.000000,53863973905190]
01-22 19:49:10.466  3134  3554 D CommonScenarios-103-10305: transportLayerQosChange TransportLayerData{link_index=34, uid=10305, uplink_srtt=0, uplink_packets=0, uplink_retrans_packets=0, uplink_retrans_rate=0, downlink_srtt=0, downlink_packets=0, downlink_retrans_packets=0, downlink_retrans_rate=0, downlink_rate=0, uplink_udp_packets=0, downlink_udp_packets=0, uplink_tcp_rate=0, uplink_udp_rate=0, downlink_tcp_rate=0, downlink_udp_rate=0}
01-22 19:49:10.466  3134  3554 D CommonScenarios-103-10305: ActiveState process message 2
01-22 19:49:10.466  3134  3554 D CommonScenarios-103-10305: ActiveState EVENT_NETWORK_KPI_CHANGE
01-22 19:49:10.466  3134  3554 D CommonScenarios-103-10305: transport layer data is invalid
01-22 19:49:10.466  3134  3554 D CommonScenarios-103-10305: ActiveState EVENT_NETWORK_KPI_CHANGE score is invalid
01-22 19:49:10.480   954  1023 I sensors-hal-OriginChannel: wise light debug, data[1].type is 65627,data[1].sensor is 91:[76.000000,,200.000000,,6.000000,0.000000,53864173508330]
01-22 19:49:10.681   954  1023 I sensors-hal-OriginChannel: wise light debug, data[2].type is 65627,data[2].sensor is 91:[76.000000,,150.000000,,3.000000,0.000000,53864373329460]
01-22 19:49:10.881   954  1023 I sensors-hal-OriginChannel: wise light debug, data[2].type is 65627,data[2].sensor is 91:[75.000000,,175.000000,,6.000000,0.000000,53864573480042]
01-22 19:49:10.952  1749  1914 D AES     : AEEIOCTL_GET/SET_SF_STATE IOCTL,cmd= 1074294797, lParam=0. 
01-22 19:49:10.952  1749  1914 D AES     : AEEIOCTL_RT_MON_Kick IOCTL,cmd= 2147774474, lParam=300. 
01-22 19:49:11.081   954  1023 I sensors-hal-OriginChannel: wise light debug, data[4].type is 65627,data[4].sensor is 91:[75.000000,,125.000000,,6.000000,0.000000,53864773325585]
01-22 19:49:11.085  1749  1949 D OplusSmartBrightnessController: handleMessage MSG_LUX_CHANGED, mLux:11.854958 luxQueue=[11.854958, 11.854958, 11.854958, 11.854958, 11.854958, 11.854958, 11.854958, 11.854958, 11.854958, 11.854958]
01-22 19:49:11.281   954  1023 I sensors-hal-OriginChannel: wise light debug, data[2].type is 65627,data[2].sensor is 91:[75.000000,,150.000000,,6.000000,0.000000,53864973474100]
01-22 19:49:11.479   954  1023 I sensors-hal-OriginChannel: wise light debug, data[0].type is 65627,data[0].sensor is 91:[75.000000,,200.000000,,9.000000,0.000000,53865173525863]
01-22 19:49:11.489  3134  3554 D CommonScenarios-103-10305: transportLayerQosChange TransportLayerData{link_index=34, uid=10305, uplink_srtt=0, uplink_packets=0, uplink_retrans_packets=0, uplink_retrans_rate=0, downlink_srtt=0, downlink_packets=0, downlink_retrans_packets=0, downlink_retrans_rate=0, downlink_rate=0, uplink_udp_packets=0, downlink_udp_packets=0, uplink_tcp_rate=0, uplink_udp_rate=0, downlink_tcp_rate=0, downlink_udp_rate=0}
01-22 19:49:11.489  3134  3554 D CommonScenarios-103-10305: ActiveState process message 2
01-22 19:49:11.489  3134  3554 D CommonScenarios-103-10305: ActiveState EVENT_NETWORK_KPI_CHANGE
01-22 19:49:11.489  3134  3554 D CommonScenarios-103-10305: transport layer data is invalid
01-22 19:49:11.489  3134  3554 D CommonScenarios-103-10305: ActiveState EVENT_NETWORK_KPI_CHANGE score is invalid
01-22 19:49:11.591  1749  2689 E OplusNetworkStatsNative: bpfGetAppPurStatsTotal return 0
01-22 19:49:11.592  3134  3554 D OplusUidPurStatsSerivce-NAS: checkLoopProcess mLastStatsValue:0; curStats:0
01-22 19:49:11.626  2434  2434 I android.hardware.wifi@1.0-service-lazy: WifiCommand::requestResponse err=-14
01-22 19:49:11.626  2434  2434 I WifiHAL : wifi_get_link_stats: result=-1
01-22 19:49:11.626  1749  2331 E WifiStaIfaceHidlImpl: getLinkLayerStatsV1_5 failed with status: {.code = ERROR_UNKNOWN, .description = unknown}
01-22 19:49:11.679   954  1023 I sensors-hal-OriginChannel: wise light debug, data[4].type is 65627,data[4].sensor is 91:[75.000000,,100.000000,,6.000000,0.000000,53865372861777]
01-22 19:49:11.881   954  1023 I sensors-hal-OriginChannel: wise light debug, data[2].type is 65627,data[2].sensor is 91:[75.000000,,200.000000,,6.000000,0.000000,53865573522393]
01-22 19:49:11.882   954  1021 W AString : ctor got NULL, using empty string instead
01-22 19:49:11.882   954  1021 I sensors-hal-SensorSavedChannel: [5326,2355,-206]==>gyro_bias.json
01-22 19:49:11.884  1086  4132 D SurfaceFlinger: captureDisplay from pid 1086 uid -1 display 4627039422300187648
01-22 19:49:11.971  1749  2646 D OplusCustomizeConnectivityManagerService: getBluetoothPolicies 2
01-22 19:49:11.971  1749  2646 D OplusCustomizeConnectivityManagerService: getBluetoothPolicies 2
01-22 19:49:12.081   954  1023 I sensors-hal-OriginChannel: wise light debug, data[2].type is 65627,data[2].sensor is 91:[90.000000,,175.000000,,8.000000,0.000000,53865773597239]
01-22 19:49:12.084  1749  2174 D FusionLightExtImpl: processRawLux stop to shot
01-22 19:49:12.085  1749  2174 D FusionLightExtImpl: processRawLux ShotOnce, after outEvent->light = 16.390957, comp_lux = 3.275358, RGB(26.000000, 26.000000, 46.000000), C = 8.000000, threshold = 1000, mBrightLevel = 1083
01-22 19:49:12.279   954  1023 I sensors-hal-OriginChannel: wise light debug, data[3].type is 65627,data[3].sensor is 91:[91.000000,,200.000000,,8.000000,0.000000,53865973517441]
01-22 19:49:12.280  1390  1390 I thermal_repeater: [recvMdThermalInfo] ret=29, strLen=127,  3, 30, -127, 0, 32767, 10441
01-22 19:49:12.459 12246 12989 D ScreenStatusProducer: Current queue status: isIdle = true, isPolling = true
01-22 19:49:12.481   954  1023 I sensors-hal-OriginChannel: wise light debug, data[2].type is 65627,data[2].sensor is 91:[90.000000,,150.000000,,2.000000,0.000000,53866173399306]
01-22 19:49:12.512  3134  3554 D CommonScenarios-103-10305: transportLayerQosChange TransportLayerData{link_index=34, uid=10305, uplink_srtt=0, uplink_packets=0, uplink_retrans_packets=0, uplink_retrans_rate=0, downlink_srtt=0, downlink_packets=0, downlink_retrans_packets=0, downlink_retrans_rate=0, downlink_rate=0, uplink_udp_packets=0, downlink_udp_packets=0, uplink_tcp_rate=0, uplink_udp_rate=0, downlink_tcp_rate=0, downlink_udp_rate=0}
01-22 19:49:12.513  3134  3554 D CommonScenarios-103-10305: ActiveState process message 2
01-22 19:49:12.513  3134  3554 D CommonScenarios-103-10305: ActiveState EVENT_NETWORK_KPI_CHANGE
01-22 19:49:12.513  3134  3554 D CommonScenarios-103-10305: transport layer data is invalid
01-22 19:49:12.513  3134  3554 D CommonScenarios-103-10305: ActiveState EVENT_NETWORK_KPI_CHANGE score is invalid
01-22 19:49:12.681   954  1023 I sensors-hal-OriginChannel: wise light debug, data[2].type is 65627,data[2].sensor is 91:[91.000000,,175.000000,,8.000000,0.000000,53866373281517]
01-22 19:49:12.881   954  1023 I sensors-hal-OriginChannel: wise light debug, data[2].type is 65627,data[2].sensor is 91:[91.000000,,175.000000,,8.000000,0.000000,53866573506378]
01-22 19:49:13.081   954  1023 I sensors-hal-OriginChannel: wise light debug, data[3].type is 65627,data[3].sensor is 91:[91.000000,,150.000000,,5.000000,0.000000,53866773333542]
01-22 19:49:13.085  1749  1949 D OplusSmartBrightnessController: handleMessage MSG_LUX_CHANGED, mLux:16.390957 luxQueue=[16.390957, 16.390957, 16.390957, 16.390957, 16.390957, 16.390957]
01-22 19:49:13.281   954  1023 I sensors-hal-OriginChannel: wise light debug, data[1].type is 65627,data[1].sensor is 91:[83.000000,,200.000000,,2.000000,0.000000,53866973492225]
01-22 19:49:13.479   954  1023 I sensors-hal-OriginChannel: wise light debug, data[0].type is 65627,data[0].sensor is 91:[83.000000,,125.000000,,6.000000,0.000000,53867173343047]
01-22 19:49:13.536  3134  3554 D CommonScenarios-103-10305: transportLayerQosChange TransportLayerData{link_index=34, uid=10305, uplink_srtt=0, uplink_packets=0, uplink_retrans_packets=0, uplink_retrans_rate=0, downlink_srtt=0, downlink_packets=0, downlink_retrans_packets=0, downlink_retrans_rate=0, downlink_rate=0, uplink_udp_packets=0, downlink_udp_packets=0, uplink_tcp_rate=0, uplink_udp_rate=0, downlink_tcp_rate=0, downlink_udp_rate=0}
01-22 19:49:13.539  3134  3554 D CommonScenarios-103-10305: ActiveState process message 2
01-22 19:49:13.540  3134  3554 D CommonScenarios-103-10305: ActiveState EVENT_NETWORK_KPI_CHANGE
01-22 19:49:13.540  3134  3554 D CommonScenarios-103-10305: transport layer data is invalid
01-22 19:49:13.540  3134  3554 D CommonScenarios-103-10305: ActiveState EVENT_NETWORK_KPI_CHANGE score is invalid
01-22 19:49:13.681   954  1023 I sensors-hal-OriginChannel: wise light debug, data[4].type is 65627,data[4].sensor is 91:[83.000000,,200.000000,,5.000000,0.000000,53867373533460]
01-22 19:49:13.879   954  1023 I sensors-hal-OriginChannel: wise light debug, data[1].type is 65627,data[1].sensor is 91:[76.000000,,100.000000,,6.000000,0.000000,53867572848249]
01-22 19:49:14.081   954  1023 I sensors-hal-OriginChannel: wise light debug, data[2].type is 65627,data[2].sensor is 91:[77.000000,,200.000000,,9.000000,0.000000,53867773531109]
01-22 19:49:14.279   954  1023 I sensors-hal-OriginChannel: wise light debug, data[4].type is 65627,data[4].sensor is 91:[86.000000,,175.000000,,5.000000,0.000000,53867973447753]
01-22 19:49:14.480   954  1023 I sensors-hal-OriginChannel: wise light debug, data[2].type is 65627,data[2].sensor is 91:[98.000000,,100.000000,,20.000000,0.000000,53868173521907]
01-22 19:49:14.560  3134  3554 D CommonScenarios-103-10305: transportLayerQosChange TransportLayerData{link_index=34, uid=10305, uplink_srtt=0, uplink_packets=0, uplink_retrans_packets=0, uplink_retrans_rate=0, downlink_srtt=0, downlink_packets=0, downlink_retrans_packets=0, downlink_retrans_rate=0, downlink_rate=0, uplink_udp_packets=0, downlink_udp_packets=0, uplink_tcp_rate=0, uplink_udp_rate=0, downlink_tcp_rate=0, downlink_udp_rate=0}
01-22 19:49:14.561  3134  3554 D CommonScenarios-103-10305: ActiveState process message 2
01-22 19:49:14.561  3134  3554 D CommonScenarios-103-10305: ActiveState EVENT_NETWORK_KPI_CHANGE
01-22 19:49:14.561  3134  3554 D CommonScenarios-103-10305: transport layer data is invalid
01-22 19:49:14.561  3134  3554 D CommonScenarios-103-10305: ActiveState EVENT_NETWORK_KPI_CHANGE score is invalid
01-22 19:49:14.640  2434  2434 I android.hardware.wifi@1.0-service-lazy: WifiCommand::requestResponse err=-14
01-22 19:49:14.640  2434  2434 I WifiHAL : wifi_get_link_stats: result=-1
01-22 19:49:14.641  1749  2331 E WifiStaIfaceHidlImpl: getLinkLayerStatsV1_5 failed with status: {.code = ERROR_UNKNOWN, .description = unknown}
01-22 19:49:14.680   954  1023 I sensors-hal-OriginChannel: wise light debug, data[2].type is 65627,data[2].sensor is 91:[100.000000,,175.000000,,7.000000,0.000000,53868373931407]
01-22 19:49:14.697  1086  1086 I BufferQueueProducer: [StatusBar#85](this:0xb400007e9a8508f8,id:-1,api:0,p:-1,c:1086) queueBuffer: fps=0.17 dur=6029.58 max=6029.58 min=6029.58
01-22 19:49:14.698  3203  3203 D AtCmdIndication: handleMessage what:1001
01-22 19:49:14.698  3203  3203 D AtCmdParser: [PHONE0]< com.oplus.telephony.AtCmdParser$2@b7d4230 urc ind:+ECSQ: 22,58,-293,1,1,-36,-329,4096,26,3
01-22 19:49:14.794   989  1074 D vendor.oplus.hardware.charger-V3-service: read content:,299,-2740,4389,4389,0,500,2200,100,100,1,4,-1,5075,100,1,1048704,1,1,0,0,4425,0,10,0,10,0,1,0,302,0,4,2,0,0,61,61,61,0,0,0,0,0,0,0,0,0,0
01-22 19:49:14.794   989  1074 D vendor.oplus.hardware.charger-V3-service: , ret_value:138
01-22 19:49:14.795   989  1074 D vendor.oplus.hardware.charger-V3-service: gmtime: 2026-01-22-19-49-14
01-22 19:49:14.881   954  1023 I sensors-hal-OriginChannel: wise light debug, data[2].type is 65627,data[2].sensor is 91:[93.000000,,150.000000,,8.000000,0.000000,53868573397331]
01-22 19:49:15.081   954  1023 I sensors-hal-OriginChannel: wise light debug, data[3].type is 65627,data[3].sensor is 91:[94.000000,,150.000000,,7.000000,0.000000,53868773543494]
01-22 19:49:15.085  1749  1949 D OplusSmartBrightnessController: handleMessage MSG_LUX_CHANGED, mLux:16.390957 luxQueue=[16.390957, 16.390957, 16.390957, 16.390957, 16.390957, 16.390957, 16.390957, 16.390957, 16.390957, 16.390957]
01-22 19:49:15.279   954  1023 I sensors-hal-OriginChannel: wise light debug, data[2].type is 65627,data[2].sensor is 91:[96.000000,,125.000000,,7.000000,0.000000,53868973302581]
01-22 19:49:15.480   954  1023 I sensors-hal-OriginChannel: wise light debug, data[0].type is 65627,data[0].sensor is 91:[106.000000,,150.000000,,18.000000,0.000000,53869173511816]
01-22 19:49:15.586  3134  3554 D CommonScenarios-103-10305: transportLayerQosChange TransportLayerData{link_index=34, uid=10305, uplink_srtt=0, uplink_packets=0, uplink_retrans_packets=0, uplink_retrans_rate=0, downlink_srtt=0, downlink_packets=0, downlink_retrans_packets=0, downlink_retrans_rate=0, downlink_rate=0, uplink_udp_packets=0, downlink_udp_packets=0, uplink_tcp_rate=0, uplink_udp_rate=0, downlink_tcp_rate=0, downlink_udp_rate=0}
01-22 19:49:15.586  3134  3554 D CommonScenarios-103-10305: ActiveState process message 2
01-22 19:49:15.586  3134  3554 D CommonScenarios-103-10305: ActiveState EVENT_NETWORK_KPI_CHANGE
01-22 19:49:15.586  3134  3554 D CommonScenarios-103-10305: transport layer data is invalid
01-22 19:49:15.586  3134  3554 D CommonScenarios-103-10305: ActiveState EVENT_NETWORK_KPI_CHANGE score is invalid
01-22 19:49:15.680   954  1023 I sensors-hal-OriginChannel: wise light debug, data[3].type is 65627,data[3].sensor is 91:[116.000000,,200.000000,,6.000000,0.000000,53869373541931]
01-22 19:49:15.703 12246 20835 D ShellSubscriberWorkerThread: the first 8 bytes empty, and RestData length > 8 
01-22 19:49:15.879   954  1023 I sensors-hal-OriginChannel: wise light debug, data[2].type is 65627,data[2].sensor is 91:[114.000000,,50.000000,,4.000000,0.000000,53869573317701]
01-22 19:49:15.938  1749  3256 I OplusHansManager : uid=10272, pkg=com.tencent.mm F enter(), M stay=10
01-22 19:49:15.939  5354  5354 D IHansComunication: HANS sendMessageToKernel: threadId = 488029854896, netLinkSetup = 1, type = PKG, targetUid = 10272, pkgCmd = ADD_ONE_UID
01-22 19:49:15.948  1749  3256 I OplusHansManager : freeze uid: 10272 com.tencent.mm pids: [14268, 19149] scene: LcdOn
01-22 19:49:15.949  5354  5354 D IHansComunication: HANS sendMessageToKernel: threadId = 488029854896, netLinkSetup = 1, type = PKG, targetUid = 10272, pkgCmd = ADD_ONE_UID
01-22 19:49:15.949  1749  3261 I OplusHansManager : p_BC uid=10272 pkg=com.tencent.mm
01-22 19:49:15.950  1749  3261 I OplusBinderProxy: proxyBinder uid: 10272 pkg: com.tencent.mm proxy: true calling: OFreezer
01-22 19:49:16.079   954  1023 I sensors-hal-OriginChannel: wise light debug, data[2].type is 65627,data[2].sensor is 91:[105.000000,,150.000000,,4.000000,0.000000,53869773133080]
01-22 19:49:16.281   954  1023 I sensors-hal-OriginChannel: wise light debug, data[4].type is 65627,data[4].sensor is 91:[88.000000,,75.000000,,5.000000,0.000000,53869973477908]
01-22 19:49:16.395 10082 30975 E Oms-SDK.: [WearableApiManager]Service---->true
01-22 19:49:16.398  1749  2689 W ActivityManager: Unable to start service Intent { act=com.heytap.wearable.oms.SERVICE pkg=com.heytap.health mCallingUid=10099 } U=0: not found
01-22 19:49:16.481   954  1023 I sensors-hal-OriginChannel: wise light debug, data[2].type is 65627,data[2].sensor is 91:[86.000000,,150.000000,,5.000000,0.000000,53870173691801]
01-22 19:49:16.610  3134  3554 D CommonScenarios-103-10305: transportLayerQosChange TransportLayerData{link_index=34, uid=10305, uplink_srtt=0, uplink_packets=0, uplink_retrans_packets=0, uplink_retrans_rate=0, downlink_srtt=0, downlink_packets=0, downlink_retrans_packets=0, downlink_retrans_rate=0, downlink_rate=0, uplink_udp_packets=0, downlink_udp_packets=0, uplink_tcp_rate=0, uplink_udp_rate=0, downlink_tcp_rate=0, downlink_udp_rate=0}
01-22 19:49:16.610  3134  3554 D CommonScenarios-103-10305: ActiveState process message 2
01-22 19:49:16.610  3134  3554 D CommonScenarios-103-10305: ActiveState EVENT_NETWORK_KPI_CHANGE
01-22 19:49:16.610  3134  3554 D CommonScenarios-103-10305: transport layer data is invalid
01-22 19:49:16.610  3134  3554 D CommonScenarios-103-10305: ActiveState EVENT_NETWORK_KPI_CHANGE score is invalid
01-22 19:49:16.681   954  1023 I sensors-hal-OriginChannel: wise light debug, data[2].type is 65627,data[2].sensor is 91:[86.000000,,150.000000,,8.000000,0.000000,53870373542191]
01-22 19:49:16.881   954  1023 I sensors-hal-OriginChannel: wise light debug, data[3].type is 65627,data[3].sensor is 91:[87.000000,,150.000000,,5.000000,0.000000,53870573461071]
01-22 19:49:16.950  5354  5354 D IHansComunication: HANS sendMessageToKernel: threadId = 488029854896, netLinkSetup = 1, type = FROZEN_TRANS, targetUid = 10272, pkgCmd = PKG_CMD_MAX
01-22 19:49:17.079   954  1023 I sensors-hal-OriginChannel: wise light debug, data[2].type is 65627,data[2].sensor is 91:[88.000000,,200.000000,,5.000000,0.000000,53870773240749]
01-22 19:49:17.080  1086  4132 D SurfaceFlinger: captureDisplay from pid 1086 uid -1 display 4627039422300187648
01-22 19:49:17.281   954  1023 I sensors-hal-OriginChannel: wise light debug, data[2].type is 65627,data[2].sensor is 91:[88.000000,,175.000000,,5.000000,0.000000,53870973894182]
01-22 19:49:17.482   954  1023 I sensors-hal-OriginChannel: wise light debug, data[0].type is 65627,data[0].sensor is 91:[88.000000,,175.000000,,5.000000,0.000000,53871173549297]
01-22 19:49:17.633  3134  3554 D CommonScenarios-103-10305: transportLayerQosChange TransportLayerData{link_index=34, uid=10305, uplink_srtt=0, uplink_packets=0, uplink_retrans_packets=0, uplink_retrans_rate=0, downlink_srtt=0, downlink_packets=0, downlink_retrans_packets=0, downlink_retrans_rate=0, downlink_rate=0, uplink_udp_packets=0, downlink_udp_packets=0, uplink_tcp_rate=0, uplink_udp_rate=0, downlink_tcp_rate=0, downlink_udp_rate=0}
01-22 19:49:17.634  3134  3554 D CommonScenarios-103-10305: ActiveState process message 2
01-22 19:49:17.634  3134  3554 D CommonScenarios-103-10305: ActiveState EVENT_NETWORK_KPI_CHANGE
01-22 19:49:17.634  3134  3554 D CommonScenarios-103-10305: transport layer data is invalid
01-22 19:49:17.634  3134  3554 D CommonScenarios-103-10305: ActiveState EVENT_NETWORK_KPI_CHANGE score is invalid
01-22 19:49:17.656  2434  2434 I android.hardware.wifi@1.0-service-lazy: WifiCommand::requestResponse err=-14
01-22 19:49:17.656  2434  2434 I WifiHAL : wifi_get_link_stats: result=-1
01-22 19:49:17.657  1749  2331 E WifiStaIfaceHidlImpl: getLinkLayerStatsV1_5 failed with status: {.code = ERROR_UNKNOWN, .description = unknown}
01-22 19:49:17.679   954  1023 I sensors-hal-OriginChannel: wise light debug, data[3].type is 65627,data[3].sensor is 91:[88.000000,,175.000000,,5.000000,0.000000,53871373355469]
01-22 19:49:17.714  1086  1086 I BufferQueueProducer: [StatusBar#85](this:0xb400007e9a8508f8,id:-1,api:0,p:-1,c:1086) queueBuffer: fps=0.33 dur=3016.64 max=3016.64 min=3016.64
01-22 19:49:17.722 11326   728 I 11326PAS[16002042][381440b].HealthDataProvider_Travel: sportObserver onChange
01-22 19:49:17.880   954  1023 I sensors-hal-OriginChannel: wise light debug, data[2].type is 65627,data[2].sensor is 91:[89.000000,,200.000000,,8.000000,0.000000,53871573513254]
01-22 19:49:18.081   954  1023 I sensors-hal-OriginChannel: wise light debug, data[2].type is 65627,data[2].sensor is 91:[88.000000,,175.000000,,8.000000,0.000000,53871773322793]
01-22 19:49:18.279   954  1023 I sensors-hal-OriginChannel: wise light debug, data[4].type is 65627,data[4].sensor is 91:[87.000000,,175.000000,,5.000000,0.000000,53871973153851]
01-22 19:49:18.481   954  1023 I sensors-hal-OriginChannel: wise light debug, data[2].type is 65627,data[2].sensor is 91:[88.000000,,175.000000,,8.000000,0.000000,53872173528620]
01-22 19:49:18.658  3134  3554 D CommonScenarios-103-10305: transportLayerQosChange TransportLayerData{link_index=34, uid=10305, uplink_srtt=0, uplink_packets=0, uplink_retrans_packets=0, uplink_retrans_rate=0, downlink_srtt=0, downlink_packets=0, downlink_retrans_packets=0, downlink_retrans_rate=0, downlink_rate=0, uplink_udp_packets=0, downlink_udp_packets=0, uplink_tcp_rate=0, uplink_udp_rate=0, downlink_tcp_rate=0, downlink_udp_rate=0}
01-22 19:49:18.658  3134  3554 D CommonScenarios-103-10305: ActiveState process message 2
01-22 19:49:18.658  3134  3554 D CommonScenarios-103-10305: ActiveState EVENT_NETWORK_KPI_CHANGE
01-22 19:49:18.658  3134  3554 D CommonScenarios-103-10305: transport layer data is invalid
01-22 19:49:18.658  3134  3554 D CommonScenarios-103-10305: ActiveState EVENT_NETWORK_KPI_CHANGE score is invalid
01-22 19:49:18.680   954  1023 I sensors-hal-OriginChannel: wise light debug, data[2].type is 65627,data[2].sensor is 91:[87.000000,,150.000000,,5.000000,0.000000,53872373518514]
01-22 19:49:18.879   954  1023 I sensors-hal-OriginChannel: wise light debug, data[3].type is 65627,data[3].sensor is 91:[87.000000,,200.000000,,2.000000,0.000000,53872573518841]
01-22 19:49:19.081   954  1023 I sensors-hal-OriginChannel: wise light debug, data[2].type is 65627,data[2].sensor is 91:[87.000000,,175.000000,,5.000000,0.000000,53872773353606]
01-22 19:49:19.091   968   987 D power@timer: [mtkPowerTimer] visRead:0
01-22 19:49:19.281   954  1023 I sensors-hal-OriginChannel: wise light debug, data[2].type is 65627,data[2].sensor is 91:[87.000000,,200.000000,,5.000000,0.000000,53872973500991]
01-22 19:49:19.481   954  1023 I sensors-hal-OriginChannel: wise light debug, data[0].type is 65627,data[0].sensor is 91:[86.000000,,175.000000,,5.000000,0.000000,53873173312596]
01-22 19:49:19.484  1749  1947 I OplusSmartBrightnessController: deltaLux = 0.18899918, scale = 1.0
01-22 19:49:19.485  1749  1949 D OplusSmartBrightnessController: handleMessage MSG_LUX_CHANGED, mLux:16.201958 luxQueue=[16.201958, 16.201958, 16.201958, 16.201958, 16.201958, 16.201958, 16.201958, 16.201958, 16.201958, 16.201958, 16.201958, 16.201958]
01-22 19:49:19.680   954  1023 I sensors-hal-OriginChannel: wise light debug, data[4].type is 65627,data[4].sensor is 91:[93.000000,,125.000000,,21.000000,0.000000,53873373519687]
01-22 19:49:19.680  3134  3554 D CommonScenarios-103-10305: transportLayerQosChange TransportLayerData{link_index=34, uid=10305, uplink_srtt=0, uplink_packets=0, uplink_retrans_packets=0, uplink_retrans_rate=0, downlink_srtt=0, downlink_packets=0, downlink_retrans_packets=0, downlink_retrans_rate=0, downlink_rate=0, uplink_udp_packets=0, downlink_udp_packets=0, uplink_tcp_rate=0, uplink_udp_rate=0, downlink_tcp_rate=0, downlink_udp_rate=0}
01-22 19:49:19.681  3134  3554 D CommonScenarios-103-10305: ActiveState process message 2
01-22 19:49:19.681  3134  3554 D CommonScenarios-103-10305: ActiveState EVENT_NETWORK_KPI_CHANGE
01-22 19:49:19.681  3134  3554 D CommonScenarios-103-10305: transport layer data is invalid
01-22 19:49:19.681  3134  3554 D CommonScenarios-103-10305: ActiveState EVENT_NETWORK_KPI_CHANGE score is invalid
01-22 19:49:19.760   693   699 E android.system.suspend-service: Error opening kernel wakelock stats for: wakeup4 (../../devices/platform/odm/odm:oplus,ufcs_protocol/wakeup/wakeup4): Permission denied
01-22 19:49:19.766   693   699 E android.system.suspend-service: Error opening kernel wakelock stats for: wakeup180 (../../devices/platform/charger/power_supply/battery/wakeup180): Permission denied
